[2026-07-02T22:53:09.009+0000] {taskinstance.py:1956} INFO - Dependencies all met for dep_context=non-requeueable deps ti=<TaskInstance: churn_pipeline.retrain_and_predict_model scheduled__2026-07-02T22:48:00+00:00 [queued]>
[2026-07-02T22:53:09.021+0000] {taskinstance.py:1956} INFO - Dependencies all met for dep_context=requeueable deps ti=<TaskInstance: churn_pipeline.retrain_and_predict_model scheduled__2026-07-02T22:48:00+00:00 [queued]>
[2026-07-02T22:53:09.022+0000] {taskinstance.py:2170} INFO - Starting attempt 1 of 2
[2026-07-02T22:53:09.037+0000] {taskinstance.py:2191} INFO - Executing <Task(_PythonDecoratedOperator): retrain_and_predict_model> on 2026-07-02 22:48:00+00:00
[2026-07-02T22:53:09.061+0000] {standard_task_runner.py:60} INFO - Started process 4047 to run task
[2026-07-02T22:53:09.066+0000] {standard_task_runner.py:87} INFO - Running: ['airflow', 'tasks', 'run', 'churn_pipeline', 'retrain_and_predict_model', 'scheduled__2026-07-02T22:48:00+00:00', '--job-id', '90', '--raw', '--subdir', 'DAGS_FOLDER/churn_pipeline.py', '--cfg-path', '/tmp/tmprcx13kgc']
[2026-07-02T22:53:09.069+0000] {standard_task_runner.py:88} INFO - Job 90: Subtask retrain_and_predict_model
[2026-07-02T22:53:09.176+0000] {task_command.py:423} INFO - Running <TaskInstance: churn_pipeline.retrain_and_predict_model scheduled__2026-07-02T22:48:00+00:00 [running]> on host 6a33991eab85
[2026-07-02T22:53:09.294+0000] {taskinstance.py:2480} INFO - Exporting env vars: AIRFLOW_CTX_DAG_OWNER='airflow' AIRFLOW_CTX_DAG_ID='churn_pipeline' AIRFLOW_CTX_TASK_ID='retrain_and_predict_model' AIRFLOW_CTX_EXECUTION_DATE='2026-07-02T22:48:00+00:00' AIRFLOW_CTX_TRY_NUMBER='1' AIRFLOW_CTX_DAG_RUN_ID='scheduled__2026-07-02T22:48:00+00:00'
[2026-07-02T22:53:11.219+0000] {logging_mixin.py:188} WARNING - Downloading artifacts:   0%|          | 0/5 [00:00<?, ?it/s]
[2026-07-02T22:53:11.468+0000] {logging_mixin.py:188} WARNING - Downloading artifacts:  20%|##        | 1/5 [00:00<00:00,  4.04it/s]
[2026-07-02T22:53:11.468+0000] {logging_mixin.py:188} WARNING - Downloading artifacts:  20%|##        | 1/5 [00:00<00:00,  4.04it/s]
[2026-07-02T22:53:11.867+0000] {logging_mixin.py:188} WARNING - Downloading artifacts:  40%|####      | 2/5 [00:00<00:01,  2.97it/s]
[2026-07-02T22:53:11.868+0000] {logging_mixin.py:188} WARNING - Downloading artifacts:  40%|####      | 2/5 [00:00<00:01,  2.97it/s]
[2026-07-02T22:53:11.886+0000] {logging_mixin.py:188} WARNING - Downloading artifacts:  60%|######    | 3/5 [00:00<00:00,  2.97it/s]
[2026-07-02T22:53:11.914+0000] {logging_mixin.py:188} WARNING - Downloading artifacts:  80%|########  | 4/5 [00:00<00:00,  2.97it/s]
[2026-07-02T22:53:12.207+0000] {logging_mixin.py:188} WARNING - Downloading artifacts: 100%|##########| 5/5 [00:00<00:00,  5.66it/s]
[2026-07-02T22:53:12.207+0000] {logging_mixin.py:188} WARNING - Downloading artifacts: 100%|##########| 5/5 [00:00<00:00,  5.66it/s]
[2026-07-02T22:53:12.208+0000] {logging_mixin.py:188} WARNING - Downloading artifacts: 100%|##########| 5/5 [00:00<00:00,  5.06it/s]
[2026-07-02T22:53:12.747+0000] {logging_mixin.py:188} WARNING - 2026/07/02 22:53:12 WARNING mlflow.utils.git_utils: Failed to import Git (the Git executable is probably not on your PATH), so Git SHA is not available. Error: Failed to initialize: Bad git executable.
The git executable must be specified in one of the following ways:
    - be included in your $PATH
    - be set via $GIT_PYTHON_GIT_EXECUTABLE
    - explicitly set via git.refresh(<full-path-to-git-executable>)

All git commands will error until this is rectified.

This initial message can be silenced or aggravated in the future by setting the
$GIT_PYTHON_REFRESH environment variable. Use one of the following values:
    - quiet|q|silence|s|silent|none|n|0: for no message or exception
    - warn|w|warning|log|l|1: for a warning message (logging level CRITICAL, displayed by default)
    - error|e|exception|raise|r|2: for a raised exception

Example:
    export GIT_PYTHON_REFRESH=quiet
[2026-07-02T22:53:15.512+0000] {logging_mixin.py:188} WARNING - 2026/07/02 22:53:15 INFO mlflow.tracking._tracking_service.client: 🏃 View run sedate-robin-4 at: https://dagshub.com/Spengian/churn---prediction.mlflow/#/experiments/0/runs/e1071207d17e4d85b068378974d92ac6.
[2026-07-02T22:53:15.513+0000] {logging_mixin.py:188} WARNING - 2026/07/02 22:53:15 INFO mlflow.tracking._tracking_service.client: 🧪 View experiment at: https://dagshub.com/Spengian/churn---prediction.mlflow/#/experiments/0.
[2026-07-02T22:53:15.805+0000] {taskinstance.py:2698} ERROR - Task failed with exception
Traceback (most recent call last):
  File "/home/airflow/.local/lib/python3.8/site-packages/airflow/models/taskinstance.py", line 433, in _execute_task
    result = execute_callable(context=context, **execute_callable_kwargs)
  File "/home/airflow/.local/lib/python3.8/site-packages/airflow/decorators/base.py", line 241, in execute
    return_value = super().execute(context)
  File "/home/airflow/.local/lib/python3.8/site-packages/airflow/operators/python.py", line 199, in execute
    return_value = self.execute_callable()
  File "/home/airflow/.local/lib/python3.8/site-packages/airflow/operators/python.py", line 216, in execute_callable
    return self.python_callable(*self.op_args, **self.op_kwargs)
  File "/opt/airflow/dags/churn_pipeline.py", line 83, in retrain_and_predict_model
    train_logloss = results['validation_0']['logloss']  # train
UnboundLocalError: local variable 'results' referenced before assignment
[2026-07-02T22:53:15.898+0000] {taskinstance.py:1138} INFO - Marking task as UP_FOR_RETRY. dag_id=churn_pipeline, task_id=retrain_and_predict_model, execution_date=20260702T224800, start_date=20260702T225309, end_date=20260702T225315
[2026-07-02T22:53:15.943+0000] {standard_task_runner.py:107} ERROR - Failed to execute job 90 for task retrain_and_predict_model (local variable 'results' referenced before assignment; 4047)
[2026-07-02T22:53:16.008+0000] {local_task_job_runner.py:234} INFO - Task exited with return code 1
[2026-07-02T22:53:16.039+0000] {taskinstance.py:3280} INFO - 0 downstream tasks scheduled from follow-on schedule check
