[2026-07-02T22:49:13.445+0000] {taskinstance.py:1956} INFO - Dependencies all met for dep_context=non-requeueable deps ti=<TaskInstance: churn_pipeline.retrain_and_predict_model scheduled__2026-07-02T22:45:00+00:00 [queued]>
[2026-07-02T22:49:13.454+0000] {taskinstance.py:1956} INFO - Dependencies all met for dep_context=requeueable deps ti=<TaskInstance: churn_pipeline.retrain_and_predict_model scheduled__2026-07-02T22:45:00+00:00 [queued]>
[2026-07-02T22:49:13.455+0000] {taskinstance.py:2170} INFO - Starting attempt 1 of 2
[2026-07-02T22:49:13.469+0000] {taskinstance.py:2191} INFO - Executing <Task(_PythonDecoratedOperator): retrain_and_predict_model> on 2026-07-02 22:45:00+00:00
[2026-07-02T22:49:13.493+0000] {standard_task_runner.py:60} INFO - Started process 3705 to run task
[2026-07-02T22:49:13.496+0000] {standard_task_runner.py:87} INFO - Running: ['airflow', 'tasks', 'run', 'churn_pipeline', 'retrain_and_predict_model', 'scheduled__2026-07-02T22:45:00+00:00', '--job-id', '82', '--raw', '--subdir', 'DAGS_FOLDER/churn_pipeline.py', '--cfg-path', '/tmp/tmpumyftxsh']
[2026-07-02T22:49:13.501+0000] {standard_task_runner.py:88} INFO - Job 82: Subtask retrain_and_predict_model
[2026-07-02T22:49:13.606+0000] {task_command.py:423} INFO - Running <TaskInstance: churn_pipeline.retrain_and_predict_model scheduled__2026-07-02T22:45:00+00:00 [running]> on host 6a33991eab85
[2026-07-02T22:49:13.764+0000] {taskinstance.py:2480} INFO - Exporting env vars: AIRFLOW_CTX_DAG_OWNER='airflow' AIRFLOW_CTX_DAG_ID='churn_pipeline' AIRFLOW_CTX_TASK_ID='retrain_and_predict_model' AIRFLOW_CTX_EXECUTION_DATE='2026-07-02T22:45:00+00:00' AIRFLOW_CTX_TRY_NUMBER='1' AIRFLOW_CTX_DAG_RUN_ID='scheduled__2026-07-02T22:45:00+00:00'
[2026-07-02T22:49:16.198+0000] {logging_mixin.py:188} WARNING - Downloading artifacts:   0%|          | 0/5 [00:00<?, ?it/s]
[2026-07-02T22:49:16.466+0000] {logging_mixin.py:188} WARNING - Downloading artifacts:  20%|##        | 1/5 [00:00<00:01,  3.74it/s]
[2026-07-02T22:49:16.467+0000] {logging_mixin.py:188} WARNING - Downloading artifacts:  20%|##        | 1/5 [00:00<00:01,  3.74it/s]
[2026-07-02T22:49:16.882+0000] {logging_mixin.py:188} WARNING - Downloading artifacts:  40%|####      | 2/5 [00:00<00:01,  2.82it/s]
[2026-07-02T22:49:16.883+0000] {logging_mixin.py:188} WARNING - Downloading artifacts:  40%|####      | 2/5 [00:00<00:01,  2.82it/s]
[2026-07-02T22:49:16.892+0000] {logging_mixin.py:188} WARNING - Downloading artifacts:  60%|######    | 3/5 [00:00<00:00,  2.82it/s]
[2026-07-02T22:49:16.925+0000] {logging_mixin.py:188} WARNING - Downloading artifacts:  80%|########  | 4/5 [00:00<00:00,  2.82it/s]
[2026-07-02T22:49:17.198+0000] {logging_mixin.py:188} WARNING - Downloading artifacts: 100%|##########| 5/5 [00:00<00:00,  5.68it/s]
[2026-07-02T22:49:17.199+0000] {logging_mixin.py:188} WARNING - Downloading artifacts: 100%|##########| 5/5 [00:01<00:00,  5.68it/s]
[2026-07-02T22:49:17.200+0000] {logging_mixin.py:188} WARNING - Downloading artifacts: 100%|##########| 5/5 [00:01<00:00,  4.99it/s]
[2026-07-02T22:49:17.881+0000] {logging_mixin.py:188} WARNING - 2026/07/02 22:49:17 WARNING mlflow.utils.git_utils: Failed to import Git (the Git executable is probably not on your PATH), so Git SHA is not available. Error: Failed to initialize: Bad git executable.
The git executable must be specified in one of the following ways:
    - be included in your $PATH
    - be set via $GIT_PYTHON_GIT_EXECUTABLE
    - explicitly set via git.refresh(<full-path-to-git-executable>)

All git commands will error until this is rectified.

This initial message can be silenced or aggravated in the future by setting the
$GIT_PYTHON_REFRESH environment variable. Use one of the following values:
    - quiet|q|silence|s|silent|none|n|0: for no message or exception
    - warn|w|warning|log|l|1: for a warning message (logging level CRITICAL, displayed by default)
    - error|e|exception|raise|r|2: for a raised exception

Example:
    export GIT_PYTHON_REFRESH=quiet
[2026-07-02T22:49:19.670+0000] {logging_mixin.py:188} WARNING - /home/airflow/.local/lib/python3.8/site-packages/xgboost/core.py:158 UserWarning: [22:49:19] WARNING: /workspace/src/c_api/c_api.cc:1374: Saving model in the UBJSON format as default.  You can use file extension: `json`, `ubj` or `deprecated` to choose between formats.
[2026-07-02T22:49:28.773+0000] {logging_mixin.py:188} WARNING - 2026/07/02 22:49:28 WARNING mlflow.models.model: Model logged without a signature and input ***. Please set `input_***` parameter when logging the model to auto infer the model signature.
[2026-07-02T22:49:31.280+0000] {logging_mixin.py:188} WARNING - 2026/07/02 22:49:31 INFO mlflow.tracking._tracking_service.client: 🏃 View run respected-swan-13 at: https://dagshub.com/Spengian/churn---prediction.mlflow/#/experiments/0/runs/e145f74428474c9895164db79692b4a4.
[2026-07-02T22:49:31.280+0000] {logging_mixin.py:188} WARNING - 2026/07/02 22:49:31 INFO mlflow.tracking._tracking_service.client: 🧪 View experiment at: https://dagshub.com/Spengian/churn---prediction.mlflow/#/experiments/0.
[2026-07-02T22:49:31.636+0000] {python.py:201} INFO - Done. Returned value was: None
[2026-07-02T22:49:31.726+0000] {taskinstance.py:1138} INFO - Marking task as SUCCESS. dag_id=churn_pipeline, task_id=retrain_and_predict_model, execution_date=20260702T224500, start_date=20260702T224913, end_date=20260702T224931
[2026-07-02T22:49:32.001+0000] {local_task_job_runner.py:234} INFO - Task exited with return code 0
[2026-07-02T22:49:32.390+0000] {taskinstance.py:3280} INFO - 1 downstream tasks scheduled from follow-on schedule check
