[2026-07-02T22:58:24.848+0000] {taskinstance.py:1956} INFO - Dependencies all met for dep_context=non-requeueable deps ti=<TaskInstance: churn_pipeline.retrain_and_predict_model scheduled__2026-07-02T22:54:00+00:00 [queued]>
[2026-07-02T22:58:24.858+0000] {taskinstance.py:1956} INFO - Dependencies all met for dep_context=requeueable deps ti=<TaskInstance: churn_pipeline.retrain_and_predict_model scheduled__2026-07-02T22:54:00+00:00 [queued]>
[2026-07-02T22:58:24.859+0000] {taskinstance.py:2170} INFO - Starting attempt 1 of 2
[2026-07-02T22:58:24.873+0000] {taskinstance.py:2191} INFO - Executing <Task(_PythonDecoratedOperator): retrain_and_predict_model> on 2026-07-02 22:54:00+00:00
[2026-07-02T22:58:24.897+0000] {standard_task_runner.py:60} INFO - Started process 4587 to run task
[2026-07-02T22:58:24.901+0000] {standard_task_runner.py:87} INFO - Running: ['airflow', 'tasks', 'run', 'churn_pipeline', 'retrain_and_predict_model', 'scheduled__2026-07-02T22:54:00+00:00', '--job-id', '104', '--raw', '--subdir', 'DAGS_FOLDER/churn_pipeline.py', '--cfg-path', '/tmp/tmpaxdbsyhx']
[2026-07-02T22:58:24.904+0000] {standard_task_runner.py:88} INFO - Job 104: Subtask retrain_and_predict_model
[2026-07-02T22:58:24.993+0000] {task_command.py:423} INFO - Running <TaskInstance: churn_pipeline.retrain_and_predict_model scheduled__2026-07-02T22:54:00+00:00 [running]> on host 6a33991eab85
[2026-07-02T22:58:25.096+0000] {taskinstance.py:2480} INFO - Exporting env vars: AIRFLOW_CTX_DAG_OWNER='airflow' AIRFLOW_CTX_DAG_ID='churn_pipeline' AIRFLOW_CTX_TASK_ID='retrain_and_predict_model' AIRFLOW_CTX_EXECUTION_DATE='2026-07-02T22:54:00+00:00' AIRFLOW_CTX_TRY_NUMBER='1' AIRFLOW_CTX_DAG_RUN_ID='scheduled__2026-07-02T22:54:00+00:00'
[2026-07-02T22:58:26.986+0000] {logging_mixin.py:188} WARNING - Downloading artifacts:   0%|          | 0/5 [00:00<?, ?it/s]
[2026-07-02T22:58:27.254+0000] {logging_mixin.py:188} WARNING - Downloading artifacts:  20%|##        | 1/5 [00:00<00:01,  3.74it/s]
[2026-07-02T22:58:27.255+0000] {logging_mixin.py:188} WARNING - Downloading artifacts:  20%|##        | 1/5 [00:00<00:01,  3.74it/s]
[2026-07-02T22:58:27.669+0000] {logging_mixin.py:188} WARNING - Downloading artifacts:  40%|####      | 2/5 [00:00<00:01,  2.82it/s]
[2026-07-02T22:58:27.670+0000] {logging_mixin.py:188} WARNING - Downloading artifacts:  40%|####      | 2/5 [00:00<00:01,  2.82it/s]
[2026-07-02T22:58:27.695+0000] {logging_mixin.py:188} WARNING - Downloading artifacts:  60%|######    | 3/5 [00:00<00:00,  2.82it/s]
[2026-07-02T22:58:27.712+0000] {logging_mixin.py:188} WARNING - Downloading artifacts:  80%|########  | 4/5 [00:00<00:00,  2.82it/s]
[2026-07-02T22:58:27.888+0000] {logging_mixin.py:188} WARNING - Downloading artifacts: 100%|##########| 5/5 [00:00<00:00,  6.54it/s]
[2026-07-02T22:58:27.889+0000] {logging_mixin.py:188} WARNING - Downloading artifacts: 100%|##########| 5/5 [00:00<00:00,  6.54it/s]
[2026-07-02T22:58:27.890+0000] {logging_mixin.py:188} WARNING - Downloading artifacts: 100%|##########| 5/5 [00:00<00:00,  5.54it/s]
[2026-07-02T22:58:28.783+0000] {logging_mixin.py:188} WARNING - 2026/07/02 22:58:28 WARNING mlflow.utils.git_utils: Failed to import Git (the Git executable is probably not on your PATH), so Git SHA is not available. Error: Failed to initialize: Bad git executable.
The git executable must be specified in one of the following ways:
    - be included in your $PATH
    - be set via $GIT_PYTHON_GIT_EXECUTABLE
    - explicitly set via git.refresh(<full-path-to-git-executable>)

All git commands will error until this is rectified.

This initial message can be silenced or aggravated in the future by setting the
$GIT_PYTHON_REFRESH environment variable. Use one of the following values:
    - quiet|q|silence|s|silent|none|n|0: for no message or exception
    - warn|w|warning|log|l|1: for a warning message (logging level CRITICAL, displayed by default)
    - error|e|exception|raise|r|2: for a raised exception

Example:
    export GIT_PYTHON_REFRESH=quiet
[2026-07-02T23:04:58.883+0000] {logging_mixin.py:188} WARNING - /home/airflow/.local/lib/python3.8/site-packages/xgboost/core.py:158 UserWarning: [23:04:58] WARNING: /workspace/src/c_api/c_api.cc:1374: Saving model in the UBJSON format as default.  You can use file extension: `json`, `ubj` or `deprecated` to choose between formats.
[2026-07-02T23:05:09.919+0000] {logging_mixin.py:188} WARNING - 2026/07/02 23:05:09 WARNING mlflow.models.model: Model logged without a signature and input ***. Please set `input_***` parameter when logging the model to auto infer the model signature.
[2026-07-02T23:05:12.736+0000] {logging_mixin.py:188} WARNING - 2026/07/02 23:05:12 INFO mlflow.tracking._tracking_service.client: 🏃 View run unique-vole-989 at: https://dagshub.com/Spengian/churn---prediction.mlflow/#/experiments/0/runs/1484574d86d04524873705cb83997320.
[2026-07-02T23:05:12.737+0000] {logging_mixin.py:188} WARNING - 2026/07/02 23:05:12 INFO mlflow.tracking._tracking_service.client: 🧪 View experiment at: https://dagshub.com/Spengian/churn---prediction.mlflow/#/experiments/0.
[2026-07-02T23:05:13.596+0000] {python.py:201} INFO - Done. Returned value was: None
[2026-07-02T23:05:13.766+0000] {taskinstance.py:1138} INFO - Marking task as SUCCESS. dag_id=churn_pipeline, task_id=retrain_and_predict_model, execution_date=20260702T225400, start_date=20260702T225824, end_date=20260702T230513
[2026-07-02T23:05:14.045+0000] {local_task_job_runner.py:234} INFO - Task exited with return code 0
[2026-07-02T23:05:14.391+0000] {taskinstance.py:3280} INFO - 1 downstream tasks scheduled from follow-on schedule check
