[2026-07-02T22:45:47.598+0000] {taskinstance.py:1956} INFO - Dependencies all met for dep_context=non-requeueable deps ti=<TaskInstance: churn_pipeline.retrain_and_predict_model scheduled__2026-07-02T22:42:00+00:00 [queued]>
[2026-07-02T22:45:47.608+0000] {taskinstance.py:1956} INFO - Dependencies all met for dep_context=requeueable deps ti=<TaskInstance: churn_pipeline.retrain_and_predict_model scheduled__2026-07-02T22:42:00+00:00 [queued]>
[2026-07-02T22:45:47.609+0000] {taskinstance.py:2170} INFO - Starting attempt 1 of 2
[2026-07-02T22:45:47.624+0000] {taskinstance.py:2191} INFO - Executing <Task(_PythonDecoratedOperator): retrain_and_predict_model> on 2026-07-02 22:42:00+00:00
[2026-07-02T22:45:47.642+0000] {standard_task_runner.py:60} INFO - Started process 3454 to run task
[2026-07-02T22:45:47.649+0000] {standard_task_runner.py:87} INFO - Running: ['airflow', 'tasks', 'run', 'churn_pipeline', 'retrain_and_predict_model', 'scheduled__2026-07-02T22:42:00+00:00', '--job-id', '77', '--raw', '--subdir', 'DAGS_FOLDER/churn_pipeline.py', '--cfg-path', '/tmp/tmp64g8bv2w']
[2026-07-02T22:45:47.653+0000] {standard_task_runner.py:88} INFO - Job 77: Subtask retrain_and_predict_model
[2026-07-02T22:45:47.751+0000] {task_command.py:423} INFO - Running <TaskInstance: churn_pipeline.retrain_and_predict_model scheduled__2026-07-02T22:42:00+00:00 [running]> on host 6a33991eab85
[2026-07-02T22:45:47.875+0000] {taskinstance.py:2480} INFO - Exporting env vars: AIRFLOW_CTX_DAG_OWNER='airflow' AIRFLOW_CTX_DAG_ID='churn_pipeline' AIRFLOW_CTX_TASK_ID='retrain_and_predict_model' AIRFLOW_CTX_EXECUTION_DATE='2026-07-02T22:42:00+00:00' AIRFLOW_CTX_TRY_NUMBER='1' AIRFLOW_CTX_DAG_RUN_ID='scheduled__2026-07-02T22:42:00+00:00'
[2026-07-02T22:45:49.658+0000] {logging_mixin.py:188} WARNING - Downloading artifacts:   0%|          | 0/5 [00:00<?, ?it/s]
[2026-07-02T22:45:49.935+0000] {logging_mixin.py:188} WARNING - Downloading artifacts:  20%|##        | 1/5 [00:00<00:01,  3.64it/s]
[2026-07-02T22:45:49.935+0000] {logging_mixin.py:188} WARNING - Downloading artifacts:  20%|##        | 1/5 [00:00<00:01,  3.64it/s]
[2026-07-02T22:45:50.339+0000] {logging_mixin.py:188} WARNING - Downloading artifacts:  40%|####      | 2/5 [00:00<00:01,  2.85it/s]
[2026-07-02T22:45:50.340+0000] {logging_mixin.py:188} WARNING - Downloading artifacts:  40%|####      | 2/5 [00:00<00:01,  2.85it/s]
[2026-07-02T22:45:50.357+0000] {logging_mixin.py:188} WARNING - Downloading artifacts:  60%|######    | 3/5 [00:00<00:00,  2.85it/s]
[2026-07-02T22:45:50.365+0000] {logging_mixin.py:188} WARNING - Downloading artifacts:  80%|########  | 4/5 [00:00<00:00,  2.85it/s]
[2026-07-02T22:45:50.646+0000] {logging_mixin.py:188} WARNING - Downloading artifacts: 100%|##########| 5/5 [00:00<00:00,  5.78it/s]
[2026-07-02T22:45:50.647+0000] {logging_mixin.py:188} WARNING - Downloading artifacts: 100%|##########| 5/5 [00:00<00:00,  5.78it/s]
[2026-07-02T22:45:50.647+0000] {logging_mixin.py:188} WARNING - Downloading artifacts: 100%|##########| 5/5 [00:00<00:00,  5.06it/s]
[2026-07-02T22:45:50.935+0000] {logging_mixin.py:188} WARNING - 2026/07/02 22:45:50 WARNING mlflow.utils.git_utils: Failed to import Git (the Git executable is probably not on your PATH), so Git SHA is not available. Error: Failed to initialize: Bad git executable.
The git executable must be specified in one of the following ways:
    - be included in your $PATH
    - be set via $GIT_PYTHON_GIT_EXECUTABLE
    - explicitly set via git.refresh(<full-path-to-git-executable>)

All git commands will error until this is rectified.

This initial message can be silenced or aggravated in the future by setting the
$GIT_PYTHON_REFRESH environment variable. Use one of the following values:
    - quiet|q|silence|s|silent|none|n|0: for no message or exception
    - warn|w|warning|log|l|1: for a warning message (logging level CRITICAL, displayed by default)
    - error|e|exception|raise|r|2: for a raised exception

Example:
    export GIT_PYTHON_REFRESH=quiet
[2026-07-02T22:45:52.924+0000] {logging_mixin.py:188} WARNING - /home/airflow/.local/lib/python3.8/site-packages/xgboost/core.py:158 UserWarning: [22:45:52] WARNING: /workspace/src/c_api/c_api.cc:1374: Saving model in the UBJSON format as default.  You can use file extension: `json`, `ubj` or `deprecated` to choose between formats.
[2026-07-02T22:45:56.928+0000] {logging_mixin.py:188} WARNING - 2026/07/02 22:45:56 WARNING mlflow.models.model: Model logged without a signature and input ***. Please set `input_***` parameter when logging the model to auto infer the model signature.
[2026-07-02T22:45:59.376+0000] {logging_mixin.py:188} WARNING - 2026/07/02 22:45:59 INFO mlflow.tracking._tracking_service.client: 🏃 View run bedecked-bat-739 at: https://dagshub.com/Spengian/churn---prediction.mlflow/#/experiments/0/runs/df09e2e9de4a48a18f36e9709db64fd4.
[2026-07-02T22:45:59.377+0000] {logging_mixin.py:188} WARNING - 2026/07/02 22:45:59 INFO mlflow.tracking._tracking_service.client: 🧪 View experiment at: https://dagshub.com/Spengian/churn---prediction.mlflow/#/experiments/0.
[2026-07-02T22:45:59.631+0000] {python.py:201} INFO - Done. Returned value was: None
[2026-07-02T22:45:59.648+0000] {taskinstance.py:1138} INFO - Marking task as SUCCESS. dag_id=churn_pipeline, task_id=retrain_and_predict_model, execution_date=20260702T224200, start_date=20260702T224547, end_date=20260702T224559
[2026-07-02T22:45:59.739+0000] {local_task_job_runner.py:234} INFO - Task exited with return code 0
[2026-07-02T22:45:59.792+0000] {taskinstance.py:3280} INFO - 1 downstream tasks scheduled from follow-on schedule check
