[2026-07-02T22:44:01.681+0000] {taskinstance.py:1956} INFO - Dependencies all met for dep_context=non-requeueable deps ti=<TaskInstance: churn_pipeline.retrain_and_predict_model manual__2026-07-02T22:42:09.913285+00:00 [queued]>
[2026-07-02T22:44:01.696+0000] {taskinstance.py:1956} INFO - Dependencies all met for dep_context=requeueable deps ti=<TaskInstance: churn_pipeline.retrain_and_predict_model manual__2026-07-02T22:42:09.913285+00:00 [queued]>
[2026-07-02T22:44:01.697+0000] {taskinstance.py:2170} INFO - Starting attempt 1 of 2
[2026-07-02T22:44:01.714+0000] {taskinstance.py:2191} INFO - Executing <Task(_PythonDecoratedOperator): retrain_and_predict_model> on 2026-07-02 22:42:09.913285+00:00
[2026-07-02T22:44:01.768+0000] {standard_task_runner.py:60} INFO - Started process 3203 to run task
[2026-07-02T22:44:01.774+0000] {standard_task_runner.py:87} INFO - Running: ['airflow', 'tasks', 'run', 'churn_pipeline', 'retrain_and_predict_model', 'manual__2026-07-02T22:42:09.913285+00:00', '--job-id', '71', '--raw', '--subdir', 'DAGS_FOLDER/churn_pipeline.py', '--cfg-path', '/tmp/tmpsmasjkp8']
[2026-07-02T22:44:01.780+0000] {standard_task_runner.py:88} INFO - Job 71: Subtask retrain_and_predict_model
[2026-07-02T22:44:02.020+0000] {task_command.py:423} INFO - Running <TaskInstance: churn_pipeline.retrain_and_predict_model manual__2026-07-02T22:42:09.913285+00:00 [running]> on host 6a33991eab85
[2026-07-02T22:44:02.290+0000] {taskinstance.py:2480} INFO - Exporting env vars: AIRFLOW_CTX_DAG_OWNER='airflow' AIRFLOW_CTX_DAG_ID='churn_pipeline' AIRFLOW_CTX_TASK_ID='retrain_and_predict_model' AIRFLOW_CTX_EXECUTION_DATE='2026-07-02T22:42:09.913285+00:00' AIRFLOW_CTX_TRY_NUMBER='1' AIRFLOW_CTX_DAG_RUN_ID='manual__2026-07-02T22:42:09.913285+00:00'
[2026-07-02T22:44:04.930+0000] {logging_mixin.py:188} WARNING - Downloading artifacts:   0%|          | 0/5 [00:00<?, ?it/s]
[2026-07-02T22:44:05.197+0000] {logging_mixin.py:188} WARNING - Downloading artifacts:  20%|##        | 1/5 [00:00<00:01,  3.76it/s]
[2026-07-02T22:44:05.198+0000] {logging_mixin.py:188} WARNING - Downloading artifacts:  20%|##        | 1/5 [00:00<00:01,  3.76it/s]
[2026-07-02T22:44:05.648+0000] {logging_mixin.py:188} WARNING - Downloading artifacts:  40%|####      | 2/5 [00:00<00:01,  2.67it/s]
[2026-07-02T22:44:05.648+0000] {logging_mixin.py:188} WARNING - Downloading artifacts:  40%|####      | 2/5 [00:00<00:01,  2.67it/s]
[2026-07-02T22:44:05.664+0000] {logging_mixin.py:188} WARNING - Downloading artifacts:  60%|######    | 3/5 [00:00<00:00,  2.67it/s]
[2026-07-02T22:44:05.694+0000] {logging_mixin.py:188} WARNING - Downloading artifacts:  80%|########  | 4/5 [00:00<00:00,  2.67it/s]
[2026-07-02T22:44:05.713+0000] {logging_mixin.py:188} WARNING - Downloading artifacts: 100%|##########| 5/5 [00:00<00:00,  2.67it/s]
[2026-07-02T22:44:05.713+0000] {logging_mixin.py:188} WARNING - Downloading artifacts: 100%|##########| 5/5 [00:00<00:00,  6.39it/s]
[2026-07-02T22:44:06.143+0000] {logging_mixin.py:188} WARNING - 2026/07/02 22:44:06 WARNING mlflow.utils.git_utils: Failed to import Git (the Git executable is probably not on your PATH), so Git SHA is not available. Error: Failed to initialize: Bad git executable.
The git executable must be specified in one of the following ways:
    - be included in your $PATH
    - be set via $GIT_PYTHON_GIT_EXECUTABLE
    - explicitly set via git.refresh(<full-path-to-git-executable>)

All git commands will error until this is rectified.

This initial message can be silenced or aggravated in the future by setting the
$GIT_PYTHON_REFRESH environment variable. Use one of the following values:
    - quiet|q|silence|s|silent|none|n|0: for no message or exception
    - warn|w|warning|log|l|1: for a warning message (logging level CRITICAL, displayed by default)
    - error|e|exception|raise|r|2: for a raised exception

Example:
    export GIT_PYTHON_REFRESH=quiet
[2026-07-02T22:44:08.124+0000] {logging_mixin.py:188} WARNING - /home/airflow/.local/lib/python3.8/site-packages/xgboost/core.py:158 UserWarning: [22:44:08] WARNING: /workspace/src/c_api/c_api.cc:1374: Saving model in the UBJSON format as default.  You can use file extension: `json`, `ubj` or `deprecated` to choose between formats.
[2026-07-02T22:44:16.216+0000] {logging_mixin.py:188} WARNING - 2026/07/02 22:44:16 WARNING mlflow.models.model: Model logged without a signature and input ***. Please set `input_***` parameter when logging the model to auto infer the model signature.
[2026-07-02T22:44:18.992+0000] {logging_mixin.py:188} WARNING - 2026/07/02 22:44:18 INFO mlflow.tracking._tracking_service.client: 🏃 View run skillful-mule-964 at: https://dagshub.com/Spengian/churn---prediction.mlflow/#/experiments/0/runs/b24f0e457a6d459b9d4c8e63718cc599.
[2026-07-02T22:44:18.993+0000] {logging_mixin.py:188} WARNING - 2026/07/02 22:44:18 INFO mlflow.tracking._tracking_service.client: 🧪 View experiment at: https://dagshub.com/Spengian/churn---prediction.mlflow/#/experiments/0.
[2026-07-02T22:44:19.299+0000] {python.py:201} INFO - Done. Returned value was: None
[2026-07-02T22:44:19.332+0000] {taskinstance.py:1138} INFO - Marking task as SUCCESS. dag_id=churn_pipeline, task_id=retrain_and_predict_model, execution_date=20260702T224209, start_date=20260702T224401, end_date=20260702T224419
[2026-07-02T22:44:19.447+0000] {local_task_job_runner.py:234} INFO - Task exited with return code 0
[2026-07-02T22:44:19.511+0000] {taskinstance.py:3280} INFO - 1 downstream tasks scheduled from follow-on schedule check
