[2026-07-02T22:18:48.981+0000] {taskinstance.py:1956} INFO - Dependencies all met for dep_context=non-requeueable deps ti=<TaskInstance: churn_pipeline.retrain_and_predict_model manual__2026-07-02T22:12:16.107817+00:00 [queued]>
[2026-07-02T22:18:48.990+0000] {taskinstance.py:1956} INFO - Dependencies all met for dep_context=requeueable deps ti=<TaskInstance: churn_pipeline.retrain_and_predict_model manual__2026-07-02T22:12:16.107817+00:00 [queued]>
[2026-07-02T22:18:48.990+0000] {taskinstance.py:2170} INFO - Starting attempt 2 of 2
[2026-07-02T22:18:49.003+0000] {taskinstance.py:2191} INFO - Executing <Task(_PythonDecoratedOperator): retrain_and_predict_model> on 2026-07-02 22:12:16.107817+00:00
[2026-07-02T22:18:49.019+0000] {standard_task_runner.py:60} INFO - Started process 713 to run task
[2026-07-02T22:18:49.024+0000] {standard_task_runner.py:87} INFO - Running: ['airflow', 'tasks', 'run', 'churn_pipeline', 'retrain_and_predict_model', 'manual__2026-07-02T22:12:16.107817+00:00', '--job-id', '18', '--raw', '--subdir', 'DAGS_FOLDER/churn_pipeline.py', '--cfg-path', '/tmp/tmp892urqax']
[2026-07-02T22:18:49.027+0000] {standard_task_runner.py:88} INFO - Job 18: Subtask retrain_and_predict_model
[2026-07-02T22:18:49.106+0000] {task_command.py:423} INFO - Running <TaskInstance: churn_pipeline.retrain_and_predict_model manual__2026-07-02T22:12:16.107817+00:00 [running]> on host 6a33991eab85
[2026-07-02T22:18:49.207+0000] {taskinstance.py:2480} INFO - Exporting env vars: AIRFLOW_CTX_DAG_OWNER='airflow' AIRFLOW_CTX_DAG_ID='churn_pipeline' AIRFLOW_CTX_TASK_ID='retrain_and_predict_model' AIRFLOW_CTX_EXECUTION_DATE='2026-07-02T22:12:16.107817+00:00' AIRFLOW_CTX_TRY_NUMBER='2' AIRFLOW_CTX_DAG_RUN_ID='manual__2026-07-02T22:12:16.107817+00:00'
[2026-07-02T22:18:49.299+0000] {taskinstance.py:2698} ERROR - Task failed with exception
Traceback (most recent call last):
  File "/home/airflow/.local/lib/python3.8/site-packages/airflow/models/taskinstance.py", line 433, in _execute_task
    result = execute_callable(context=context, **execute_callable_kwargs)
  File "/home/airflow/.local/lib/python3.8/site-packages/airflow/decorators/base.py", line 241, in execute
    return_value = super().execute(context)
  File "/home/airflow/.local/lib/python3.8/site-packages/airflow/operators/python.py", line 199, in execute
    return_value = self.execute_callable()
  File "/home/airflow/.local/lib/python3.8/site-packages/airflow/operators/python.py", line 216, in execute_callable
    return self.python_callable(*self.op_args, **self.op_kwargs)
  File "/opt/airflow/dags/churn_pipeline.py", line 68, in retrain_and_predict_model
    scaler = joblib.load('/opt/airflow/project/models/scaler.pkl')
  File "/home/airflow/.local/lib/python3.8/site-packages/joblib/numpy_pickle.py", line 658, in load
    obj = _unpickle(fobj, filename, mmap_mode)
  File "/home/airflow/.local/lib/python3.8/site-packages/joblib/numpy_pickle.py", line 577, in _unpickle
    obj = unpickler.load()
  File "/usr/local/lib/python3.8/pickle.py", line 1212, in load
    dispatch[key[0]](self)
  File "/usr/local/lib/python3.8/pickle.py", line 1537, in load_stack_global
    self.append(self.find_class(module, name))
  File "/usr/local/lib/python3.8/pickle.py", line 1579, in find_class
    __import__(module, level=0)
ModuleNotFoundError: No module named 'numpy._core'
[2026-07-02T22:18:49.316+0000] {taskinstance.py:1138} INFO - Marking task as FAILED. dag_id=churn_pipeline, task_id=retrain_and_predict_model, execution_date=20260702T221216, start_date=20260702T221848, end_date=20260702T221849
[2026-07-02T22:18:49.327+0000] {standard_task_runner.py:107} ERROR - Failed to execute job 18 for task retrain_and_predict_model (No module named 'numpy._core'; 713)
[2026-07-02T22:18:49.358+0000] {local_task_job_runner.py:234} INFO - Task exited with return code 1
[2026-07-02T22:18:49.387+0000] {taskinstance.py:3280} INFO - 0 downstream tasks scheduled from follow-on schedule check
