[2026-07-02T22:10:52.595+0000] {processor.py:161} INFO - Started process (PID=116) to work on /opt/airflow/dags/churn_pipeline.py
[2026-07-02T22:10:52.630+0000] {processor.py:830} INFO - Processing file /opt/airflow/dags/churn_pipeline.py for tasks to queue
[2026-07-02T22:10:52.647+0000] {logging_mixin.py:188} INFO - [2026-07-02T22:10:52.641+0000] {dagbag.py:538} INFO - Filling up the DagBag from /opt/airflow/dags/churn_pipeline.py
[2026-07-02T22:11:16.023+0000] {processor.py:840} INFO - DAG(s) 'churn_pipeline' retrieved from /opt/airflow/dags/churn_pipeline.py
[2026-07-02T22:11:16.986+0000] {logging_mixin.py:188} INFO - [2026-07-02T22:11:16.984+0000] {override.py:1769} INFO - Created Permission View: can edit on DAG:churn_pipeline
[2026-07-02T22:11:17.006+0000] {logging_mixin.py:188} INFO - [2026-07-02T22:11:17.005+0000] {override.py:1769} INFO - Created Permission View: can read on DAG:churn_pipeline
[2026-07-02T22:11:17.016+0000] {logging_mixin.py:188} INFO - [2026-07-02T22:11:17.016+0000] {override.py:1769} INFO - Created Permission View: can delete on DAG:churn_pipeline
[2026-07-02T22:11:17.018+0000] {logging_mixin.py:188} INFO - [2026-07-02T22:11:17.018+0000] {dag.py:3036} INFO - Sync 1 DAGs
[2026-07-02T22:11:17.050+0000] {logging_mixin.py:188} INFO - [2026-07-02T22:11:17.049+0000] {dag.py:3058} INFO - Creating ORM DAG for churn_pipeline
[2026-07-02T22:11:17.074+0000] {logging_mixin.py:188} INFO - [2026-07-02T22:11:17.073+0000] {dag.py:3823} INFO - Setting next_dagrun for churn_pipeline to 2026-07-02 22:06:00+00:00, run_after=2026-07-02 22:09:00+00:00
[2026-07-02T22:11:17.107+0000] {processor.py:183} INFO - Processing /opt/airflow/dags/churn_pipeline.py took 24.622 seconds
[2026-07-02T22:11:48.237+0000] {processor.py:161} INFO - Started process (PID=129) to work on /opt/airflow/dags/churn_pipeline.py
[2026-07-02T22:11:48.273+0000] {processor.py:830} INFO - Processing file /opt/airflow/dags/churn_pipeline.py for tasks to queue
[2026-07-02T22:11:48.309+0000] {logging_mixin.py:188} INFO - [2026-07-02T22:11:48.290+0000] {dagbag.py:538} INFO - Filling up the DagBag from /opt/airflow/dags/churn_pipeline.py
[2026-07-02T22:12:10.657+0000] {processor.py:840} INFO - DAG(s) 'churn_pipeline' retrieved from /opt/airflow/dags/churn_pipeline.py
[2026-07-02T22:12:10.997+0000] {logging_mixin.py:188} INFO - [2026-07-02T22:12:10.995+0000] {dag.py:3036} INFO - Sync 1 DAGs
[2026-07-02T22:12:11.160+0000] {logging_mixin.py:188} INFO - [2026-07-02T22:12:11.158+0000] {dag.py:3823} INFO - Setting next_dagrun for churn_pipeline to 2026-07-02 22:09:00+00:00, run_after=2026-07-02 22:12:00+00:00
[2026-07-02T22:12:11.248+0000] {processor.py:183} INFO - Processing /opt/airflow/dags/churn_pipeline.py took 23.178 seconds
[2026-07-02T22:12:41.702+0000] {processor.py:161} INFO - Started process (PID=194) to work on /opt/airflow/dags/churn_pipeline.py
[2026-07-02T22:12:41.707+0000] {processor.py:830} INFO - Processing file /opt/airflow/dags/churn_pipeline.py for tasks to queue
[2026-07-02T22:12:41.716+0000] {logging_mixin.py:188} INFO - [2026-07-02T22:12:41.714+0000] {dagbag.py:538} INFO - Filling up the DagBag from /opt/airflow/dags/churn_pipeline.py
[2026-07-02T22:12:47.925+0000] {processor.py:840} INFO - DAG(s) 'churn_pipeline' retrieved from /opt/airflow/dags/churn_pipeline.py
[2026-07-02T22:12:48.112+0000] {logging_mixin.py:188} INFO - [2026-07-02T22:12:48.111+0000] {dag.py:3036} INFO - Sync 1 DAGs
[2026-07-02T22:12:48.209+0000] {logging_mixin.py:188} INFO - [2026-07-02T22:12:48.209+0000] {dag.py:3823} INFO - Setting next_dagrun for churn_pipeline to 2026-07-02 22:12:00+00:00, run_after=2026-07-02 22:15:00+00:00
[2026-07-02T22:12:48.269+0000] {processor.py:183} INFO - Processing /opt/airflow/dags/churn_pipeline.py took 6.629 seconds
[2026-07-02T22:13:18.494+0000] {processor.py:161} INFO - Started process (PID=325) to work on /opt/airflow/dags/churn_pipeline.py
[2026-07-02T22:13:18.496+0000] {processor.py:830} INFO - Processing file /opt/airflow/dags/churn_pipeline.py for tasks to queue
[2026-07-02T22:13:18.499+0000] {logging_mixin.py:188} INFO - [2026-07-02T22:13:18.497+0000] {dagbag.py:538} INFO - Filling up the DagBag from /opt/airflow/dags/churn_pipeline.py
[2026-07-02T22:13:23.581+0000] {processor.py:840} INFO - DAG(s) 'churn_pipeline' retrieved from /opt/airflow/dags/churn_pipeline.py
[2026-07-02T22:13:23.721+0000] {logging_mixin.py:188} INFO - [2026-07-02T22:13:23.720+0000] {dag.py:3036} INFO - Sync 1 DAGs
[2026-07-02T22:13:23.789+0000] {logging_mixin.py:188} INFO - [2026-07-02T22:13:23.788+0000] {dag.py:3823} INFO - Setting next_dagrun for churn_pipeline to 2026-07-02 22:12:00+00:00, run_after=2026-07-02 22:15:00+00:00
[2026-07-02T22:13:23.820+0000] {processor.py:183} INFO - Processing /opt/airflow/dags/churn_pipeline.py took 5.331 seconds
[2026-07-02T22:13:54.076+0000] {processor.py:161} INFO - Started process (PID=376) to work on /opt/airflow/dags/churn_pipeline.py
[2026-07-02T22:13:54.080+0000] {processor.py:830} INFO - Processing file /opt/airflow/dags/churn_pipeline.py for tasks to queue
[2026-07-02T22:13:54.083+0000] {logging_mixin.py:188} INFO - [2026-07-02T22:13:54.082+0000] {dagbag.py:538} INFO - Filling up the DagBag from /opt/airflow/dags/churn_pipeline.py
[2026-07-02T22:13:58.184+0000] {processor.py:840} INFO - DAG(s) 'churn_pipeline' retrieved from /opt/airflow/dags/churn_pipeline.py
[2026-07-02T22:13:58.218+0000] {logging_mixin.py:188} INFO - [2026-07-02T22:13:58.218+0000] {dag.py:3036} INFO - Sync 1 DAGs
[2026-07-02T22:13:58.240+0000] {logging_mixin.py:188} INFO - [2026-07-02T22:13:58.240+0000] {dag.py:3823} INFO - Setting next_dagrun for churn_pipeline to 2026-07-02 22:12:00+00:00, run_after=2026-07-02 22:15:00+00:00
[2026-07-02T22:13:58.258+0000] {processor.py:183} INFO - Processing /opt/airflow/dags/churn_pipeline.py took 4.199 seconds
[2026-07-02T22:14:28.489+0000] {processor.py:161} INFO - Started process (PID=389) to work on /opt/airflow/dags/churn_pipeline.py
[2026-07-02T22:14:28.491+0000] {processor.py:830} INFO - Processing file /opt/airflow/dags/churn_pipeline.py for tasks to queue
[2026-07-02T22:14:28.492+0000] {logging_mixin.py:188} INFO - [2026-07-02T22:14:28.492+0000] {dagbag.py:538} INFO - Filling up the DagBag from /opt/airflow/dags/churn_pipeline.py
[2026-07-02T22:14:31.383+0000] {processor.py:840} INFO - DAG(s) 'churn_pipeline' retrieved from /opt/airflow/dags/churn_pipeline.py
[2026-07-02T22:14:31.415+0000] {logging_mixin.py:188} INFO - [2026-07-02T22:14:31.414+0000] {dag.py:3036} INFO - Sync 1 DAGs
[2026-07-02T22:14:31.440+0000] {logging_mixin.py:188} INFO - [2026-07-02T22:14:31.440+0000] {dag.py:3823} INFO - Setting next_dagrun for churn_pipeline to 2026-07-02 22:12:00+00:00, run_after=2026-07-02 22:15:00+00:00
[2026-07-02T22:14:31.464+0000] {processor.py:183} INFO - Processing /opt/airflow/dags/churn_pipeline.py took 2.978 seconds
[2026-07-02T22:15:01.730+0000] {processor.py:161} INFO - Started process (PID=403) to work on /opt/airflow/dags/churn_pipeline.py
[2026-07-02T22:15:01.732+0000] {processor.py:830} INFO - Processing file /opt/airflow/dags/churn_pipeline.py for tasks to queue
[2026-07-02T22:15:01.733+0000] {logging_mixin.py:188} INFO - [2026-07-02T22:15:01.733+0000] {dagbag.py:538} INFO - Filling up the DagBag from /opt/airflow/dags/churn_pipeline.py
[2026-07-02T22:15:07.841+0000] {processor.py:840} INFO - DAG(s) 'churn_pipeline' retrieved from /opt/airflow/dags/churn_pipeline.py
[2026-07-02T22:15:07.933+0000] {logging_mixin.py:188} INFO - [2026-07-02T22:15:07.931+0000] {dag.py:3036} INFO - Sync 1 DAGs
[2026-07-02T22:15:08.006+0000] {logging_mixin.py:188} INFO - [2026-07-02T22:15:08.005+0000] {dag.py:3823} INFO - Setting next_dagrun for churn_pipeline to 2026-07-02 22:15:00+00:00, run_after=2026-07-02 22:18:00+00:00
[2026-07-02T22:15:08.048+0000] {processor.py:183} INFO - Processing /opt/airflow/dags/churn_pipeline.py took 6.322 seconds
[2026-07-02T22:15:38.755+0000] {processor.py:161} INFO - Started process (PID=493) to work on /opt/airflow/dags/churn_pipeline.py
[2026-07-02T22:15:38.763+0000] {processor.py:830} INFO - Processing file /opt/airflow/dags/churn_pipeline.py for tasks to queue
[2026-07-02T22:15:38.771+0000] {logging_mixin.py:188} INFO - [2026-07-02T22:15:38.768+0000] {dagbag.py:538} INFO - Filling up the DagBag from /opt/airflow/dags/churn_pipeline.py
[2026-07-02T22:15:50.747+0000] {processor.py:840} INFO - DAG(s) 'churn_pipeline' retrieved from /opt/airflow/dags/churn_pipeline.py
[2026-07-02T22:15:50.906+0000] {logging_mixin.py:188} INFO - [2026-07-02T22:15:50.903+0000] {dag.py:3036} INFO - Sync 1 DAGs
[2026-07-02T22:15:50.976+0000] {logging_mixin.py:188} INFO - [2026-07-02T22:15:50.976+0000] {dag.py:3823} INFO - Setting next_dagrun for churn_pipeline to 2026-07-02 22:15:00+00:00, run_after=2026-07-02 22:18:00+00:00
[2026-07-02T22:15:51.056+0000] {processor.py:183} INFO - Processing /opt/airflow/dags/churn_pipeline.py took 12.369 seconds
[2026-07-02T22:16:22.080+0000] {processor.py:161} INFO - Started process (PID=532) to work on /opt/airflow/dags/churn_pipeline.py
[2026-07-02T22:16:22.087+0000] {processor.py:830} INFO - Processing file /opt/airflow/dags/churn_pipeline.py for tasks to queue
[2026-07-02T22:16:22.104+0000] {logging_mixin.py:188} INFO - [2026-07-02T22:16:22.095+0000] {dagbag.py:538} INFO - Filling up the DagBag from /opt/airflow/dags/churn_pipeline.py
[2026-07-02T22:16:34.457+0000] {processor.py:840} INFO - DAG(s) 'churn_pipeline' retrieved from /opt/airflow/dags/churn_pipeline.py
[2026-07-02T22:16:34.530+0000] {logging_mixin.py:188} INFO - [2026-07-02T22:16:34.529+0000] {dag.py:3036} INFO - Sync 1 DAGs
[2026-07-02T22:16:34.568+0000] {logging_mixin.py:188} INFO - [2026-07-02T22:16:34.568+0000] {dag.py:3823} INFO - Setting next_dagrun for churn_pipeline to 2026-07-02 22:15:00+00:00, run_after=2026-07-02 22:18:00+00:00
[2026-07-02T22:16:34.593+0000] {processor.py:183} INFO - Processing /opt/airflow/dags/churn_pipeline.py took 12.588 seconds
[2026-07-02T22:17:04.944+0000] {processor.py:161} INFO - Started process (PID=545) to work on /opt/airflow/dags/churn_pipeline.py
[2026-07-02T22:17:04.948+0000] {processor.py:830} INFO - Processing file /opt/airflow/dags/churn_pipeline.py for tasks to queue
[2026-07-02T22:17:04.956+0000] {logging_mixin.py:188} INFO - [2026-07-02T22:17:04.952+0000] {dagbag.py:538} INFO - Filling up the DagBag from /opt/airflow/dags/churn_pipeline.py
[2026-07-02T22:17:14.075+0000] {processor.py:840} INFO - DAG(s) 'churn_pipeline' retrieved from /opt/airflow/dags/churn_pipeline.py
[2026-07-02T22:17:14.231+0000] {logging_mixin.py:188} INFO - [2026-07-02T22:17:14.230+0000] {dag.py:3036} INFO - Sync 1 DAGs
[2026-07-02T22:17:14.330+0000] {logging_mixin.py:188} INFO - [2026-07-02T22:17:14.329+0000] {dag.py:3823} INFO - Setting next_dagrun for churn_pipeline to 2026-07-02 22:15:00+00:00, run_after=2026-07-02 22:18:00+00:00
[2026-07-02T22:17:14.387+0000] {processor.py:183} INFO - Processing /opt/airflow/dags/churn_pipeline.py took 9.470 seconds
[2026-07-02T22:17:44.932+0000] {processor.py:161} INFO - Started process (PID=558) to work on /opt/airflow/dags/churn_pipeline.py
[2026-07-02T22:17:44.945+0000] {processor.py:830} INFO - Processing file /opt/airflow/dags/churn_pipeline.py for tasks to queue
[2026-07-02T22:17:44.963+0000] {logging_mixin.py:188} INFO - [2026-07-02T22:17:44.954+0000] {dagbag.py:538} INFO - Filling up the DagBag from /opt/airflow/dags/churn_pipeline.py
[2026-07-02T22:17:55.834+0000] {processor.py:840} INFO - DAG(s) 'churn_pipeline' retrieved from /opt/airflow/dags/churn_pipeline.py
[2026-07-02T22:17:55.902+0000] {logging_mixin.py:188} INFO - [2026-07-02T22:17:55.901+0000] {dag.py:3036} INFO - Sync 1 DAGs
[2026-07-02T22:17:55.946+0000] {logging_mixin.py:188} INFO - [2026-07-02T22:17:55.945+0000] {dag.py:3823} INFO - Setting next_dagrun for churn_pipeline to 2026-07-02 22:15:00+00:00, run_after=2026-07-02 22:18:00+00:00
[2026-07-02T22:17:55.980+0000] {processor.py:183} INFO - Processing /opt/airflow/dags/churn_pipeline.py took 11.142 seconds
[2026-07-02T22:18:26.725+0000] {processor.py:161} INFO - Started process (PID=648) to work on /opt/airflow/dags/churn_pipeline.py
[2026-07-02T22:18:26.747+0000] {processor.py:830} INFO - Processing file /opt/airflow/dags/churn_pipeline.py for tasks to queue
[2026-07-02T22:18:26.769+0000] {logging_mixin.py:188} INFO - [2026-07-02T22:18:26.768+0000] {dagbag.py:538} INFO - Filling up the DagBag from /opt/airflow/dags/churn_pipeline.py
[2026-07-02T22:18:35.733+0000] {processor.py:840} INFO - DAG(s) 'churn_pipeline' retrieved from /opt/airflow/dags/churn_pipeline.py
[2026-07-02T22:18:35.776+0000] {logging_mixin.py:188} INFO - [2026-07-02T22:18:35.776+0000] {dag.py:3036} INFO - Sync 1 DAGs
[2026-07-02T22:18:35.801+0000] {logging_mixin.py:188} INFO - [2026-07-02T22:18:35.801+0000] {dag.py:3823} INFO - Setting next_dagrun for churn_pipeline to 2026-07-02 22:18:00+00:00, run_after=2026-07-02 22:21:00+00:00
[2026-07-02T22:18:35.824+0000] {processor.py:183} INFO - Processing /opt/airflow/dags/churn_pipeline.py took 9.257 seconds
[2026-07-02T22:19:07.594+0000] {processor.py:161} INFO - Started process (PID=740) to work on /opt/airflow/dags/churn_pipeline.py
[2026-07-02T22:19:07.599+0000] {processor.py:830} INFO - Processing file /opt/airflow/dags/churn_pipeline.py for tasks to queue
[2026-07-02T22:19:07.609+0000] {logging_mixin.py:188} INFO - [2026-07-02T22:19:07.605+0000] {dagbag.py:538} INFO - Filling up the DagBag from /opt/airflow/dags/churn_pipeline.py
[2026-07-02T22:19:22.893+0000] {processor.py:840} INFO - DAG(s) 'churn_pipeline' retrieved from /opt/airflow/dags/churn_pipeline.py
[2026-07-02T22:19:23.180+0000] {logging_mixin.py:188} INFO - [2026-07-02T22:19:23.177+0000] {dag.py:3036} INFO - Sync 1 DAGs
[2026-07-02T22:19:23.344+0000] {logging_mixin.py:188} INFO - [2026-07-02T22:19:23.344+0000] {dag.py:3823} INFO - Setting next_dagrun for churn_pipeline to 2026-07-02 22:18:00+00:00, run_after=2026-07-02 22:21:00+00:00
[2026-07-02T22:19:23.412+0000] {processor.py:183} INFO - Processing /opt/airflow/dags/churn_pipeline.py took 15.892 seconds
[2026-07-02T22:19:54.169+0000] {processor.py:161} INFO - Started process (PID=778) to work on /opt/airflow/dags/churn_pipeline.py
[2026-07-02T22:19:54.197+0000] {processor.py:830} INFO - Processing file /opt/airflow/dags/churn_pipeline.py for tasks to queue
[2026-07-02T22:19:54.218+0000] {logging_mixin.py:188} INFO - [2026-07-02T22:19:54.210+0000] {dagbag.py:538} INFO - Filling up the DagBag from /opt/airflow/dags/churn_pipeline.py
[2026-07-02T22:20:06.656+0000] {processor.py:840} INFO - DAG(s) 'churn_pipeline' retrieved from /opt/airflow/dags/churn_pipeline.py
[2026-07-02T22:20:07.061+0000] {logging_mixin.py:188} INFO - [2026-07-02T22:20:07.060+0000] {dag.py:3036} INFO - Sync 1 DAGs
[2026-07-02T22:20:07.181+0000] {logging_mixin.py:188} INFO - [2026-07-02T22:20:07.181+0000] {dag.py:3823} INFO - Setting next_dagrun for churn_pipeline to 2026-07-02 22:18:00+00:00, run_after=2026-07-02 22:21:00+00:00
[2026-07-02T22:20:07.426+0000] {processor.py:183} INFO - Processing /opt/airflow/dags/churn_pipeline.py took 13.328 seconds
[2026-07-02T22:20:37.880+0000] {processor.py:161} INFO - Started process (PID=870) to work on /opt/airflow/dags/churn_pipeline.py
[2026-07-02T22:20:37.889+0000] {processor.py:830} INFO - Processing file /opt/airflow/dags/churn_pipeline.py for tasks to queue
[2026-07-02T22:20:37.910+0000] {logging_mixin.py:188} INFO - [2026-07-02T22:20:37.900+0000] {dagbag.py:538} INFO - Filling up the DagBag from /opt/airflow/dags/churn_pipeline.py
[2026-07-02T22:20:54.796+0000] {processor.py:840} INFO - DAG(s) 'churn_pipeline' retrieved from /opt/airflow/dags/churn_pipeline.py
[2026-07-02T22:20:55.420+0000] {logging_mixin.py:188} INFO - [2026-07-02T22:20:55.418+0000] {dag.py:3036} INFO - Sync 1 DAGs
[2026-07-02T22:20:55.593+0000] {logging_mixin.py:188} INFO - [2026-07-02T22:20:55.593+0000] {dag.py:3823} INFO - Setting next_dagrun for churn_pipeline to 2026-07-02 22:18:00+00:00, run_after=2026-07-02 22:21:00+00:00
[2026-07-02T22:20:55.979+0000] {processor.py:183} INFO - Processing /opt/airflow/dags/churn_pipeline.py took 18.205 seconds
[2026-07-02T22:21:26.963+0000] {processor.py:161} INFO - Started process (PID=941) to work on /opt/airflow/dags/churn_pipeline.py
[2026-07-02T22:21:26.982+0000] {processor.py:830} INFO - Processing file /opt/airflow/dags/churn_pipeline.py for tasks to queue
[2026-07-02T22:21:27.013+0000] {logging_mixin.py:188} INFO - [2026-07-02T22:21:27.000+0000] {dagbag.py:538} INFO - Filling up the DagBag from /opt/airflow/dags/churn_pipeline.py
[2026-07-02T22:21:47.747+0000] {processor.py:840} INFO - DAG(s) 'churn_pipeline' retrieved from /opt/airflow/dags/churn_pipeline.py
[2026-07-02T22:21:48.238+0000] {logging_mixin.py:188} INFO - [2026-07-02T22:21:48.234+0000] {dag.py:3036} INFO - Sync 1 DAGs
[2026-07-02T22:21:48.627+0000] {logging_mixin.py:188} INFO - [2026-07-02T22:21:48.625+0000] {dag.py:3823} INFO - Setting next_dagrun for churn_pipeline to 2026-07-02 22:21:00+00:00, run_after=2026-07-02 22:24:00+00:00
[2026-07-02T22:21:48.775+0000] {processor.py:183} INFO - Processing /opt/airflow/dags/churn_pipeline.py took 21.939 seconds
[2026-07-02T22:22:20.017+0000] {processor.py:161} INFO - Started process (PID=1048) to work on /opt/airflow/dags/churn_pipeline.py
[2026-07-02T22:22:20.035+0000] {processor.py:830} INFO - Processing file /opt/airflow/dags/churn_pipeline.py for tasks to queue
[2026-07-02T22:22:20.062+0000] {logging_mixin.py:188} INFO - [2026-07-02T22:22:20.053+0000] {dagbag.py:538} INFO - Filling up the DagBag from /opt/airflow/dags/churn_pipeline.py
[2026-07-02T22:22:29.700+0000] {processor.py:840} INFO - DAG(s) 'churn_pipeline' retrieved from /opt/airflow/dags/churn_pipeline.py
[2026-07-02T22:22:29.769+0000] {logging_mixin.py:188} INFO - [2026-07-02T22:22:29.768+0000] {dag.py:3036} INFO - Sync 1 DAGs
[2026-07-02T22:22:29.805+0000] {logging_mixin.py:188} INFO - [2026-07-02T22:22:29.805+0000] {dag.py:3823} INFO - Setting next_dagrun for churn_pipeline to 2026-07-02 22:21:00+00:00, run_after=2026-07-02 22:24:00+00:00
[2026-07-02T22:22:29.847+0000] {processor.py:183} INFO - Processing /opt/airflow/dags/churn_pipeline.py took 9.956 seconds
[2026-07-02T22:23:00.176+0000] {processor.py:161} INFO - Started process (PID=1151) to work on /opt/airflow/dags/churn_pipeline.py
[2026-07-02T22:23:00.181+0000] {processor.py:830} INFO - Processing file /opt/airflow/dags/churn_pipeline.py for tasks to queue
[2026-07-02T22:23:00.184+0000] {logging_mixin.py:188} INFO - [2026-07-02T22:23:00.183+0000] {dagbag.py:538} INFO - Filling up the DagBag from /opt/airflow/dags/churn_pipeline.py
[2026-07-02T22:23:05.265+0000] {processor.py:840} INFO - DAG(s) 'churn_pipeline' retrieved from /opt/airflow/dags/churn_pipeline.py
[2026-07-02T22:23:05.326+0000] {logging_mixin.py:188} INFO - [2026-07-02T22:23:05.326+0000] {dag.py:3036} INFO - Sync 1 DAGs
[2026-07-02T22:23:05.392+0000] {logging_mixin.py:188} INFO - [2026-07-02T22:23:05.391+0000] {dag.py:3823} INFO - Setting next_dagrun for churn_pipeline to 2026-07-02 22:21:00+00:00, run_after=2026-07-02 22:24:00+00:00
[2026-07-02T22:23:05.439+0000] {processor.py:183} INFO - Processing /opt/airflow/dags/churn_pipeline.py took 5.270 seconds
[2026-07-02T22:23:35.665+0000] {processor.py:161} INFO - Started process (PID=1260) to work on /opt/airflow/dags/churn_pipeline.py
[2026-07-02T22:23:35.675+0000] {processor.py:830} INFO - Processing file /opt/airflow/dags/churn_pipeline.py for tasks to queue
[2026-07-02T22:23:35.684+0000] {logging_mixin.py:188} INFO - [2026-07-02T22:23:35.681+0000] {dagbag.py:538} INFO - Filling up the DagBag from /opt/airflow/dags/churn_pipeline.py
[2026-07-02T22:23:55.495+0000] {processor.py:840} INFO - DAG(s) 'churn_pipeline' retrieved from /opt/airflow/dags/churn_pipeline.py
[2026-07-02T22:23:55.757+0000] {logging_mixin.py:188} INFO - [2026-07-02T22:23:55.755+0000] {dag.py:3036} INFO - Sync 1 DAGs
[2026-07-02T22:23:55.900+0000] {logging_mixin.py:188} INFO - [2026-07-02T22:23:55.900+0000] {dag.py:3823} INFO - Setting next_dagrun for churn_pipeline to 2026-07-02 22:21:00+00:00, run_after=2026-07-02 22:24:00+00:00
[2026-07-02T22:23:56.009+0000] {processor.py:183} INFO - Processing /opt/airflow/dags/churn_pipeline.py took 20.393 seconds
[2026-07-02T22:24:26.852+0000] {processor.py:161} INFO - Started process (PID=1362) to work on /opt/airflow/dags/churn_pipeline.py
[2026-07-02T22:24:26.861+0000] {processor.py:830} INFO - Processing file /opt/airflow/dags/churn_pipeline.py for tasks to queue
[2026-07-02T22:24:26.877+0000] {logging_mixin.py:188} INFO - [2026-07-02T22:24:26.871+0000] {dagbag.py:538} INFO - Filling up the DagBag from /opt/airflow/dags/churn_pipeline.py
[2026-07-02T22:24:36.678+0000] {processor.py:840} INFO - DAG(s) 'churn_pipeline' retrieved from /opt/airflow/dags/churn_pipeline.py
[2026-07-02T22:24:36.786+0000] {logging_mixin.py:188} INFO - [2026-07-02T22:24:36.785+0000] {dag.py:3036} INFO - Sync 1 DAGs
[2026-07-02T22:24:36.873+0000] {logging_mixin.py:188} INFO - [2026-07-02T22:24:36.872+0000] {dag.py:3823} INFO - Setting next_dagrun for churn_pipeline to 2026-07-02 22:24:00+00:00, run_after=2026-07-02 22:27:00+00:00
[2026-07-02T22:24:36.915+0000] {processor.py:183} INFO - Processing /opt/airflow/dags/churn_pipeline.py took 10.143 seconds
[2026-07-02T22:25:07.199+0000] {processor.py:161} INFO - Started process (PID=1510) to work on /opt/airflow/dags/churn_pipeline.py
[2026-07-02T22:25:07.201+0000] {processor.py:830} INFO - Processing file /opt/airflow/dags/churn_pipeline.py for tasks to queue
[2026-07-02T22:25:07.204+0000] {logging_mixin.py:188} INFO - [2026-07-02T22:25:07.203+0000] {dagbag.py:538} INFO - Filling up the DagBag from /opt/airflow/dags/churn_pipeline.py
[2026-07-02T22:25:10.919+0000] {processor.py:840} INFO - DAG(s) 'churn_pipeline' retrieved from /opt/airflow/dags/churn_pipeline.py
[2026-07-02T22:25:10.953+0000] {logging_mixin.py:188} INFO - [2026-07-02T22:25:10.952+0000] {dag.py:3036} INFO - Sync 1 DAGs
[2026-07-02T22:25:10.975+0000] {logging_mixin.py:188} INFO - [2026-07-02T22:25:10.974+0000] {dag.py:3823} INFO - Setting next_dagrun for churn_pipeline to 2026-07-02 22:24:00+00:00, run_after=2026-07-02 22:27:00+00:00
[2026-07-02T22:25:10.993+0000] {processor.py:183} INFO - Processing /opt/airflow/dags/churn_pipeline.py took 3.808 seconds
[2026-07-02T22:25:41.162+0000] {processor.py:161} INFO - Started process (PID=1631) to work on /opt/airflow/dags/churn_pipeline.py
[2026-07-02T22:25:41.163+0000] {processor.py:830} INFO - Processing file /opt/airflow/dags/churn_pipeline.py for tasks to queue
[2026-07-02T22:25:41.165+0000] {logging_mixin.py:188} INFO - [2026-07-02T22:25:41.165+0000] {dagbag.py:538} INFO - Filling up the DagBag from /opt/airflow/dags/churn_pipeline.py
[2026-07-02T22:25:44.144+0000] {processor.py:840} INFO - DAG(s) 'churn_pipeline' retrieved from /opt/airflow/dags/churn_pipeline.py
[2026-07-02T22:25:44.180+0000] {logging_mixin.py:188} INFO - [2026-07-02T22:25:44.179+0000] {dag.py:3036} INFO - Sync 1 DAGs
[2026-07-02T22:25:44.201+0000] {logging_mixin.py:188} INFO - [2026-07-02T22:25:44.201+0000] {dag.py:3823} INFO - Setting next_dagrun for churn_pipeline to 2026-07-02 22:24:00+00:00, run_after=2026-07-02 22:27:00+00:00
[2026-07-02T22:25:44.219+0000] {processor.py:183} INFO - Processing /opt/airflow/dags/churn_pipeline.py took 3.064 seconds
[2026-07-02T22:26:14.502+0000] {processor.py:161} INFO - Started process (PID=1644) to work on /opt/airflow/dags/churn_pipeline.py
[2026-07-02T22:26:14.505+0000] {processor.py:830} INFO - Processing file /opt/airflow/dags/churn_pipeline.py for tasks to queue
[2026-07-02T22:26:14.508+0000] {logging_mixin.py:188} INFO - [2026-07-02T22:26:14.507+0000] {dagbag.py:538} INFO - Filling up the DagBag from /opt/airflow/dags/churn_pipeline.py
[2026-07-02T22:26:19.204+0000] {processor.py:840} INFO - DAG(s) 'churn_pipeline' retrieved from /opt/airflow/dags/churn_pipeline.py
[2026-07-02T22:26:19.251+0000] {logging_mixin.py:188} INFO - [2026-07-02T22:26:19.250+0000] {dag.py:3036} INFO - Sync 1 DAGs
[2026-07-02T22:26:19.283+0000] {logging_mixin.py:188} INFO - [2026-07-02T22:26:19.282+0000] {dag.py:3823} INFO - Setting next_dagrun for churn_pipeline to 2026-07-02 22:24:00+00:00, run_after=2026-07-02 22:27:00+00:00
[2026-07-02T22:26:19.305+0000] {processor.py:183} INFO - Processing /opt/airflow/dags/churn_pipeline.py took 4.818 seconds
[2026-07-02T22:26:49.648+0000] {processor.py:161} INFO - Started process (PID=1657) to work on /opt/airflow/dags/churn_pipeline.py
[2026-07-02T22:26:49.651+0000] {processor.py:830} INFO - Processing file /opt/airflow/dags/churn_pipeline.py for tasks to queue
[2026-07-02T22:26:49.654+0000] {logging_mixin.py:188} INFO - [2026-07-02T22:26:49.653+0000] {dagbag.py:538} INFO - Filling up the DagBag from /opt/airflow/dags/churn_pipeline.py
[2026-07-02T22:26:53.980+0000] {processor.py:840} INFO - DAG(s) 'churn_pipeline' retrieved from /opt/airflow/dags/churn_pipeline.py
[2026-07-02T22:26:54.049+0000] {logging_mixin.py:188} INFO - [2026-07-02T22:26:54.049+0000] {dag.py:3036} INFO - Sync 1 DAGs
[2026-07-02T22:26:54.086+0000] {logging_mixin.py:188} INFO - [2026-07-02T22:26:54.086+0000] {dag.py:3823} INFO - Setting next_dagrun for churn_pipeline to 2026-07-02 22:24:00+00:00, run_after=2026-07-02 22:27:00+00:00
[2026-07-02T22:26:54.164+0000] {processor.py:183} INFO - Processing /opt/airflow/dags/churn_pipeline.py took 4.530 seconds
[2026-07-02T22:27:24.620+0000] {processor.py:161} INFO - Started process (PID=1748) to work on /opt/airflow/dags/churn_pipeline.py
[2026-07-02T22:27:24.639+0000] {processor.py:830} INFO - Processing file /opt/airflow/dags/churn_pipeline.py for tasks to queue
[2026-07-02T22:27:24.644+0000] {logging_mixin.py:188} INFO - [2026-07-02T22:27:24.641+0000] {dagbag.py:538} INFO - Filling up the DagBag from /opt/airflow/dags/churn_pipeline.py
[2026-07-02T22:27:29.546+0000] {processor.py:840} INFO - DAG(s) 'churn_pipeline' retrieved from /opt/airflow/dags/churn_pipeline.py
[2026-07-02T22:27:29.613+0000] {logging_mixin.py:188} INFO - [2026-07-02T22:27:29.613+0000] {dag.py:3036} INFO - Sync 1 DAGs
[2026-07-02T22:27:29.640+0000] {logging_mixin.py:188} INFO - [2026-07-02T22:27:29.640+0000] {dag.py:3823} INFO - Setting next_dagrun for churn_pipeline to 2026-07-02 22:27:00+00:00, run_after=2026-07-02 22:30:00+00:00
[2026-07-02T22:27:29.708+0000] {processor.py:183} INFO - Processing /opt/airflow/dags/churn_pipeline.py took 5.172 seconds
[2026-07-02T22:28:00.124+0000] {processor.py:161} INFO - Started process (PID=1869) to work on /opt/airflow/dags/churn_pipeline.py
[2026-07-02T22:28:00.128+0000] {processor.py:830} INFO - Processing file /opt/airflow/dags/churn_pipeline.py for tasks to queue
[2026-07-02T22:28:00.135+0000] {logging_mixin.py:188} INFO - [2026-07-02T22:28:00.132+0000] {dagbag.py:538} INFO - Filling up the DagBag from /opt/airflow/dags/churn_pipeline.py
[2026-07-02T22:28:04.071+0000] {processor.py:840} INFO - DAG(s) 'churn_pipeline' retrieved from /opt/airflow/dags/churn_pipeline.py
[2026-07-02T22:28:04.105+0000] {logging_mixin.py:188} INFO - [2026-07-02T22:28:04.104+0000] {dag.py:3036} INFO - Sync 1 DAGs
[2026-07-02T22:28:04.126+0000] {logging_mixin.py:188} INFO - [2026-07-02T22:28:04.126+0000] {dag.py:3823} INFO - Setting next_dagrun for churn_pipeline to 2026-07-02 22:27:00+00:00, run_after=2026-07-02 22:30:00+00:00
[2026-07-02T22:28:04.146+0000] {processor.py:183} INFO - Processing /opt/airflow/dags/churn_pipeline.py took 4.060 seconds
[2026-07-02T22:28:34.252+0000] {processor.py:161} INFO - Started process (PID=1882) to work on /opt/airflow/dags/churn_pipeline.py
[2026-07-02T22:28:34.253+0000] {processor.py:830} INFO - Processing file /opt/airflow/dags/churn_pipeline.py for tasks to queue
[2026-07-02T22:28:34.254+0000] {logging_mixin.py:188} INFO - [2026-07-02T22:28:34.254+0000] {dagbag.py:538} INFO - Filling up the DagBag from /opt/airflow/dags/churn_pipeline.py
[2026-07-02T22:28:37.535+0000] {processor.py:840} INFO - DAG(s) 'churn_pipeline' retrieved from /opt/airflow/dags/churn_pipeline.py
[2026-07-02T22:28:37.564+0000] {logging_mixin.py:188} INFO - [2026-07-02T22:28:37.563+0000] {dag.py:3036} INFO - Sync 1 DAGs
[2026-07-02T22:28:37.587+0000] {logging_mixin.py:188} INFO - [2026-07-02T22:28:37.586+0000] {dag.py:3823} INFO - Setting next_dagrun for churn_pipeline to 2026-07-02 22:27:00+00:00, run_after=2026-07-02 22:30:00+00:00
[2026-07-02T22:28:37.644+0000] {processor.py:183} INFO - Processing /opt/airflow/dags/churn_pipeline.py took 3.397 seconds
[2026-07-02T22:29:07.923+0000] {processor.py:161} INFO - Started process (PID=1895) to work on /opt/airflow/dags/churn_pipeline.py
[2026-07-02T22:29:07.931+0000] {processor.py:830} INFO - Processing file /opt/airflow/dags/churn_pipeline.py for tasks to queue
[2026-07-02T22:29:07.932+0000] {logging_mixin.py:188} INFO - [2026-07-02T22:29:07.932+0000] {dagbag.py:538} INFO - Filling up the DagBag from /opt/airflow/dags/churn_pipeline.py
[2026-07-02T22:29:11.868+0000] {processor.py:840} INFO - DAG(s) 'churn_pipeline' retrieved from /opt/airflow/dags/churn_pipeline.py
[2026-07-02T22:29:11.926+0000] {logging_mixin.py:188} INFO - [2026-07-02T22:29:11.924+0000] {dag.py:3036} INFO - Sync 1 DAGs
[2026-07-02T22:29:11.970+0000] {logging_mixin.py:188} INFO - [2026-07-02T22:29:11.970+0000] {dag.py:3823} INFO - Setting next_dagrun for churn_pipeline to 2026-07-02 22:27:00+00:00, run_after=2026-07-02 22:30:00+00:00
[2026-07-02T22:29:12.024+0000] {processor.py:183} INFO - Processing /opt/airflow/dags/churn_pipeline.py took 4.106 seconds
[2026-07-02T22:29:42.321+0000] {processor.py:161} INFO - Started process (PID=1908) to work on /opt/airflow/dags/churn_pipeline.py
[2026-07-02T22:29:42.323+0000] {processor.py:830} INFO - Processing file /opt/airflow/dags/churn_pipeline.py for tasks to queue
[2026-07-02T22:29:42.324+0000] {logging_mixin.py:188} INFO - [2026-07-02T22:29:42.324+0000] {dagbag.py:538} INFO - Filling up the DagBag from /opt/airflow/dags/churn_pipeline.py
[2026-07-02T22:29:45.587+0000] {processor.py:840} INFO - DAG(s) 'churn_pipeline' retrieved from /opt/airflow/dags/churn_pipeline.py
[2026-07-02T22:29:45.620+0000] {logging_mixin.py:188} INFO - [2026-07-02T22:29:45.619+0000] {dag.py:3036} INFO - Sync 1 DAGs
[2026-07-02T22:29:45.640+0000] {logging_mixin.py:188} INFO - [2026-07-02T22:29:45.640+0000] {dag.py:3823} INFO - Setting next_dagrun for churn_pipeline to 2026-07-02 22:27:00+00:00, run_after=2026-07-02 22:30:00+00:00
[2026-07-02T22:29:45.658+0000] {processor.py:183} INFO - Processing /opt/airflow/dags/churn_pipeline.py took 3.342 seconds
[2026-07-02T22:30:15.919+0000] {processor.py:161} INFO - Started process (PID=1973) to work on /opt/airflow/dags/churn_pipeline.py
[2026-07-02T22:30:15.921+0000] {processor.py:830} INFO - Processing file /opt/airflow/dags/churn_pipeline.py for tasks to queue
[2026-07-02T22:30:15.923+0000] {logging_mixin.py:188} INFO - [2026-07-02T22:30:15.922+0000] {dagbag.py:538} INFO - Filling up the DagBag from /opt/airflow/dags/churn_pipeline.py
[2026-07-02T22:30:20.596+0000] {processor.py:840} INFO - DAG(s) 'churn_pipeline' retrieved from /opt/airflow/dags/churn_pipeline.py
[2026-07-02T22:30:20.629+0000] {logging_mixin.py:188} INFO - [2026-07-02T22:30:20.629+0000] {dag.py:3036} INFO - Sync 1 DAGs
[2026-07-02T22:30:20.651+0000] {logging_mixin.py:188} INFO - [2026-07-02T22:30:20.651+0000] {dag.py:3823} INFO - Setting next_dagrun for churn_pipeline to 2026-07-02 22:30:00+00:00, run_after=2026-07-02 22:33:00+00:00
[2026-07-02T22:30:20.670+0000] {processor.py:183} INFO - Processing /opt/airflow/dags/churn_pipeline.py took 4.763 seconds
[2026-07-02T22:30:50.929+0000] {processor.py:161} INFO - Started process (PID=2119) to work on /opt/airflow/dags/churn_pipeline.py
[2026-07-02T22:30:50.932+0000] {processor.py:830} INFO - Processing file /opt/airflow/dags/churn_pipeline.py for tasks to queue
[2026-07-02T22:30:50.934+0000] {logging_mixin.py:188} INFO - [2026-07-02T22:30:50.933+0000] {dagbag.py:538} INFO - Filling up the DagBag from /opt/airflow/dags/churn_pipeline.py
[2026-07-02T22:30:54.890+0000] {processor.py:840} INFO - DAG(s) 'churn_pipeline' retrieved from /opt/airflow/dags/churn_pipeline.py
[2026-07-02T22:30:54.923+0000] {logging_mixin.py:188} INFO - [2026-07-02T22:30:54.923+0000] {dag.py:3036} INFO - Sync 1 DAGs
[2026-07-02T22:30:54.947+0000] {logging_mixin.py:188} INFO - [2026-07-02T22:30:54.947+0000] {dag.py:3823} INFO - Setting next_dagrun for churn_pipeline to 2026-07-02 22:30:00+00:00, run_after=2026-07-02 22:33:00+00:00
[2026-07-02T22:30:54.967+0000] {processor.py:183} INFO - Processing /opt/airflow/dags/churn_pipeline.py took 4.050 seconds
[2026-07-02T22:31:25.130+0000] {processor.py:161} INFO - Started process (PID=2133) to work on /opt/airflow/dags/churn_pipeline.py
[2026-07-02T22:31:25.131+0000] {processor.py:830} INFO - Processing file /opt/airflow/dags/churn_pipeline.py for tasks to queue
[2026-07-02T22:31:25.133+0000] {logging_mixin.py:188} INFO - [2026-07-02T22:31:25.133+0000] {dagbag.py:538} INFO - Filling up the DagBag from /opt/airflow/dags/churn_pipeline.py
[2026-07-02T22:31:28.581+0000] {processor.py:840} INFO - DAG(s) 'churn_pipeline' retrieved from /opt/airflow/dags/churn_pipeline.py
[2026-07-02T22:31:28.609+0000] {logging_mixin.py:188} INFO - [2026-07-02T22:31:28.608+0000] {dag.py:3036} INFO - Sync 1 DAGs
[2026-07-02T22:31:28.629+0000] {logging_mixin.py:188} INFO - [2026-07-02T22:31:28.629+0000] {dag.py:3823} INFO - Setting next_dagrun for churn_pipeline to 2026-07-02 22:30:00+00:00, run_after=2026-07-02 22:33:00+00:00
[2026-07-02T22:31:28.649+0000] {processor.py:183} INFO - Processing /opt/airflow/dags/churn_pipeline.py took 3.527 seconds
[2026-07-02T22:31:58.888+0000] {processor.py:161} INFO - Started process (PID=2146) to work on /opt/airflow/dags/churn_pipeline.py
[2026-07-02T22:31:58.890+0000] {processor.py:830} INFO - Processing file /opt/airflow/dags/churn_pipeline.py for tasks to queue
[2026-07-02T22:31:58.892+0000] {logging_mixin.py:188} INFO - [2026-07-02T22:31:58.891+0000] {dagbag.py:538} INFO - Filling up the DagBag from /opt/airflow/dags/churn_pipeline.py
[2026-07-02T22:32:02.382+0000] {processor.py:840} INFO - DAG(s) 'churn_pipeline' retrieved from /opt/airflow/dags/churn_pipeline.py
[2026-07-02T22:32:02.422+0000] {logging_mixin.py:188} INFO - [2026-07-02T22:32:02.421+0000] {dag.py:3036} INFO - Sync 1 DAGs
[2026-07-02T22:32:02.447+0000] {logging_mixin.py:188} INFO - [2026-07-02T22:32:02.447+0000] {dag.py:3823} INFO - Setting next_dagrun for churn_pipeline to 2026-07-02 22:30:00+00:00, run_after=2026-07-02 22:33:00+00:00
[2026-07-02T22:32:02.471+0000] {processor.py:183} INFO - Processing /opt/airflow/dags/churn_pipeline.py took 3.588 seconds
[2026-07-02T22:32:32.694+0000] {processor.py:161} INFO - Started process (PID=2159) to work on /opt/airflow/dags/churn_pipeline.py
[2026-07-02T22:32:32.695+0000] {processor.py:830} INFO - Processing file /opt/airflow/dags/churn_pipeline.py for tasks to queue
[2026-07-02T22:32:32.697+0000] {logging_mixin.py:188} INFO - [2026-07-02T22:32:32.696+0000] {dagbag.py:538} INFO - Filling up the DagBag from /opt/airflow/dags/churn_pipeline.py
[2026-07-02T22:32:35.844+0000] {processor.py:840} INFO - DAG(s) 'churn_pipeline' retrieved from /opt/airflow/dags/churn_pipeline.py
[2026-07-02T22:32:35.880+0000] {logging_mixin.py:188} INFO - [2026-07-02T22:32:35.880+0000] {dag.py:3036} INFO - Sync 1 DAGs
[2026-07-02T22:32:35.905+0000] {logging_mixin.py:188} INFO - [2026-07-02T22:32:35.904+0000] {dag.py:3823} INFO - Setting next_dagrun for churn_pipeline to 2026-07-02 22:30:00+00:00, run_after=2026-07-02 22:33:00+00:00
[2026-07-02T22:32:35.925+0000] {processor.py:183} INFO - Processing /opt/airflow/dags/churn_pipeline.py took 3.235 seconds
[2026-07-02T22:33:06.160+0000] {processor.py:161} INFO - Started process (PID=2197) to work on /opt/airflow/dags/churn_pipeline.py
[2026-07-02T22:33:06.162+0000] {processor.py:830} INFO - Processing file /opt/airflow/dags/churn_pipeline.py for tasks to queue
[2026-07-02T22:33:06.163+0000] {logging_mixin.py:188} INFO - [2026-07-02T22:33:06.163+0000] {dagbag.py:538} INFO - Filling up the DagBag from /opt/airflow/dags/churn_pipeline.py
[2026-07-02T22:33:13.713+0000] {processor.py:840} INFO - DAG(s) 'churn_pipeline' retrieved from /opt/airflow/dags/churn_pipeline.py
[2026-07-02T22:33:13.767+0000] {logging_mixin.py:188} INFO - [2026-07-02T22:33:13.765+0000] {dag.py:3036} INFO - Sync 1 DAGs
[2026-07-02T22:33:13.800+0000] {logging_mixin.py:188} INFO - [2026-07-02T22:33:13.800+0000] {dag.py:3823} INFO - Setting next_dagrun for churn_pipeline to 2026-07-02 22:33:00+00:00, run_after=2026-07-02 22:36:00+00:00
[2026-07-02T22:33:13.830+0000] {processor.py:183} INFO - Processing /opt/airflow/dags/churn_pipeline.py took 7.677 seconds
[2026-07-02T22:33:44.181+0000] {processor.py:161} INFO - Started process (PID=2307) to work on /opt/airflow/dags/churn_pipeline.py
[2026-07-02T22:33:44.186+0000] {processor.py:830} INFO - Processing file /opt/airflow/dags/churn_pipeline.py for tasks to queue
[2026-07-02T22:33:44.192+0000] {logging_mixin.py:188} INFO - [2026-07-02T22:33:44.190+0000] {dagbag.py:538} INFO - Filling up the DagBag from /opt/airflow/dags/churn_pipeline.py
[2026-07-02T22:33:53.718+0000] {processor.py:840} INFO - DAG(s) 'churn_pipeline' retrieved from /opt/airflow/dags/churn_pipeline.py
[2026-07-02T22:33:54.157+0000] {logging_mixin.py:188} INFO - [2026-07-02T22:33:54.156+0000] {dag.py:3036} INFO - Sync 1 DAGs
[2026-07-02T22:33:54.219+0000] {logging_mixin.py:188} INFO - [2026-07-02T22:33:54.218+0000] {dag.py:3823} INFO - Setting next_dagrun for churn_pipeline to 2026-07-02 22:33:00+00:00, run_after=2026-07-02 22:36:00+00:00
[2026-07-02T22:33:54.274+0000] {processor.py:183} INFO - Processing /opt/airflow/dags/churn_pipeline.py took 10.122 seconds
[2026-07-02T22:34:24.959+0000] {processor.py:161} INFO - Started process (PID=2384) to work on /opt/airflow/dags/churn_pipeline.py
[2026-07-02T22:34:24.970+0000] {processor.py:830} INFO - Processing file /opt/airflow/dags/churn_pipeline.py for tasks to queue
[2026-07-02T22:34:25.070+0000] {logging_mixin.py:188} INFO - [2026-07-02T22:34:25.003+0000] {dagbag.py:538} INFO - Filling up the DagBag from /opt/airflow/dags/churn_pipeline.py
[2026-07-02T22:34:30.149+0000] {processor.py:840} INFO - DAG(s) 'churn_pipeline' retrieved from /opt/airflow/dags/churn_pipeline.py
[2026-07-02T22:34:30.187+0000] {logging_mixin.py:188} INFO - [2026-07-02T22:34:30.187+0000] {dag.py:3036} INFO - Sync 1 DAGs
[2026-07-02T22:34:30.210+0000] {logging_mixin.py:188} INFO - [2026-07-02T22:34:30.210+0000] {dag.py:3823} INFO - Setting next_dagrun for churn_pipeline to 2026-07-02 22:33:00+00:00, run_after=2026-07-02 22:36:00+00:00
[2026-07-02T22:34:30.232+0000] {processor.py:183} INFO - Processing /opt/airflow/dags/churn_pipeline.py took 5.478 seconds
[2026-07-02T22:35:00.569+0000] {processor.py:161} INFO - Started process (PID=2397) to work on /opt/airflow/dags/churn_pipeline.py
[2026-07-02T22:35:00.572+0000] {processor.py:830} INFO - Processing file /opt/airflow/dags/churn_pipeline.py for tasks to queue
[2026-07-02T22:35:00.575+0000] {logging_mixin.py:188} INFO - [2026-07-02T22:35:00.574+0000] {dagbag.py:538} INFO - Filling up the DagBag from /opt/airflow/dags/churn_pipeline.py
[2026-07-02T22:35:06.642+0000] {processor.py:840} INFO - DAG(s) 'churn_pipeline' retrieved from /opt/airflow/dags/churn_pipeline.py
[2026-07-02T22:35:06.718+0000] {logging_mixin.py:188} INFO - [2026-07-02T22:35:06.717+0000] {dag.py:3036} INFO - Sync 1 DAGs
[2026-07-02T22:35:06.778+0000] {logging_mixin.py:188} INFO - [2026-07-02T22:35:06.777+0000] {dag.py:3823} INFO - Setting next_dagrun for churn_pipeline to 2026-07-02 22:33:00+00:00, run_after=2026-07-02 22:36:00+00:00
[2026-07-02T22:35:06.808+0000] {processor.py:183} INFO - Processing /opt/airflow/dags/churn_pipeline.py took 6.250 seconds
[2026-07-02T22:35:37.107+0000] {processor.py:161} INFO - Started process (PID=2410) to work on /opt/airflow/dags/churn_pipeline.py
[2026-07-02T22:35:37.109+0000] {processor.py:830} INFO - Processing file /opt/airflow/dags/churn_pipeline.py for tasks to queue
[2026-07-02T22:35:37.113+0000] {logging_mixin.py:188} INFO - [2026-07-02T22:35:37.112+0000] {dagbag.py:538} INFO - Filling up the DagBag from /opt/airflow/dags/churn_pipeline.py
[2026-07-02T22:35:41.397+0000] {processor.py:840} INFO - DAG(s) 'churn_pipeline' retrieved from /opt/airflow/dags/churn_pipeline.py
[2026-07-02T22:35:41.523+0000] {logging_mixin.py:188} INFO - [2026-07-02T22:35:41.522+0000] {dag.py:3036} INFO - Sync 1 DAGs
[2026-07-02T22:35:41.733+0000] {logging_mixin.py:188} INFO - [2026-07-02T22:35:41.732+0000] {dag.py:3823} INFO - Setting next_dagrun for churn_pipeline to 2026-07-02 22:33:00+00:00, run_after=2026-07-02 22:36:00+00:00
[2026-07-02T22:35:41.779+0000] {processor.py:183} INFO - Processing /opt/airflow/dags/churn_pipeline.py took 4.687 seconds
[2026-07-02T22:36:12.152+0000] {processor.py:161} INFO - Started process (PID=2449) to work on /opt/airflow/dags/churn_pipeline.py
[2026-07-02T22:36:12.156+0000] {processor.py:830} INFO - Processing file /opt/airflow/dags/churn_pipeline.py for tasks to queue
[2026-07-02T22:36:12.162+0000] {logging_mixin.py:188} INFO - [2026-07-02T22:36:12.160+0000] {dagbag.py:538} INFO - Filling up the DagBag from /opt/airflow/dags/churn_pipeline.py
[2026-07-02T22:36:22.662+0000] {processor.py:840} INFO - DAG(s) 'churn_pipeline' retrieved from /opt/airflow/dags/churn_pipeline.py
[2026-07-02T22:36:22.816+0000] {logging_mixin.py:188} INFO - [2026-07-02T22:36:22.815+0000] {dag.py:3036} INFO - Sync 1 DAGs
[2026-07-02T22:36:22.879+0000] {logging_mixin.py:188} INFO - [2026-07-02T22:36:22.879+0000] {dag.py:3823} INFO - Setting next_dagrun for churn_pipeline to 2026-07-02 22:36:00+00:00, run_after=2026-07-02 22:39:00+00:00
[2026-07-02T22:36:23.024+0000] {processor.py:183} INFO - Processing /opt/airflow/dags/churn_pipeline.py took 10.907 seconds
[2026-07-02T22:36:53.642+0000] {processor.py:161} INFO - Started process (PID=2558) to work on /opt/airflow/dags/churn_pipeline.py
[2026-07-02T22:36:53.649+0000] {processor.py:830} INFO - Processing file /opt/airflow/dags/churn_pipeline.py for tasks to queue
[2026-07-02T22:36:53.663+0000] {logging_mixin.py:188} INFO - [2026-07-02T22:36:53.658+0000] {dagbag.py:538} INFO - Filling up the DagBag from /opt/airflow/dags/churn_pipeline.py
[2026-07-02T22:37:04.329+0000] {processor.py:840} INFO - DAG(s) 'churn_pipeline' retrieved from /opt/airflow/dags/churn_pipeline.py
[2026-07-02T22:37:04.474+0000] {logging_mixin.py:188} INFO - [2026-07-02T22:37:04.474+0000] {dag.py:3036} INFO - Sync 1 DAGs
[2026-07-02T22:37:04.506+0000] {logging_mixin.py:188} INFO - [2026-07-02T22:37:04.506+0000] {dag.py:3823} INFO - Setting next_dagrun for churn_pipeline to 2026-07-02 22:36:00+00:00, run_after=2026-07-02 22:39:00+00:00
[2026-07-02T22:37:04.555+0000] {processor.py:183} INFO - Processing /opt/airflow/dags/churn_pipeline.py took 10.994 seconds
[2026-07-02T22:37:35.774+0000] {processor.py:161} INFO - Started process (PID=2635) to work on /opt/airflow/dags/churn_pipeline.py
[2026-07-02T22:37:35.809+0000] {processor.py:830} INFO - Processing file /opt/airflow/dags/churn_pipeline.py for tasks to queue
[2026-07-02T22:37:35.867+0000] {logging_mixin.py:188} INFO - [2026-07-02T22:37:35.842+0000] {dagbag.py:538} INFO - Filling up the DagBag from /opt/airflow/dags/churn_pipeline.py
[2026-07-02T22:37:42.341+0000] {processor.py:840} INFO - DAG(s) 'churn_pipeline' retrieved from /opt/airflow/dags/churn_pipeline.py
[2026-07-02T22:37:42.576+0000] {logging_mixin.py:188} INFO - [2026-07-02T22:37:42.576+0000] {dag.py:3036} INFO - Sync 1 DAGs
[2026-07-02T22:37:42.625+0000] {logging_mixin.py:188} INFO - [2026-07-02T22:37:42.624+0000] {dag.py:3823} INFO - Setting next_dagrun for churn_pipeline to 2026-07-02 22:36:00+00:00, run_after=2026-07-02 22:39:00+00:00
[2026-07-02T22:37:42.667+0000] {processor.py:183} INFO - Processing /opt/airflow/dags/churn_pipeline.py took 7.191 seconds
[2026-07-02T22:38:13.264+0000] {processor.py:161} INFO - Started process (PID=2648) to work on /opt/airflow/dags/churn_pipeline.py
[2026-07-02T22:38:13.272+0000] {processor.py:830} INFO - Processing file /opt/airflow/dags/churn_pipeline.py for tasks to queue
[2026-07-02T22:38:13.290+0000] {logging_mixin.py:188} INFO - [2026-07-02T22:38:13.281+0000] {dagbag.py:538} INFO - Filling up the DagBag from /opt/airflow/dags/churn_pipeline.py
[2026-07-02T22:38:25.336+0000] {processor.py:840} INFO - DAG(s) 'churn_pipeline' retrieved from /opt/airflow/dags/churn_pipeline.py
[2026-07-02T22:38:25.439+0000] {logging_mixin.py:188} INFO - [2026-07-02T22:38:25.437+0000] {dag.py:3036} INFO - Sync 1 DAGs
[2026-07-02T22:38:25.499+0000] {logging_mixin.py:188} INFO - [2026-07-02T22:38:25.499+0000] {dag.py:3823} INFO - Setting next_dagrun for churn_pipeline to 2026-07-02 22:36:00+00:00, run_after=2026-07-02 22:39:00+00:00
[2026-07-02T22:38:25.544+0000] {processor.py:183} INFO - Processing /opt/airflow/dags/churn_pipeline.py took 12.350 seconds
[2026-07-02T22:38:26.589+0000] {processor.py:161} INFO - Started process (PID=2661) to work on /opt/airflow/dags/churn_pipeline.py
[2026-07-02T22:38:26.593+0000] {processor.py:830} INFO - Processing file /opt/airflow/dags/churn_pipeline.py for tasks to queue
[2026-07-02T22:38:26.596+0000] {logging_mixin.py:188} INFO - [2026-07-02T22:38:26.595+0000] {dagbag.py:538} INFO - Filling up the DagBag from /opt/airflow/dags/churn_pipeline.py
[2026-07-02T22:38:26.622+0000] {logging_mixin.py:188} INFO - [2026-07-02T22:38:26.618+0000] {dagbag.py:348} ERROR - Failed to import: /opt/airflow/dags/churn_pipeline.py
Traceback (most recent call last):
  File "/home/airflow/.local/lib/python3.8/site-packages/airflow/models/dagbag.py", line 344, in parse
    loader.exec_module(new_module)
  File "<frozen importlib._bootstrap_external>", line 839, in exec_module
  File "<frozen importlib._bootstrap_external>", line 976, in get_code
  File "<frozen importlib._bootstrap_external>", line 906, in source_to_code
  File "<frozen importlib._bootstrap>", line 219, in _call_with_frames_removed
  File "/opt/airflow/dags/churn_pipeline.py", line 78
    model.fit(X_sc,y eval_set=[(X_test_sc, y_test)], verbose=False)
                     ^
SyntaxError: invalid syntax
[2026-07-02T22:38:26.624+0000] {processor.py:842} WARNING - No viable dags retrieved from /opt/airflow/dags/churn_pipeline.py
[2026-07-02T22:38:26.678+0000] {processor.py:183} INFO - Processing /opt/airflow/dags/churn_pipeline.py took 0.108 seconds
[2026-07-02T22:38:56.903+0000] {processor.py:161} INFO - Started process (PID=2662) to work on /opt/airflow/dags/churn_pipeline.py
[2026-07-02T22:38:56.908+0000] {processor.py:830} INFO - Processing file /opt/airflow/dags/churn_pipeline.py for tasks to queue
[2026-07-02T22:38:56.915+0000] {logging_mixin.py:188} INFO - [2026-07-02T22:38:56.914+0000] {dagbag.py:538} INFO - Filling up the DagBag from /opt/airflow/dags/churn_pipeline.py
[2026-07-02T22:38:56.949+0000] {logging_mixin.py:188} INFO - [2026-07-02T22:38:56.944+0000] {dagbag.py:348} ERROR - Failed to import: /opt/airflow/dags/churn_pipeline.py
Traceback (most recent call last):
  File "/home/airflow/.local/lib/python3.8/site-packages/airflow/models/dagbag.py", line 344, in parse
    loader.exec_module(new_module)
  File "<frozen importlib._bootstrap_external>", line 839, in exec_module
  File "<frozen importlib._bootstrap_external>", line 976, in get_code
  File "<frozen importlib._bootstrap_external>", line 906, in source_to_code
  File "<frozen importlib._bootstrap>", line 219, in _call_with_frames_removed
  File "/opt/airflow/dags/churn_pipeline.py", line 78
    model.fit(X_sc,y eval_set=[(X_test_sc, y_test)], verbose=False)
                     ^
SyntaxError: invalid syntax
[2026-07-02T22:38:56.950+0000] {processor.py:842} WARNING - No viable dags retrieved from /opt/airflow/dags/churn_pipeline.py
[2026-07-02T22:38:57.032+0000] {processor.py:183} INFO - Processing /opt/airflow/dags/churn_pipeline.py took 0.142 seconds
[2026-07-02T22:39:20.598+0000] {processor.py:161} INFO - Started process (PID=2663) to work on /opt/airflow/dags/churn_pipeline.py
[2026-07-02T22:39:20.602+0000] {processor.py:830} INFO - Processing file /opt/airflow/dags/churn_pipeline.py for tasks to queue
[2026-07-02T22:39:20.612+0000] {logging_mixin.py:188} INFO - [2026-07-02T22:39:20.608+0000] {dagbag.py:538} INFO - Filling up the DagBag from /opt/airflow/dags/churn_pipeline.py
[2026-07-02T22:39:35.087+0000] {processor.py:840} INFO - DAG(s) 'churn_pipeline' retrieved from /opt/airflow/dags/churn_pipeline.py
[2026-07-02T22:39:35.177+0000] {logging_mixin.py:188} INFO - [2026-07-02T22:39:35.176+0000] {dag.py:3036} INFO - Sync 1 DAGs
[2026-07-02T22:39:35.228+0000] {logging_mixin.py:188} INFO - [2026-07-02T22:39:35.227+0000] {dag.py:3823} INFO - Setting next_dagrun for churn_pipeline to 2026-07-02 22:36:00+00:00, run_after=2026-07-02 22:39:00+00:00
[2026-07-02T22:39:35.280+0000] {processor.py:183} INFO - Processing /opt/airflow/dags/churn_pipeline.py took 14.701 seconds
[2026-07-02T22:40:06.263+0000] {processor.py:161} INFO - Started process (PID=2728) to work on /opt/airflow/dags/churn_pipeline.py
[2026-07-02T22:40:06.319+0000] {processor.py:830} INFO - Processing file /opt/airflow/dags/churn_pipeline.py for tasks to queue
[2026-07-02T22:40:06.359+0000] {logging_mixin.py:188} INFO - [2026-07-02T22:40:06.344+0000] {dagbag.py:538} INFO - Filling up the DagBag from /opt/airflow/dags/churn_pipeline.py
[2026-07-02T22:40:18.241+0000] {processor.py:840} INFO - DAG(s) 'churn_pipeline' retrieved from /opt/airflow/dags/churn_pipeline.py
[2026-07-02T22:40:18.399+0000] {logging_mixin.py:188} INFO - [2026-07-02T22:40:18.398+0000] {dag.py:3036} INFO - Sync 1 DAGs
[2026-07-02T22:40:18.456+0000] {logging_mixin.py:188} INFO - [2026-07-02T22:40:18.456+0000] {dag.py:3823} INFO - Setting next_dagrun for churn_pipeline to 2026-07-02 22:39:00+00:00, run_after=2026-07-02 22:42:00+00:00
[2026-07-02T22:40:18.508+0000] {processor.py:183} INFO - Processing /opt/airflow/dags/churn_pipeline.py took 12.396 seconds
[2026-07-02T22:40:49.230+0000] {processor.py:161} INFO - Started process (PID=2849) to work on /opt/airflow/dags/churn_pipeline.py
[2026-07-02T22:40:49.236+0000] {processor.py:830} INFO - Processing file /opt/airflow/dags/churn_pipeline.py for tasks to queue
[2026-07-02T22:40:49.247+0000] {logging_mixin.py:188} INFO - [2026-07-02T22:40:49.242+0000] {dagbag.py:538} INFO - Filling up the DagBag from /opt/airflow/dags/churn_pipeline.py
[2026-07-02T22:40:54.909+0000] {processor.py:840} INFO - DAG(s) 'churn_pipeline' retrieved from /opt/airflow/dags/churn_pipeline.py
[2026-07-02T22:40:54.986+0000] {logging_mixin.py:188} INFO - [2026-07-02T22:40:54.986+0000] {dag.py:3036} INFO - Sync 1 DAGs
[2026-07-02T22:40:55.036+0000] {logging_mixin.py:188} INFO - [2026-07-02T22:40:55.035+0000] {dag.py:3823} INFO - Setting next_dagrun for churn_pipeline to 2026-07-02 22:39:00+00:00, run_after=2026-07-02 22:42:00+00:00
[2026-07-02T22:40:55.066+0000] {processor.py:183} INFO - Processing /opt/airflow/dags/churn_pipeline.py took 5.884 seconds
[2026-07-02T22:41:25.504+0000] {processor.py:161} INFO - Started process (PID=2888) to work on /opt/airflow/dags/churn_pipeline.py
[2026-07-02T22:41:25.510+0000] {processor.py:830} INFO - Processing file /opt/airflow/dags/churn_pipeline.py for tasks to queue
[2026-07-02T22:41:25.519+0000] {logging_mixin.py:188} INFO - [2026-07-02T22:41:25.515+0000] {dagbag.py:538} INFO - Filling up the DagBag from /opt/airflow/dags/churn_pipeline.py
[2026-07-02T22:41:36.496+0000] {processor.py:840} INFO - DAG(s) 'churn_pipeline' retrieved from /opt/airflow/dags/churn_pipeline.py
[2026-07-02T22:41:36.606+0000] {logging_mixin.py:188} INFO - [2026-07-02T22:41:36.604+0000] {dag.py:3036} INFO - Sync 1 DAGs
[2026-07-02T22:41:36.657+0000] {logging_mixin.py:188} INFO - [2026-07-02T22:41:36.657+0000] {dag.py:3823} INFO - Setting next_dagrun for churn_pipeline to 2026-07-02 22:39:00+00:00, run_after=2026-07-02 22:42:00+00:00
[2026-07-02T22:41:36.702+0000] {processor.py:183} INFO - Processing /opt/airflow/dags/churn_pipeline.py took 11.246 seconds
[2026-07-02T22:42:07.688+0000] {processor.py:161} INFO - Started process (PID=2901) to work on /opt/airflow/dags/churn_pipeline.py
[2026-07-02T22:42:07.697+0000] {processor.py:830} INFO - Processing file /opt/airflow/dags/churn_pipeline.py for tasks to queue
[2026-07-02T22:42:07.713+0000] {logging_mixin.py:188} INFO - [2026-07-02T22:42:07.706+0000] {dagbag.py:538} INFO - Filling up the DagBag from /opt/airflow/dags/churn_pipeline.py
[2026-07-02T22:42:26.630+0000] {processor.py:840} INFO - DAG(s) 'churn_pipeline' retrieved from /opt/airflow/dags/churn_pipeline.py
[2026-07-02T22:42:26.862+0000] {logging_mixin.py:188} INFO - [2026-07-02T22:42:26.859+0000] {dag.py:3036} INFO - Sync 1 DAGs
[2026-07-02T22:42:26.937+0000] {logging_mixin.py:188} INFO - [2026-07-02T22:42:26.937+0000] {dag.py:3823} INFO - Setting next_dagrun for churn_pipeline to 2026-07-02 22:42:00+00:00, run_after=2026-07-02 22:45:00+00:00
[2026-07-02T22:42:27.096+0000] {processor.py:183} INFO - Processing /opt/airflow/dags/churn_pipeline.py took 19.596 seconds
[2026-07-02T22:42:58.114+0000] {processor.py:161} INFO - Started process (PID=3018) to work on /opt/airflow/dags/churn_pipeline.py
[2026-07-02T22:42:58.119+0000] {processor.py:830} INFO - Processing file /opt/airflow/dags/churn_pipeline.py for tasks to queue
[2026-07-02T22:42:58.130+0000] {logging_mixin.py:188} INFO - [2026-07-02T22:42:58.124+0000] {dagbag.py:538} INFO - Filling up the DagBag from /opt/airflow/dags/churn_pipeline.py
[2026-07-02T22:43:04.062+0000] {processor.py:840} INFO - DAG(s) 'churn_pipeline' retrieved from /opt/airflow/dags/churn_pipeline.py
[2026-07-02T22:43:04.121+0000] {logging_mixin.py:188} INFO - [2026-07-02T22:43:04.120+0000] {dag.py:3036} INFO - Sync 1 DAGs
[2026-07-02T22:43:04.174+0000] {logging_mixin.py:188} INFO - [2026-07-02T22:43:04.173+0000] {dag.py:3823} INFO - Setting next_dagrun for churn_pipeline to 2026-07-02 22:42:00+00:00, run_after=2026-07-02 22:45:00+00:00
[2026-07-02T22:43:04.211+0000] {processor.py:183} INFO - Processing /opt/airflow/dags/churn_pipeline.py took 6.139 seconds
[2026-07-02T22:43:34.558+0000] {processor.py:161} INFO - Started process (PID=3130) to work on /opt/airflow/dags/churn_pipeline.py
[2026-07-02T22:43:34.580+0000] {processor.py:830} INFO - Processing file /opt/airflow/dags/churn_pipeline.py for tasks to queue
[2026-07-02T22:43:34.591+0000] {logging_mixin.py:188} INFO - [2026-07-02T22:43:34.589+0000] {dagbag.py:538} INFO - Filling up the DagBag from /opt/airflow/dags/churn_pipeline.py
[2026-07-02T22:43:46.879+0000] {processor.py:840} INFO - DAG(s) 'churn_pipeline' retrieved from /opt/airflow/dags/churn_pipeline.py
[2026-07-02T22:43:46.945+0000] {logging_mixin.py:188} INFO - [2026-07-02T22:43:46.944+0000] {dag.py:3036} INFO - Sync 1 DAGs
[2026-07-02T22:43:46.980+0000] {logging_mixin.py:188} INFO - [2026-07-02T22:43:46.980+0000] {dag.py:3823} INFO - Setting next_dagrun for churn_pipeline to 2026-07-02 22:42:00+00:00, run_after=2026-07-02 22:45:00+00:00
[2026-07-02T22:43:47.006+0000] {processor.py:183} INFO - Processing /opt/airflow/dags/churn_pipeline.py took 12.498 seconds
[2026-07-02T22:44:17.583+0000] {processor.py:161} INFO - Started process (PID=3260) to work on /opt/airflow/dags/churn_pipeline.py
[2026-07-02T22:44:17.590+0000] {processor.py:830} INFO - Processing file /opt/airflow/dags/churn_pipeline.py for tasks to queue
[2026-07-02T22:44:17.613+0000] {logging_mixin.py:188} INFO - [2026-07-02T22:44:17.602+0000] {dagbag.py:538} INFO - Filling up the DagBag from /opt/airflow/dags/churn_pipeline.py
[2026-07-02T22:44:26.126+0000] {processor.py:840} INFO - DAG(s) 'churn_pipeline' retrieved from /opt/airflow/dags/churn_pipeline.py
[2026-07-02T22:44:26.242+0000] {logging_mixin.py:188} INFO - [2026-07-02T22:44:26.241+0000] {dag.py:3036} INFO - Sync 1 DAGs
[2026-07-02T22:44:26.299+0000] {logging_mixin.py:188} INFO - [2026-07-02T22:44:26.299+0000] {dag.py:3823} INFO - Setting next_dagrun for churn_pipeline to 2026-07-02 22:42:00+00:00, run_after=2026-07-02 22:45:00+00:00
[2026-07-02T22:44:26.362+0000] {processor.py:183} INFO - Processing /opt/airflow/dags/churn_pipeline.py took 8.929 seconds
[2026-07-02T22:44:56.969+0000] {processor.py:161} INFO - Started process (PID=3325) to work on /opt/airflow/dags/churn_pipeline.py
[2026-07-02T22:44:56.976+0000] {processor.py:830} INFO - Processing file /opt/airflow/dags/churn_pipeline.py for tasks to queue
[2026-07-02T22:44:56.989+0000] {logging_mixin.py:188} INFO - [2026-07-02T22:44:56.984+0000] {dagbag.py:538} INFO - Filling up the DagBag from /opt/airflow/dags/churn_pipeline.py
[2026-07-02T22:45:09.453+0000] {processor.py:840} INFO - DAG(s) 'churn_pipeline' retrieved from /opt/airflow/dags/churn_pipeline.py
[2026-07-02T22:45:09.544+0000] {logging_mixin.py:188} INFO - [2026-07-02T22:45:09.543+0000] {dag.py:3036} INFO - Sync 1 DAGs
[2026-07-02T22:45:09.587+0000] {logging_mixin.py:188} INFO - [2026-07-02T22:45:09.586+0000] {dag.py:3823} INFO - Setting next_dagrun for churn_pipeline to 2026-07-02 22:45:00+00:00, run_after=2026-07-02 22:48:00+00:00
[2026-07-02T22:45:09.617+0000] {processor.py:183} INFO - Processing /opt/airflow/dags/churn_pipeline.py took 12.730 seconds
[2026-07-02T22:45:40.155+0000] {processor.py:161} INFO - Started process (PID=3416) to work on /opt/airflow/dags/churn_pipeline.py
[2026-07-02T22:45:40.162+0000] {processor.py:830} INFO - Processing file /opt/airflow/dags/churn_pipeline.py for tasks to queue
[2026-07-02T22:45:40.178+0000] {logging_mixin.py:188} INFO - [2026-07-02T22:45:40.171+0000] {dagbag.py:538} INFO - Filling up the DagBag from /opt/airflow/dags/churn_pipeline.py
[2026-07-02T22:45:46.366+0000] {processor.py:840} INFO - DAG(s) 'churn_pipeline' retrieved from /opt/airflow/dags/churn_pipeline.py
[2026-07-02T22:45:46.432+0000] {logging_mixin.py:188} INFO - [2026-07-02T22:45:46.431+0000] {dag.py:3036} INFO - Sync 1 DAGs
[2026-07-02T22:45:46.460+0000] {logging_mixin.py:188} INFO - [2026-07-02T22:45:46.460+0000] {dag.py:3823} INFO - Setting next_dagrun for churn_pipeline to 2026-07-02 22:45:00+00:00, run_after=2026-07-02 22:48:00+00:00
[2026-07-02T22:45:46.484+0000] {processor.py:183} INFO - Processing /opt/airflow/dags/churn_pipeline.py took 6.391 seconds
[2026-07-02T22:46:16.895+0000] {processor.py:161} INFO - Started process (PID=3537) to work on /opt/airflow/dags/churn_pipeline.py
[2026-07-02T22:46:16.899+0000] {processor.py:830} INFO - Processing file /opt/airflow/dags/churn_pipeline.py for tasks to queue
[2026-07-02T22:46:16.908+0000] {logging_mixin.py:188} INFO - [2026-07-02T22:46:16.904+0000] {dagbag.py:538} INFO - Filling up the DagBag from /opt/airflow/dags/churn_pipeline.py
[2026-07-02T22:46:23.523+0000] {processor.py:840} INFO - DAG(s) 'churn_pipeline' retrieved from /opt/airflow/dags/churn_pipeline.py
[2026-07-02T22:46:23.564+0000] {logging_mixin.py:188} INFO - [2026-07-02T22:46:23.564+0000] {dag.py:3036} INFO - Sync 1 DAGs
[2026-07-02T22:46:23.587+0000] {logging_mixin.py:188} INFO - [2026-07-02T22:46:23.586+0000] {dag.py:3823} INFO - Setting next_dagrun for churn_pipeline to 2026-07-02 22:45:00+00:00, run_after=2026-07-02 22:48:00+00:00
[2026-07-02T22:46:23.607+0000] {processor.py:183} INFO - Processing /opt/airflow/dags/churn_pipeline.py took 6.777 seconds
[2026-07-02T22:46:53.964+0000] {processor.py:161} INFO - Started process (PID=3550) to work on /opt/airflow/dags/churn_pipeline.py
[2026-07-02T22:46:53.968+0000] {processor.py:830} INFO - Processing file /opt/airflow/dags/churn_pipeline.py for tasks to queue
[2026-07-02T22:46:53.978+0000] {logging_mixin.py:188} INFO - [2026-07-02T22:46:53.973+0000] {dagbag.py:538} INFO - Filling up the DagBag from /opt/airflow/dags/churn_pipeline.py
[2026-07-02T22:47:00.802+0000] {processor.py:840} INFO - DAG(s) 'churn_pipeline' retrieved from /opt/airflow/dags/churn_pipeline.py
[2026-07-02T22:47:00.839+0000] {logging_mixin.py:188} INFO - [2026-07-02T22:47:00.839+0000] {dag.py:3036} INFO - Sync 1 DAGs
[2026-07-02T22:47:00.870+0000] {logging_mixin.py:188} INFO - [2026-07-02T22:47:00.870+0000] {dag.py:3823} INFO - Setting next_dagrun for churn_pipeline to 2026-07-02 22:45:00+00:00, run_after=2026-07-02 22:48:00+00:00
[2026-07-02T22:47:00.893+0000] {processor.py:183} INFO - Processing /opt/airflow/dags/churn_pipeline.py took 6.982 seconds
[2026-07-02T22:47:31.158+0000] {processor.py:161} INFO - Started process (PID=3563) to work on /opt/airflow/dags/churn_pipeline.py
[2026-07-02T22:47:31.162+0000] {processor.py:830} INFO - Processing file /opt/airflow/dags/churn_pipeline.py for tasks to queue
[2026-07-02T22:47:31.167+0000] {logging_mixin.py:188} INFO - [2026-07-02T22:47:31.165+0000] {dagbag.py:538} INFO - Filling up the DagBag from /opt/airflow/dags/churn_pipeline.py
[2026-07-02T22:47:35.758+0000] {processor.py:840} INFO - DAG(s) 'churn_pipeline' retrieved from /opt/airflow/dags/churn_pipeline.py
[2026-07-02T22:47:35.828+0000] {logging_mixin.py:188} INFO - [2026-07-02T22:47:35.827+0000] {dag.py:3036} INFO - Sync 1 DAGs
[2026-07-02T22:47:35.897+0000] {logging_mixin.py:188} INFO - [2026-07-02T22:47:35.896+0000] {dag.py:3823} INFO - Setting next_dagrun for churn_pipeline to 2026-07-02 22:45:00+00:00, run_after=2026-07-02 22:48:00+00:00
[2026-07-02T22:47:35.946+0000] {processor.py:183} INFO - Processing /opt/airflow/dags/churn_pipeline.py took 4.800 seconds
[2026-07-02T22:48:06.251+0000] {processor.py:161} INFO - Started process (PID=3589) to work on /opt/airflow/dags/churn_pipeline.py
[2026-07-02T22:48:06.255+0000] {processor.py:830} INFO - Processing file /opt/airflow/dags/churn_pipeline.py for tasks to queue
[2026-07-02T22:48:06.258+0000] {logging_mixin.py:188} INFO - [2026-07-02T22:48:06.257+0000] {dagbag.py:538} INFO - Filling up the DagBag from /opt/airflow/dags/churn_pipeline.py
[2026-07-02T22:48:17.180+0000] {processor.py:840} INFO - DAG(s) 'churn_pipeline' retrieved from /opt/airflow/dags/churn_pipeline.py
[2026-07-02T22:48:17.390+0000] {logging_mixin.py:188} INFO - [2026-07-02T22:48:17.388+0000] {dag.py:3036} INFO - Sync 1 DAGs
[2026-07-02T22:48:17.517+0000] {logging_mixin.py:188} INFO - [2026-07-02T22:48:17.516+0000] {dag.py:3823} INFO - Setting next_dagrun for churn_pipeline to 2026-07-02 22:48:00+00:00, run_after=2026-07-02 22:51:00+00:00
[2026-07-02T22:48:17.627+0000] {processor.py:183} INFO - Processing /opt/airflow/dags/churn_pipeline.py took 11.388 seconds
[2026-07-02T22:48:49.211+0000] {processor.py:161} INFO - Started process (PID=3667) to work on /opt/airflow/dags/churn_pipeline.py
[2026-07-02T22:48:49.235+0000] {processor.py:830} INFO - Processing file /opt/airflow/dags/churn_pipeline.py for tasks to queue
[2026-07-02T22:48:49.289+0000] {logging_mixin.py:188} INFO - [2026-07-02T22:48:49.264+0000] {dagbag.py:538} INFO - Filling up the DagBag from /opt/airflow/dags/churn_pipeline.py
[2026-07-02T22:49:05.482+0000] {processor.py:840} INFO - DAG(s) 'churn_pipeline' retrieved from /opt/airflow/dags/churn_pipeline.py
[2026-07-02T22:49:05.667+0000] {logging_mixin.py:188} INFO - [2026-07-02T22:49:05.666+0000] {dag.py:3036} INFO - Sync 1 DAGs
[2026-07-02T22:49:05.735+0000] {logging_mixin.py:188} INFO - [2026-07-02T22:49:05.734+0000] {dag.py:3823} INFO - Setting next_dagrun for churn_pipeline to 2026-07-02 22:48:00+00:00, run_after=2026-07-02 22:51:00+00:00
[2026-07-02T22:49:05.765+0000] {processor.py:183} INFO - Processing /opt/airflow/dags/churn_pipeline.py took 16.845 seconds
[2026-07-02T22:49:36.933+0000] {processor.py:161} INFO - Started process (PID=3762) to work on /opt/airflow/dags/churn_pipeline.py
[2026-07-02T22:49:36.949+0000] {processor.py:830} INFO - Processing file /opt/airflow/dags/churn_pipeline.py for tasks to queue
[2026-07-02T22:49:36.966+0000] {logging_mixin.py:188} INFO - [2026-07-02T22:49:36.958+0000] {dagbag.py:538} INFO - Filling up the DagBag from /opt/airflow/dags/churn_pipeline.py
[2026-07-02T22:49:50.296+0000] {processor.py:840} INFO - DAG(s) 'churn_pipeline' retrieved from /opt/airflow/dags/churn_pipeline.py
[2026-07-02T22:49:50.368+0000] {logging_mixin.py:188} INFO - [2026-07-02T22:49:50.367+0000] {dag.py:3036} INFO - Sync 1 DAGs
[2026-07-02T22:49:50.443+0000] {logging_mixin.py:188} INFO - [2026-07-02T22:49:50.442+0000] {dag.py:3823} INFO - Setting next_dagrun for churn_pipeline to 2026-07-02 22:48:00+00:00, run_after=2026-07-02 22:51:00+00:00
[2026-07-02T22:49:50.528+0000] {processor.py:183} INFO - Processing /opt/airflow/dags/churn_pipeline.py took 13.692 seconds
[2026-07-02T22:50:20.996+0000] {processor.py:161} INFO - Started process (PID=3801) to work on /opt/airflow/dags/churn_pipeline.py
[2026-07-02T22:50:21.001+0000] {processor.py:830} INFO - Processing file /opt/airflow/dags/churn_pipeline.py for tasks to queue
[2026-07-02T22:50:21.014+0000] {logging_mixin.py:188} INFO - [2026-07-02T22:50:21.008+0000] {dagbag.py:538} INFO - Filling up the DagBag from /opt/airflow/dags/churn_pipeline.py
[2026-07-02T22:50:28.958+0000] {processor.py:840} INFO - DAG(s) 'churn_pipeline' retrieved from /opt/airflow/dags/churn_pipeline.py
[2026-07-02T22:50:29.061+0000] {logging_mixin.py:188} INFO - [2026-07-02T22:50:29.061+0000] {dag.py:3036} INFO - Sync 1 DAGs
[2026-07-02T22:50:29.102+0000] {logging_mixin.py:188} INFO - [2026-07-02T22:50:29.101+0000] {dag.py:3823} INFO - Setting next_dagrun for churn_pipeline to 2026-07-02 22:48:00+00:00, run_after=2026-07-02 22:51:00+00:00
[2026-07-02T22:50:29.132+0000] {processor.py:183} INFO - Processing /opt/airflow/dags/churn_pipeline.py took 8.192 seconds
[2026-07-02T22:50:52.476+0000] {processor.py:161} INFO - Started process (PID=3814) to work on /opt/airflow/dags/churn_pipeline.py
[2026-07-02T22:50:52.480+0000] {processor.py:830} INFO - Processing file /opt/airflow/dags/churn_pipeline.py for tasks to queue
[2026-07-02T22:50:52.487+0000] {logging_mixin.py:188} INFO - [2026-07-02T22:50:52.484+0000] {dagbag.py:538} INFO - Filling up the DagBag from /opt/airflow/dags/churn_pipeline.py
[2026-07-02T22:51:00.790+0000] {processor.py:840} INFO - DAG(s) 'churn_pipeline' retrieved from /opt/airflow/dags/churn_pipeline.py
[2026-07-02T22:51:00.853+0000] {logging_mixin.py:188} INFO - [2026-07-02T22:51:00.851+0000] {dag.py:3036} INFO - Sync 1 DAGs
[2026-07-02T22:51:00.910+0000] {logging_mixin.py:188} INFO - [2026-07-02T22:51:00.910+0000] {dag.py:3823} INFO - Setting next_dagrun for churn_pipeline to 2026-07-02 22:51:00+00:00, run_after=2026-07-02 22:54:00+00:00
[2026-07-02T22:51:00.964+0000] {processor.py:183} INFO - Processing /opt/airflow/dags/churn_pipeline.py took 8.514 seconds
[2026-07-02T22:51:31.555+0000] {processor.py:161} INFO - Started process (PID=3853) to work on /opt/airflow/dags/churn_pipeline.py
[2026-07-02T22:51:31.560+0000] {processor.py:830} INFO - Processing file /opt/airflow/dags/churn_pipeline.py for tasks to queue
[2026-07-02T22:51:31.572+0000] {logging_mixin.py:188} INFO - [2026-07-02T22:51:31.566+0000] {dagbag.py:538} INFO - Filling up the DagBag from /opt/airflow/dags/churn_pipeline.py
[2026-07-02T22:51:37.002+0000] {processor.py:840} INFO - DAG(s) 'churn_pipeline' retrieved from /opt/airflow/dags/churn_pipeline.py
[2026-07-02T22:51:37.049+0000] {logging_mixin.py:188} INFO - [2026-07-02T22:51:37.048+0000] {dag.py:3036} INFO - Sync 1 DAGs
[2026-07-02T22:51:37.075+0000] {logging_mixin.py:188} INFO - [2026-07-02T22:51:37.075+0000] {dag.py:3823} INFO - Setting next_dagrun for churn_pipeline to 2026-07-02 22:51:00+00:00, run_after=2026-07-02 22:54:00+00:00
[2026-07-02T22:51:37.098+0000] {processor.py:183} INFO - Processing /opt/airflow/dags/churn_pipeline.py took 5.585 seconds
[2026-07-02T22:52:07.753+0000] {processor.py:161} INFO - Started process (PID=3931) to work on /opt/airflow/dags/churn_pipeline.py
[2026-07-02T22:52:07.767+0000] {processor.py:830} INFO - Processing file /opt/airflow/dags/churn_pipeline.py for tasks to queue
[2026-07-02T22:52:07.797+0000] {logging_mixin.py:188} INFO - [2026-07-02T22:52:07.783+0000] {dagbag.py:538} INFO - Filling up the DagBag from /opt/airflow/dags/churn_pipeline.py
[2026-07-02T22:52:28.479+0000] {processor.py:840} INFO - DAG(s) 'churn_pipeline' retrieved from /opt/airflow/dags/churn_pipeline.py
[2026-07-02T22:52:28.594+0000] {logging_mixin.py:188} INFO - [2026-07-02T22:52:28.593+0000] {dag.py:3036} INFO - Sync 1 DAGs
[2026-07-02T22:52:28.650+0000] {logging_mixin.py:188} INFO - [2026-07-02T22:52:28.650+0000] {dag.py:3823} INFO - Setting next_dagrun for churn_pipeline to 2026-07-02 22:51:00+00:00, run_after=2026-07-02 22:54:00+00:00
[2026-07-02T22:52:28.694+0000] {processor.py:183} INFO - Processing /opt/airflow/dags/churn_pipeline.py took 21.040 seconds
[2026-07-02T22:52:31.285+0000] {processor.py:161} INFO - Started process (PID=3959) to work on /opt/airflow/dags/churn_pipeline.py
[2026-07-02T22:52:31.304+0000] {processor.py:830} INFO - Processing file /opt/airflow/dags/churn_pipeline.py for tasks to queue
[2026-07-02T22:52:31.341+0000] {logging_mixin.py:188} INFO - [2026-07-02T22:52:31.326+0000] {dagbag.py:538} INFO - Filling up the DagBag from /opt/airflow/dags/churn_pipeline.py
[2026-07-02T22:52:41.394+0000] {processor.py:840} INFO - DAG(s) 'churn_pipeline' retrieved from /opt/airflow/dags/churn_pipeline.py
[2026-07-02T22:52:41.523+0000] {logging_mixin.py:188} INFO - [2026-07-02T22:52:41.522+0000] {dag.py:3036} INFO - Sync 1 DAGs
[2026-07-02T22:52:41.566+0000] {logging_mixin.py:188} INFO - [2026-07-02T22:52:41.566+0000] {dag.py:3823} INFO - Setting next_dagrun for churn_pipeline to 2026-07-02 22:51:00+00:00, run_after=2026-07-02 22:54:00+00:00
[2026-07-02T22:52:41.613+0000] {processor.py:183} INFO - Processing /opt/airflow/dags/churn_pipeline.py took 10.486 seconds
[2026-07-02T22:53:12.646+0000] {processor.py:161} INFO - Started process (PID=4054) to work on /opt/airflow/dags/churn_pipeline.py
[2026-07-02T22:53:12.661+0000] {processor.py:830} INFO - Processing file /opt/airflow/dags/churn_pipeline.py for tasks to queue
[2026-07-02T22:53:12.686+0000] {logging_mixin.py:188} INFO - [2026-07-02T22:53:12.674+0000] {dagbag.py:538} INFO - Filling up the DagBag from /opt/airflow/dags/churn_pipeline.py
[2026-07-02T22:53:21.525+0000] {processor.py:840} INFO - DAG(s) 'churn_pipeline' retrieved from /opt/airflow/dags/churn_pipeline.py
[2026-07-02T22:53:21.587+0000] {logging_mixin.py:188} INFO - [2026-07-02T22:53:21.586+0000] {dag.py:3036} INFO - Sync 1 DAGs
[2026-07-02T22:53:21.617+0000] {logging_mixin.py:188} INFO - [2026-07-02T22:53:21.616+0000] {dag.py:3823} INFO - Setting next_dagrun for churn_pipeline to 2026-07-02 22:51:00+00:00, run_after=2026-07-02 22:54:00+00:00
[2026-07-02T22:53:21.641+0000] {processor.py:183} INFO - Processing /opt/airflow/dags/churn_pipeline.py took 9.106 seconds
[2026-07-02T22:53:52.157+0000] {processor.py:161} INFO - Started process (PID=4123) to work on /opt/airflow/dags/churn_pipeline.py
[2026-07-02T22:53:52.174+0000] {processor.py:830} INFO - Processing file /opt/airflow/dags/churn_pipeline.py for tasks to queue
[2026-07-02T22:53:52.209+0000] {logging_mixin.py:188} INFO - [2026-07-02T22:53:52.192+0000] {dagbag.py:538} INFO - Filling up the DagBag from /opt/airflow/dags/churn_pipeline.py
[2026-07-02T22:54:04.849+0000] {processor.py:840} INFO - DAG(s) 'churn_pipeline' retrieved from /opt/airflow/dags/churn_pipeline.py
[2026-07-02T22:54:05.151+0000] {logging_mixin.py:188} INFO - [2026-07-02T22:54:05.150+0000] {dag.py:3036} INFO - Sync 1 DAGs
[2026-07-02T22:54:05.265+0000] {logging_mixin.py:188} INFO - [2026-07-02T22:54:05.264+0000] {dag.py:3823} INFO - Setting next_dagrun for churn_pipeline to 2026-07-02 22:54:00+00:00, run_after=2026-07-02 22:57:00+00:00
[2026-07-02T22:54:05.318+0000] {processor.py:183} INFO - Processing /opt/airflow/dags/churn_pipeline.py took 13.308 seconds
[2026-07-02T22:54:35.926+0000] {processor.py:161} INFO - Started process (PID=4214) to work on /opt/airflow/dags/churn_pipeline.py
[2026-07-02T22:54:35.931+0000] {processor.py:830} INFO - Processing file /opt/airflow/dags/churn_pipeline.py for tasks to queue
[2026-07-02T22:54:35.945+0000] {logging_mixin.py:188} INFO - [2026-07-02T22:54:35.939+0000] {dagbag.py:538} INFO - Filling up the DagBag from /opt/airflow/dags/churn_pipeline.py
[2026-07-02T22:54:43.398+0000] {processor.py:840} INFO - DAG(s) 'churn_pipeline' retrieved from /opt/airflow/dags/churn_pipeline.py
[2026-07-02T22:54:43.586+0000] {logging_mixin.py:188} INFO - [2026-07-02T22:54:43.585+0000] {dag.py:3036} INFO - Sync 1 DAGs
[2026-07-02T22:54:43.671+0000] {logging_mixin.py:188} INFO - [2026-07-02T22:54:43.670+0000] {dag.py:3823} INFO - Setting next_dagrun for churn_pipeline to 2026-07-02 22:54:00+00:00, run_after=2026-07-02 22:57:00+00:00
[2026-07-02T22:54:43.723+0000] {processor.py:183} INFO - Processing /opt/airflow/dags/churn_pipeline.py took 7.855 seconds
[2026-07-02T22:55:14.561+0000] {processor.py:161} INFO - Started process (PID=4330) to work on /opt/airflow/dags/churn_pipeline.py
[2026-07-02T22:55:14.586+0000] {processor.py:830} INFO - Processing file /opt/airflow/dags/churn_pipeline.py for tasks to queue
[2026-07-02T22:55:14.627+0000] {logging_mixin.py:188} INFO - [2026-07-02T22:55:14.612+0000] {dagbag.py:538} INFO - Filling up the DagBag from /opt/airflow/dags/churn_pipeline.py
[2026-07-02T22:55:23.953+0000] {processor.py:840} INFO - DAG(s) 'churn_pipeline' retrieved from /opt/airflow/dags/churn_pipeline.py
[2026-07-02T22:55:24.000+0000] {logging_mixin.py:188} INFO - [2026-07-02T22:55:24.000+0000] {dag.py:3036} INFO - Sync 1 DAGs
[2026-07-02T22:55:24.034+0000] {logging_mixin.py:188} INFO - [2026-07-02T22:55:24.034+0000] {dag.py:3823} INFO - Setting next_dagrun for churn_pipeline to 2026-07-02 22:54:00+00:00, run_after=2026-07-02 22:57:00+00:00
[2026-07-02T22:55:24.060+0000] {processor.py:183} INFO - Processing /opt/airflow/dags/churn_pipeline.py took 9.735 seconds
[2026-07-02T22:55:54.453+0000] {processor.py:161} INFO - Started process (PID=4406) to work on /opt/airflow/dags/churn_pipeline.py
[2026-07-02T22:55:54.458+0000] {processor.py:830} INFO - Processing file /opt/airflow/dags/churn_pipeline.py for tasks to queue
[2026-07-02T22:55:54.466+0000] {logging_mixin.py:188} INFO - [2026-07-02T22:55:54.462+0000] {dagbag.py:538} INFO - Filling up the DagBag from /opt/airflow/dags/churn_pipeline.py
[2026-07-02T22:55:59.663+0000] {processor.py:840} INFO - DAG(s) 'churn_pipeline' retrieved from /opt/airflow/dags/churn_pipeline.py
[2026-07-02T22:55:59.713+0000] {logging_mixin.py:188} INFO - [2026-07-02T22:55:59.712+0000] {dag.py:3036} INFO - Sync 1 DAGs
[2026-07-02T22:55:59.742+0000] {logging_mixin.py:188} INFO - [2026-07-02T22:55:59.742+0000] {dag.py:3823} INFO - Setting next_dagrun for churn_pipeline to 2026-07-02 22:54:00+00:00, run_after=2026-07-02 22:57:00+00:00
[2026-07-02T22:55:59.764+0000] {processor.py:183} INFO - Processing /opt/airflow/dags/churn_pipeline.py took 5.354 seconds
[2026-07-02T22:56:30.038+0000] {processor.py:161} INFO - Started process (PID=4419) to work on /opt/airflow/dags/churn_pipeline.py
[2026-07-02T22:56:30.040+0000] {processor.py:830} INFO - Processing file /opt/airflow/dags/churn_pipeline.py for tasks to queue
[2026-07-02T22:56:30.042+0000] {logging_mixin.py:188} INFO - [2026-07-02T22:56:30.041+0000] {dagbag.py:538} INFO - Filling up the DagBag from /opt/airflow/dags/churn_pipeline.py
[2026-07-02T22:56:33.269+0000] {processor.py:840} INFO - DAG(s) 'churn_pipeline' retrieved from /opt/airflow/dags/churn_pipeline.py
[2026-07-02T22:56:33.321+0000] {logging_mixin.py:188} INFO - [2026-07-02T22:56:33.321+0000] {dag.py:3036} INFO - Sync 1 DAGs
[2026-07-02T22:56:33.359+0000] {logging_mixin.py:188} INFO - [2026-07-02T22:56:33.359+0000] {dag.py:3823} INFO - Setting next_dagrun for churn_pipeline to 2026-07-02 22:54:00+00:00, run_after=2026-07-02 22:57:00+00:00
[2026-07-02T22:56:33.387+0000] {processor.py:183} INFO - Processing /opt/airflow/dags/churn_pipeline.py took 3.362 seconds
[2026-07-02T22:57:03.757+0000] {processor.py:161} INFO - Started process (PID=4434) to work on /opt/airflow/dags/churn_pipeline.py
[2026-07-02T22:57:03.766+0000] {processor.py:830} INFO - Processing file /opt/airflow/dags/churn_pipeline.py for tasks to queue
[2026-07-02T22:57:03.775+0000] {logging_mixin.py:188} INFO - [2026-07-02T22:57:03.770+0000] {dagbag.py:538} INFO - Filling up the DagBag from /opt/airflow/dags/churn_pipeline.py
[2026-07-02T22:57:21.497+0000] {processor.py:840} INFO - DAG(s) 'churn_pipeline' retrieved from /opt/airflow/dags/churn_pipeline.py
[2026-07-02T22:57:21.701+0000] {logging_mixin.py:188} INFO - [2026-07-02T22:57:21.698+0000] {dag.py:3036} INFO - Sync 1 DAGs
[2026-07-02T22:57:21.823+0000] {logging_mixin.py:188} INFO - [2026-07-02T22:57:21.823+0000] {dag.py:3823} INFO - Setting next_dagrun for churn_pipeline to 2026-07-02 22:57:00+00:00, run_after=2026-07-02 23:00:00+00:00
[2026-07-02T22:57:21.897+0000] {processor.py:183} INFO - Processing /opt/airflow/dags/churn_pipeline.py took 18.228 seconds
[2026-07-02T22:57:41.465+0000] {processor.py:161} INFO - Started process (PID=4497) to work on /opt/airflow/dags/churn_pipeline.py
[2026-07-02T22:57:41.475+0000] {processor.py:830} INFO - Processing file /opt/airflow/dags/churn_pipeline.py for tasks to queue
[2026-07-02T22:57:41.492+0000] {logging_mixin.py:188} INFO - [2026-07-02T22:57:41.485+0000] {dagbag.py:538} INFO - Filling up the DagBag from /opt/airflow/dags/churn_pipeline.py
[2026-07-02T22:57:58.115+0000] {processor.py:840} INFO - DAG(s) 'churn_pipeline' retrieved from /opt/airflow/dags/churn_pipeline.py
[2026-07-02T22:57:58.216+0000] {logging_mixin.py:188} INFO - [2026-07-02T22:57:58.215+0000] {dag.py:3036} INFO - Sync 1 DAGs
[2026-07-02T22:57:58.274+0000] {logging_mixin.py:188} INFO - [2026-07-02T22:57:58.273+0000] {dag.py:3823} INFO - Setting next_dagrun for churn_pipeline to 2026-07-02 22:57:00+00:00, run_after=2026-07-02 23:00:00+00:00
[2026-07-02T22:57:58.376+0000] {processor.py:183} INFO - Processing /opt/airflow/dags/churn_pipeline.py took 16.962 seconds
[2026-07-02T22:58:28.940+0000] {processor.py:161} INFO - Started process (PID=4606) to work on /opt/airflow/dags/churn_pipeline.py
[2026-07-02T22:58:28.945+0000] {processor.py:830} INFO - Processing file /opt/airflow/dags/churn_pipeline.py for tasks to queue
[2026-07-02T22:58:28.956+0000] {logging_mixin.py:188} INFO - [2026-07-02T22:58:28.951+0000] {dagbag.py:538} INFO - Filling up the DagBag from /opt/airflow/dags/churn_pipeline.py
[2026-07-02T22:58:36.997+0000] {processor.py:840} INFO - DAG(s) 'churn_pipeline' retrieved from /opt/airflow/dags/churn_pipeline.py
[2026-07-02T22:58:37.125+0000] {logging_mixin.py:188} INFO - [2026-07-02T22:58:37.124+0000] {dag.py:3036} INFO - Sync 1 DAGs
[2026-07-02T22:58:37.163+0000] {logging_mixin.py:188} INFO - [2026-07-02T22:58:37.163+0000] {dag.py:3823} INFO - Setting next_dagrun for churn_pipeline to 2026-07-02 22:57:00+00:00, run_after=2026-07-02 23:00:00+00:00
[2026-07-02T22:58:37.195+0000] {processor.py:183} INFO - Processing /opt/airflow/dags/churn_pipeline.py took 8.286 seconds
[2026-07-02T22:59:07.443+0000] {processor.py:161} INFO - Started process (PID=4619) to work on /opt/airflow/dags/churn_pipeline.py
[2026-07-02T22:59:07.445+0000] {processor.py:830} INFO - Processing file /opt/airflow/dags/churn_pipeline.py for tasks to queue
[2026-07-02T22:59:07.447+0000] {logging_mixin.py:188} INFO - [2026-07-02T22:59:07.446+0000] {dagbag.py:538} INFO - Filling up the DagBag from /opt/airflow/dags/churn_pipeline.py
[2026-07-02T22:59:11.852+0000] {processor.py:840} INFO - DAG(s) 'churn_pipeline' retrieved from /opt/airflow/dags/churn_pipeline.py
[2026-07-02T22:59:11.945+0000] {logging_mixin.py:188} INFO - [2026-07-02T22:59:11.945+0000] {dag.py:3036} INFO - Sync 1 DAGs
[2026-07-02T22:59:12.143+0000] {logging_mixin.py:188} INFO - [2026-07-02T22:59:12.142+0000] {dag.py:3823} INFO - Setting next_dagrun for churn_pipeline to 2026-07-02 22:57:00+00:00, run_after=2026-07-02 23:00:00+00:00
[2026-07-02T22:59:12.182+0000] {processor.py:183} INFO - Processing /opt/airflow/dags/churn_pipeline.py took 4.745 seconds
[2026-07-02T22:59:42.528+0000] {processor.py:161} INFO - Started process (PID=4632) to work on /opt/airflow/dags/churn_pipeline.py
[2026-07-02T22:59:42.531+0000] {processor.py:830} INFO - Processing file /opt/airflow/dags/churn_pipeline.py for tasks to queue
[2026-07-02T22:59:42.537+0000] {logging_mixin.py:188} INFO - [2026-07-02T22:59:42.534+0000] {dagbag.py:538} INFO - Filling up the DagBag from /opt/airflow/dags/churn_pipeline.py
[2026-07-02T22:59:52.621+0000] {processor.py:840} INFO - DAG(s) 'churn_pipeline' retrieved from /opt/airflow/dags/churn_pipeline.py
[2026-07-02T22:59:52.870+0000] {logging_mixin.py:188} INFO - [2026-07-02T22:59:52.869+0000] {dag.py:3036} INFO - Sync 1 DAGs
[2026-07-02T22:59:53.262+0000] {logging_mixin.py:188} INFO - [2026-07-02T22:59:53.262+0000] {dag.py:3823} INFO - Setting next_dagrun for churn_pipeline to 2026-07-02 22:57:00+00:00, run_after=2026-07-02 23:00:00+00:00
[2026-07-02T22:59:53.504+0000] {processor.py:183} INFO - Processing /opt/airflow/dags/churn_pipeline.py took 11.014 seconds
[2026-07-02T23:00:23.796+0000] {processor.py:161} INFO - Started process (PID=4645) to work on /opt/airflow/dags/churn_pipeline.py
[2026-07-02T23:00:23.799+0000] {processor.py:830} INFO - Processing file /opt/airflow/dags/churn_pipeline.py for tasks to queue
[2026-07-02T23:00:23.804+0000] {logging_mixin.py:188} INFO - [2026-07-02T23:00:23.801+0000] {dagbag.py:538} INFO - Filling up the DagBag from /opt/airflow/dags/churn_pipeline.py
[2026-07-02T23:00:28.810+0000] {processor.py:840} INFO - DAG(s) 'churn_pipeline' retrieved from /opt/airflow/dags/churn_pipeline.py
[2026-07-02T23:00:28.951+0000] {logging_mixin.py:188} INFO - [2026-07-02T23:00:28.951+0000] {dag.py:3036} INFO - Sync 1 DAGs
[2026-07-02T23:00:29.033+0000] {logging_mixin.py:188} INFO - [2026-07-02T23:00:29.033+0000] {dag.py:3823} INFO - Setting next_dagrun for churn_pipeline to 2026-07-02 22:57:00+00:00, run_after=2026-07-02 23:00:00+00:00
[2026-07-02T23:00:29.073+0000] {processor.py:183} INFO - Processing /opt/airflow/dags/churn_pipeline.py took 5.293 seconds
[2026-07-02T23:00:59.310+0000] {processor.py:161} INFO - Started process (PID=4658) to work on /opt/airflow/dags/churn_pipeline.py
[2026-07-02T23:00:59.313+0000] {processor.py:830} INFO - Processing file /opt/airflow/dags/churn_pipeline.py for tasks to queue
[2026-07-02T23:00:59.315+0000] {logging_mixin.py:188} INFO - [2026-07-02T23:00:59.314+0000] {dagbag.py:538} INFO - Filling up the DagBag from /opt/airflow/dags/churn_pipeline.py
[2026-07-02T23:01:02.773+0000] {processor.py:840} INFO - DAG(s) 'churn_pipeline' retrieved from /opt/airflow/dags/churn_pipeline.py
[2026-07-02T23:01:02.819+0000] {logging_mixin.py:188} INFO - [2026-07-02T23:01:02.818+0000] {dag.py:3036} INFO - Sync 1 DAGs
[2026-07-02T23:01:02.841+0000] {logging_mixin.py:188} INFO - [2026-07-02T23:01:02.841+0000] {dag.py:3823} INFO - Setting next_dagrun for churn_pipeline to 2026-07-02 22:57:00+00:00, run_after=2026-07-02 23:00:00+00:00
[2026-07-02T23:01:02.860+0000] {processor.py:183} INFO - Processing /opt/airflow/dags/churn_pipeline.py took 3.558 seconds
[2026-07-02T23:01:33.087+0000] {processor.py:161} INFO - Started process (PID=4671) to work on /opt/airflow/dags/churn_pipeline.py
[2026-07-02T23:01:33.089+0000] {processor.py:830} INFO - Processing file /opt/airflow/dags/churn_pipeline.py for tasks to queue
[2026-07-02T23:01:33.090+0000] {logging_mixin.py:188} INFO - [2026-07-02T23:01:33.090+0000] {dagbag.py:538} INFO - Filling up the DagBag from /opt/airflow/dags/churn_pipeline.py
[2026-07-02T23:01:36.378+0000] {processor.py:840} INFO - DAG(s) 'churn_pipeline' retrieved from /opt/airflow/dags/churn_pipeline.py
[2026-07-02T23:01:36.832+0000] {logging_mixin.py:188} INFO - [2026-07-02T23:01:36.831+0000] {dag.py:3036} INFO - Sync 1 DAGs
[2026-07-02T23:01:36.902+0000] {logging_mixin.py:188} INFO - [2026-07-02T23:01:36.902+0000] {dag.py:3823} INFO - Setting next_dagrun for churn_pipeline to 2026-07-02 22:57:00+00:00, run_after=2026-07-02 23:00:00+00:00
[2026-07-02T23:01:36.945+0000] {processor.py:183} INFO - Processing /opt/airflow/dags/churn_pipeline.py took 3.863 seconds
[2026-07-02T23:02:07.172+0000] {processor.py:161} INFO - Started process (PID=4684) to work on /opt/airflow/dags/churn_pipeline.py
[2026-07-02T23:02:07.173+0000] {processor.py:830} INFO - Processing file /opt/airflow/dags/churn_pipeline.py for tasks to queue
[2026-07-02T23:02:07.175+0000] {logging_mixin.py:188} INFO - [2026-07-02T23:02:07.174+0000] {dagbag.py:538} INFO - Filling up the DagBag from /opt/airflow/dags/churn_pipeline.py
[2026-07-02T23:02:10.406+0000] {processor.py:840} INFO - DAG(s) 'churn_pipeline' retrieved from /opt/airflow/dags/churn_pipeline.py
[2026-07-02T23:02:10.437+0000] {logging_mixin.py:188} INFO - [2026-07-02T23:02:10.436+0000] {dag.py:3036} INFO - Sync 1 DAGs
[2026-07-02T23:02:10.458+0000] {logging_mixin.py:188} INFO - [2026-07-02T23:02:10.457+0000] {dag.py:3823} INFO - Setting next_dagrun for churn_pipeline to 2026-07-02 22:57:00+00:00, run_after=2026-07-02 23:00:00+00:00
[2026-07-02T23:02:10.474+0000] {processor.py:183} INFO - Processing /opt/airflow/dags/churn_pipeline.py took 3.308 seconds
[2026-07-02T23:02:40.702+0000] {processor.py:161} INFO - Started process (PID=4697) to work on /opt/airflow/dags/churn_pipeline.py
[2026-07-02T23:02:40.703+0000] {processor.py:830} INFO - Processing file /opt/airflow/dags/churn_pipeline.py for tasks to queue
[2026-07-02T23:02:40.705+0000] {logging_mixin.py:188} INFO - [2026-07-02T23:02:40.704+0000] {dagbag.py:538} INFO - Filling up the DagBag from /opt/airflow/dags/churn_pipeline.py
[2026-07-02T23:02:43.783+0000] {processor.py:840} INFO - DAG(s) 'churn_pipeline' retrieved from /opt/airflow/dags/churn_pipeline.py
[2026-07-02T23:02:43.812+0000] {logging_mixin.py:188} INFO - [2026-07-02T23:02:43.812+0000] {dag.py:3036} INFO - Sync 1 DAGs
[2026-07-02T23:02:43.834+0000] {logging_mixin.py:188} INFO - [2026-07-02T23:02:43.834+0000] {dag.py:3823} INFO - Setting next_dagrun for churn_pipeline to 2026-07-02 22:57:00+00:00, run_after=2026-07-02 23:00:00+00:00
[2026-07-02T23:02:43.852+0000] {processor.py:183} INFO - Processing /opt/airflow/dags/churn_pipeline.py took 3.155 seconds
[2026-07-02T23:03:14.124+0000] {processor.py:161} INFO - Started process (PID=4710) to work on /opt/airflow/dags/churn_pipeline.py
[2026-07-02T23:03:14.126+0000] {processor.py:830} INFO - Processing file /opt/airflow/dags/churn_pipeline.py for tasks to queue
[2026-07-02T23:03:14.128+0000] {logging_mixin.py:188} INFO - [2026-07-02T23:03:14.127+0000] {dagbag.py:538} INFO - Filling up the DagBag from /opt/airflow/dags/churn_pipeline.py
[2026-07-02T23:03:17.308+0000] {processor.py:840} INFO - DAG(s) 'churn_pipeline' retrieved from /opt/airflow/dags/churn_pipeline.py
[2026-07-02T23:03:17.341+0000] {logging_mixin.py:188} INFO - [2026-07-02T23:03:17.340+0000] {dag.py:3036} INFO - Sync 1 DAGs
[2026-07-02T23:03:17.367+0000] {logging_mixin.py:188} INFO - [2026-07-02T23:03:17.366+0000] {dag.py:3823} INFO - Setting next_dagrun for churn_pipeline to 2026-07-02 23:00:00+00:00, run_after=2026-07-02 23:03:00+00:00
[2026-07-02T23:03:17.387+0000] {processor.py:183} INFO - Processing /opt/airflow/dags/churn_pipeline.py took 3.268 seconds
[2026-07-02T23:03:47.608+0000] {processor.py:161} INFO - Started process (PID=4723) to work on /opt/airflow/dags/churn_pipeline.py
[2026-07-02T23:03:47.609+0000] {processor.py:830} INFO - Processing file /opt/airflow/dags/churn_pipeline.py for tasks to queue
[2026-07-02T23:03:47.611+0000] {logging_mixin.py:188} INFO - [2026-07-02T23:03:47.610+0000] {dagbag.py:538} INFO - Filling up the DagBag from /opt/airflow/dags/churn_pipeline.py
[2026-07-02T23:03:50.874+0000] {processor.py:840} INFO - DAG(s) 'churn_pipeline' retrieved from /opt/airflow/dags/churn_pipeline.py
[2026-07-02T23:03:50.906+0000] {logging_mixin.py:188} INFO - [2026-07-02T23:03:50.905+0000] {dag.py:3036} INFO - Sync 1 DAGs
[2026-07-02T23:03:50.964+0000] {logging_mixin.py:188} INFO - [2026-07-02T23:03:50.964+0000] {dag.py:3823} INFO - Setting next_dagrun for churn_pipeline to 2026-07-02 23:00:00+00:00, run_after=2026-07-02 23:03:00+00:00
[2026-07-02T23:03:51.016+0000] {processor.py:183} INFO - Processing /opt/airflow/dags/churn_pipeline.py took 3.416 seconds
[2026-07-02T23:04:21.281+0000] {processor.py:161} INFO - Started process (PID=4736) to work on /opt/airflow/dags/churn_pipeline.py
[2026-07-02T23:04:21.283+0000] {processor.py:830} INFO - Processing file /opt/airflow/dags/churn_pipeline.py for tasks to queue
[2026-07-02T23:04:21.286+0000] {logging_mixin.py:188} INFO - [2026-07-02T23:04:21.285+0000] {dagbag.py:538} INFO - Filling up the DagBag from /opt/airflow/dags/churn_pipeline.py
[2026-07-02T23:04:26.038+0000] {processor.py:840} INFO - DAG(s) 'churn_pipeline' retrieved from /opt/airflow/dags/churn_pipeline.py
[2026-07-02T23:04:26.233+0000] {logging_mixin.py:188} INFO - [2026-07-02T23:04:26.232+0000] {dag.py:3036} INFO - Sync 1 DAGs
[2026-07-02T23:04:26.330+0000] {logging_mixin.py:188} INFO - [2026-07-02T23:04:26.329+0000] {dag.py:3823} INFO - Setting next_dagrun for churn_pipeline to 2026-07-02 23:00:00+00:00, run_after=2026-07-02 23:03:00+00:00
[2026-07-02T23:04:26.379+0000] {processor.py:183} INFO - Processing /opt/airflow/dags/churn_pipeline.py took 5.109 seconds
[2026-07-02T23:04:56.517+0000] {processor.py:161} INFO - Started process (PID=4749) to work on /opt/airflow/dags/churn_pipeline.py
[2026-07-02T23:04:56.519+0000] {processor.py:830} INFO - Processing file /opt/airflow/dags/churn_pipeline.py for tasks to queue
[2026-07-02T23:04:56.523+0000] {logging_mixin.py:188} INFO - [2026-07-02T23:04:56.521+0000] {dagbag.py:538} INFO - Filling up the DagBag from /opt/airflow/dags/churn_pipeline.py
[2026-07-02T23:05:04.958+0000] {processor.py:840} INFO - DAG(s) 'churn_pipeline' retrieved from /opt/airflow/dags/churn_pipeline.py
[2026-07-02T23:05:05.073+0000] {logging_mixin.py:188} INFO - [2026-07-02T23:05:05.072+0000] {dag.py:3036} INFO - Sync 1 DAGs
[2026-07-02T23:05:05.147+0000] {logging_mixin.py:188} INFO - [2026-07-02T23:05:05.146+0000] {dag.py:3823} INFO - Setting next_dagrun for churn_pipeline to 2026-07-02 23:00:00+00:00, run_after=2026-07-02 23:03:00+00:00
[2026-07-02T23:05:05.457+0000] {processor.py:183} INFO - Processing /opt/airflow/dags/churn_pipeline.py took 8.954 seconds
[2026-07-02T23:05:35.957+0000] {processor.py:161} INFO - Started process (PID=4826) to work on /opt/airflow/dags/churn_pipeline.py
[2026-07-02T23:05:35.963+0000] {processor.py:830} INFO - Processing file /opt/airflow/dags/churn_pipeline.py for tasks to queue
[2026-07-02T23:05:35.977+0000] {logging_mixin.py:188} INFO - [2026-07-02T23:05:35.972+0000] {dagbag.py:538} INFO - Filling up the DagBag from /opt/airflow/dags/churn_pipeline.py
[2026-07-02T23:05:43.590+0000] {processor.py:840} INFO - DAG(s) 'churn_pipeline' retrieved from /opt/airflow/dags/churn_pipeline.py
[2026-07-02T23:05:43.673+0000] {logging_mixin.py:188} INFO - [2026-07-02T23:05:43.672+0000] {dag.py:3036} INFO - Sync 1 DAGs
[2026-07-02T23:05:43.737+0000] {logging_mixin.py:188} INFO - [2026-07-02T23:05:43.737+0000] {dag.py:3823} INFO - Setting next_dagrun for churn_pipeline to 2026-07-02 23:03:00+00:00, run_after=2026-07-02 23:06:00+00:00
[2026-07-02T23:05:43.912+0000] {processor.py:183} INFO - Processing /opt/airflow/dags/churn_pipeline.py took 8.014 seconds
[2026-07-02T23:06:14.715+0000] {processor.py:161} INFO - Started process (PID=4909) to work on /opt/airflow/dags/churn_pipeline.py
[2026-07-02T23:06:14.735+0000] {processor.py:830} INFO - Processing file /opt/airflow/dags/churn_pipeline.py for tasks to queue
[2026-07-02T23:06:14.776+0000] {logging_mixin.py:188} INFO - [2026-07-02T23:06:14.759+0000] {dagbag.py:538} INFO - Filling up the DagBag from /opt/airflow/dags/churn_pipeline.py
