[2026-07-02T22:10:52.050+0000] {manager.py:469} INFO - Processing files using up to 2 processes at a time 
[2026-07-02T22:10:52.051+0000] {manager.py:470} INFO - Process each file at most once every 30 seconds
[2026-07-02T22:10:52.052+0000] {manager.py:471} INFO - Checking for new files in /opt/airflow/dags every 300 seconds
[2026-07-02T22:10:52.053+0000] {manager.py:738} INFO - Searching for files in /opt/airflow/dags
[2026-07-02T22:10:52.091+0000] {manager.py:741} INFO - There are 1 files in /opt/airflow/dags
[2026-07-02T22:10:53.037+0000] {manager.py:879} INFO - 
================================================================================
DAG File Processing Stats

File Path                              PID  Runtime      # DAGs    # Errors  Last Runtime    Last Run
-----------------------------------  -----  ---------  --------  ----------  --------------  ----------
/opt/airflow/dags/churn_pipeline.py    116  0.50s             0           0
================================================================================
[2026-07-02T22:11:23.391+0000] {manager.py:879} INFO - 
================================================================================
DAG File Processing Stats

File Path                            PID    Runtime      # DAGs    # Errors  Last Runtime    Last Run
-----------------------------------  -----  ---------  --------  ----------  --------------  -------------------
/opt/airflow/dags/churn_pipeline.py                           1           0  24.77s          2026-07-02T22:11:17
================================================================================
[2026-07-02T22:11:54.420+0000] {manager.py:879} INFO - 
================================================================================
DAG File Processing Stats

File Path                              PID  Runtime      # DAGs    # Errors  Last Runtime    Last Run
-----------------------------------  -----  ---------  --------  ----------  --------------  -------------------
/opt/airflow/dags/churn_pipeline.py    129  6.60s             1           0  24.77s          2026-07-02T22:11:17
================================================================================
[2026-07-02T22:12:24.422+0000] {manager.py:879} INFO - 
================================================================================
DAG File Processing Stats

File Path                            PID    Runtime      # DAGs    # Errors  Last Runtime    Last Run
-----------------------------------  -----  ---------  --------  ----------  --------------  -------------------
/opt/airflow/dags/churn_pipeline.py                           1           0  23.55s          2026-07-02T22:12:11
================================================================================
[2026-07-02T22:12:54.775+0000] {manager.py:879} INFO - 
================================================================================
DAG File Processing Stats

File Path                            PID    Runtime      # DAGs    # Errors  Last Runtime    Last Run
-----------------------------------  -----  ---------  --------  ----------  --------------  -------------------
/opt/airflow/dags/churn_pipeline.py                           1           0  6.73s           2026-07-02T22:12:48
================================================================================
[2026-07-02T22:13:24.892+0000] {manager.py:879} INFO - 
================================================================================
DAG File Processing Stats

File Path                            PID    Runtime      # DAGs    # Errors  Last Runtime    Last Run
-----------------------------------  -----  ---------  --------  ----------  --------------  -------------------
/opt/airflow/dags/churn_pipeline.py                           1           0  5.41s           2026-07-02T22:13:23
================================================================================
[2026-07-02T22:13:55.043+0000] {manager.py:879} INFO - 
================================================================================
DAG File Processing Stats

File Path                              PID  Runtime      # DAGs    # Errors  Last Runtime    Last Run
-----------------------------------  -----  ---------  --------  ----------  --------------  -------------------
/opt/airflow/dags/churn_pipeline.py    376  1.01s             1           0  5.41s           2026-07-02T22:13:23
================================================================================
[2026-07-02T22:14:25.198+0000] {manager.py:879} INFO - 
================================================================================
DAG File Processing Stats

File Path                            PID    Runtime      # DAGs    # Errors  Last Runtime    Last Run
-----------------------------------  -----  ---------  --------  ----------  --------------  -------------------
/opt/airflow/dags/churn_pipeline.py                           1           0  4.28s           2026-07-02T22:13:58
================================================================================
[2026-07-02T22:14:55.646+0000] {manager.py:879} INFO - 
================================================================================
DAG File Processing Stats

File Path                            PID    Runtime      # DAGs    # Errors  Last Runtime    Last Run
-----------------------------------  -----  ---------  --------  ----------  --------------  -------------------
/opt/airflow/dags/churn_pipeline.py                           1           0  3.06s           2026-07-02T22:14:31
================================================================================
[2026-07-02T22:15:25.858+0000] {manager.py:879} INFO - 
================================================================================
DAG File Processing Stats

File Path                            PID    Runtime      # DAGs    # Errors  Last Runtime    Last Run
-----------------------------------  -----  ---------  --------  ----------  --------------  -------------------
/opt/airflow/dags/churn_pipeline.py                           1           0  6.44s           2026-07-02T22:15:08
================================================================================
[2026-07-02T22:15:52.070+0000] {manager.py:738} INFO - Searching for files in /opt/airflow/dags
[2026-07-02T22:15:52.111+0000] {manager.py:741} INFO - There are 1 files in /opt/airflow/dags
[2026-07-02T22:15:56.193+0000] {manager.py:879} INFO - 
================================================================================
DAG File Processing Stats

File Path                            PID    Runtime      # DAGs    # Errors  Last Runtime    Last Run
-----------------------------------  -----  ---------  --------  ----------  --------------  -------------------
/opt/airflow/dags/churn_pipeline.py                           1           0  12.56s          2026-07-02T22:15:51
================================================================================
[2026-07-02T22:16:26.845+0000] {manager.py:879} INFO - 
================================================================================
DAG File Processing Stats

File Path                              PID  Runtime      # DAGs    # Errors  Last Runtime    Last Run
-----------------------------------  -----  ---------  --------  ----------  --------------  -------------------
/opt/airflow/dags/churn_pipeline.py    532  5.14s             1           0  12.56s          2026-07-02T22:15:51
================================================================================
[2026-07-02T22:16:57.017+0000] {manager.py:879} INFO - 
================================================================================
DAG File Processing Stats

File Path                            PID    Runtime      # DAGs    # Errors  Last Runtime    Last Run
-----------------------------------  -----  ---------  --------  ----------  --------------  -------------------
/opt/airflow/dags/churn_pipeline.py                           1           0  12.95s          2026-07-02T22:16:34
================================================================================
[2026-07-02T22:17:27.244+0000] {manager.py:879} INFO - 
================================================================================
DAG File Processing Stats

File Path                            PID    Runtime      # DAGs    # Errors  Last Runtime    Last Run
-----------------------------------  -----  ---------  --------  ----------  --------------  -------------------
/opt/airflow/dags/churn_pipeline.py                           1           0  9.59s           2026-07-02T22:17:14
================================================================================
[2026-07-02T22:17:57.859+0000] {manager.py:879} INFO - 
================================================================================
DAG File Processing Stats

File Path                            PID    Runtime      # DAGs    # Errors  Last Runtime    Last Run
-----------------------------------  -----  ---------  --------  ----------  --------------  -------------------
/opt/airflow/dags/churn_pipeline.py                           1           0  11.32s          2026-07-02T22:17:56
================================================================================
[2026-07-02T22:18:28.043+0000] {manager.py:879} INFO - 
================================================================================
DAG File Processing Stats

File Path                              PID  Runtime      # DAGs    # Errors  Last Runtime    Last Run
-----------------------------------  -----  ---------  --------  ----------  --------------  -------------------
/opt/airflow/dags/churn_pipeline.py    648  1.66s             1           0  11.32s          2026-07-02T22:17:56
================================================================================
[2026-07-02T22:18:58.552+0000] {manager.py:879} INFO - 
================================================================================
DAG File Processing Stats

File Path                            PID    Runtime      # DAGs    # Errors  Last Runtime    Last Run
-----------------------------------  -----  ---------  --------  ----------  --------------  -------------------
/opt/airflow/dags/churn_pipeline.py                           1           0  9.50s           2026-07-02T22:18:35
================================================================================
[2026-07-02T22:19:28.689+0000] {manager.py:879} INFO - 
================================================================================
DAG File Processing Stats

File Path                            PID    Runtime      # DAGs    # Errors  Last Runtime    Last Run
-----------------------------------  -----  ---------  --------  ----------  --------------  -------------------
/opt/airflow/dags/churn_pipeline.py                           1           0  16.14s          2026-07-02T22:19:23
================================================================================
[2026-07-02T22:19:59.113+0000] {manager.py:879} INFO - 
================================================================================
DAG File Processing Stats

File Path                              PID  Runtime      # DAGs    # Errors  Last Runtime    Last Run
-----------------------------------  -----  ---------  --------  ----------  --------------  -------------------
/opt/airflow/dags/churn_pipeline.py    778  5.09s             1           0  16.14s          2026-07-02T22:19:23
================================================================================
[2026-07-02T22:20:29.477+0000] {manager.py:879} INFO - 
================================================================================
DAG File Processing Stats

File Path                            PID    Runtime      # DAGs    # Errors  Last Runtime    Last Run
-----------------------------------  -----  ---------  --------  ----------  --------------  -------------------
/opt/airflow/dags/churn_pipeline.py                           1           0  13.50s          2026-07-02T22:20:07
================================================================================
[2026-07-02T22:20:52.867+0000] {manager.py:738} INFO - Searching for files in /opt/airflow/dags
[2026-07-02T22:20:52.910+0000] {manager.py:741} INFO - There are 1 files in /opt/airflow/dags
[2026-07-02T22:21:00.034+0000] {manager.py:879} INFO - 
================================================================================
DAG File Processing Stats

File Path                            PID    Runtime      # DAGs    # Errors  Last Runtime    Last Run
-----------------------------------  -----  ---------  --------  ----------  --------------  -------------------
/opt/airflow/dags/churn_pipeline.py                           1           0  18.37s          2026-07-02T22:20:56
================================================================================
[2026-07-02T22:21:30.684+0000] {manager.py:879} INFO - 
================================================================================
DAG File Processing Stats

File Path                              PID  Runtime      # DAGs    # Errors  Last Runtime    Last Run
-----------------------------------  -----  ---------  --------  ----------  --------------  -------------------
/opt/airflow/dags/churn_pipeline.py    941  4.11s             1           0  18.37s          2026-07-02T22:20:56
================================================================================
[2026-07-02T22:22:01.075+0000] {manager.py:879} INFO - 
================================================================================
DAG File Processing Stats

File Path                            PID    Runtime      # DAGs    # Errors  Last Runtime    Last Run
-----------------------------------  -----  ---------  --------  ----------  --------------  -------------------
/opt/airflow/dags/churn_pipeline.py                           1           0  22.81s          2026-07-02T22:21:49
================================================================================
[2026-07-02T22:22:31.866+0000] {manager.py:879} INFO - 
================================================================================
DAG File Processing Stats

File Path                            PID    Runtime      # DAGs    # Errors  Last Runtime    Last Run
-----------------------------------  -----  ---------  --------  ----------  --------------  -------------------
/opt/airflow/dags/churn_pipeline.py                           1           0  10.19s          2026-07-02T22:22:29
================================================================================
[2026-07-02T22:23:02.173+0000] {manager.py:879} INFO - 
================================================================================
DAG File Processing Stats

File Path                              PID  Runtime      # DAGs    # Errors  Last Runtime    Last Run
-----------------------------------  -----  ---------  --------  ----------  --------------  -------------------
/opt/airflow/dags/churn_pipeline.py   1151  2.03s             1           0  10.19s          2026-07-02T22:22:29
================================================================================
[2026-07-02T22:23:32.476+0000] {manager.py:879} INFO - 
================================================================================
DAG File Processing Stats

File Path                            PID    Runtime      # DAGs    # Errors  Last Runtime    Last Run
-----------------------------------  -----  ---------  --------  ----------  --------------  -------------------
/opt/airflow/dags/churn_pipeline.py                           1           0  5.37s           2026-07-02T22:23:05
================================================================================
[2026-07-02T22:24:02.955+0000] {manager.py:879} INFO - 
================================================================================
DAG File Processing Stats

File Path                            PID    Runtime      # DAGs    # Errors  Last Runtime    Last Run
-----------------------------------  -----  ---------  --------  ----------  --------------  -------------------
/opt/airflow/dags/churn_pipeline.py                           1           0  20.62s          2026-07-02T22:23:56
================================================================================
[2026-07-02T22:24:33.105+0000] {manager.py:879} INFO - 
================================================================================
DAG File Processing Stats

File Path                              PID  Runtime      # DAGs    # Errors  Last Runtime    Last Run
-----------------------------------  -----  ---------  --------  ----------  --------------  -------------------
/opt/airflow/dags/churn_pipeline.py   1362  6.42s             1           0  20.62s          2026-07-02T22:23:56
================================================================================
[2026-07-02T22:25:03.123+0000] {manager.py:879} INFO - 
================================================================================
DAG File Processing Stats

File Path                            PID    Runtime      # DAGs    # Errors  Last Runtime    Last Run
-----------------------------------  -----  ---------  --------  ----------  --------------  -------------------
/opt/airflow/dags/churn_pipeline.py                           1           0  10.30s          2026-07-02T22:24:36
================================================================================
[2026-07-02T22:25:33.142+0000] {manager.py:879} INFO - 
================================================================================
DAG File Processing Stats

File Path                            PID    Runtime      # DAGs    # Errors  Last Runtime    Last Run
-----------------------------------  -----  ---------  --------  ----------  --------------  -------------------
/opt/airflow/dags/churn_pipeline.py                           1           0  3.89s           2026-07-02T22:25:11
================================================================================
[2026-07-02T22:25:53.243+0000] {manager.py:738} INFO - Searching for files in /opt/airflow/dags
[2026-07-02T22:25:53.273+0000] {manager.py:741} INFO - There are 1 files in /opt/airflow/dags
[2026-07-02T22:26:03.379+0000] {manager.py:879} INFO - 
================================================================================
DAG File Processing Stats

File Path                            PID    Runtime      # DAGs    # Errors  Last Runtime    Last Run
-----------------------------------  -----  ---------  --------  ----------  --------------  -------------------
/opt/airflow/dags/churn_pipeline.py                           1           0  3.14s           2026-07-02T22:25:44
================================================================================
[2026-07-02T22:26:33.487+0000] {manager.py:879} INFO - 
================================================================================
DAG File Processing Stats

File Path                            PID    Runtime      # DAGs    # Errors  Last Runtime    Last Run
-----------------------------------  -----  ---------  --------  ----------  --------------  -------------------
/opt/airflow/dags/churn_pipeline.py                           1           0  4.91s           2026-07-02T22:26:19
================================================================================
[2026-07-02T22:27:03.731+0000] {manager.py:879} INFO - 
================================================================================
DAG File Processing Stats

File Path                            PID    Runtime      # DAGs    # Errors  Last Runtime    Last Run
-----------------------------------  -----  ---------  --------  ----------  --------------  -------------------
/opt/airflow/dags/churn_pipeline.py                           1           0  4.60s           2026-07-02T22:26:54
================================================================================
[2026-07-02T22:27:33.790+0000] {manager.py:879} INFO - 
================================================================================
DAG File Processing Stats

File Path                            PID    Runtime      # DAGs    # Errors  Last Runtime    Last Run
-----------------------------------  -----  ---------  --------  ----------  --------------  -------------------
/opt/airflow/dags/churn_pipeline.py                           1           0  5.37s           2026-07-02T22:27:29
================================================================================
[2026-07-02T22:28:04.059+0000] {manager.py:879} INFO - 
================================================================================
DAG File Processing Stats

File Path                              PID  Runtime      # DAGs    # Errors  Last Runtime    Last Run
-----------------------------------  -----  ---------  --------  ----------  --------------  -------------------
/opt/airflow/dags/churn_pipeline.py   1869  4.03s             1           0  5.37s           2026-07-02T22:27:29
================================================================================
[2026-07-02T22:28:34.237+0000] {manager.py:879} INFO - 
================================================================================
DAG File Processing Stats

File Path                              PID  Runtime      # DAGs    # Errors  Last Runtime    Last Run
-----------------------------------  -----  ---------  --------  ----------  --------------  -------------------
/opt/airflow/dags/churn_pipeline.py   1882  0.01s             1           0  4.17s           2026-07-02T22:28:04
================================================================================
[2026-07-02T22:29:04.491+0000] {manager.py:879} INFO - 
================================================================================
DAG File Processing Stats

File Path                            PID    Runtime      # DAGs    # Errors  Last Runtime    Last Run
-----------------------------------  -----  ---------  --------  ----------  --------------  -------------------
/opt/airflow/dags/churn_pipeline.py                           1           0  3.47s           2026-07-02T22:28:37
================================================================================
[2026-07-02T22:29:35.037+0000] {manager.py:879} INFO - 
================================================================================
DAG File Processing Stats

File Path                            PID    Runtime      # DAGs    # Errors  Last Runtime    Last Run
-----------------------------------  -----  ---------  --------  ----------  --------------  -------------------
/opt/airflow/dags/churn_pipeline.py                           1           0  4.23s           2026-07-02T22:29:12
================================================================================
[2026-07-02T22:30:05.412+0000] {manager.py:879} INFO - 
================================================================================
DAG File Processing Stats

File Path                            PID    Runtime      # DAGs    # Errors  Last Runtime    Last Run
-----------------------------------  -----  ---------  --------  ----------  --------------  -------------------
/opt/airflow/dags/churn_pipeline.py                           1           0  3.42s           2026-07-02T22:29:45
================================================================================
[2026-07-02T22:30:35.594+0000] {manager.py:879} INFO - 
================================================================================
DAG File Processing Stats

File Path                            PID    Runtime      # DAGs    # Errors  Last Runtime    Last Run
-----------------------------------  -----  ---------  --------  ----------  --------------  -------------------
/opt/airflow/dags/churn_pipeline.py                           1           0  4.83s           2026-07-02T22:30:20
================================================================================
[2026-07-02T22:30:53.693+0000] {manager.py:738} INFO - Searching for files in /opt/airflow/dags
[2026-07-02T22:30:53.726+0000] {manager.py:741} INFO - There are 1 files in /opt/airflow/dags
[2026-07-02T22:31:05.985+0000] {manager.py:879} INFO - 
================================================================================
DAG File Processing Stats

File Path                            PID    Runtime      # DAGs    # Errors  Last Runtime    Last Run
-----------------------------------  -----  ---------  --------  ----------  --------------  -------------------
/opt/airflow/dags/churn_pipeline.py                           1           0  4.13s           2026-07-02T22:30:55
================================================================================
[2026-07-02T22:31:36.214+0000] {manager.py:879} INFO - 
================================================================================
DAG File Processing Stats

File Path                            PID    Runtime      # DAGs    # Errors  Last Runtime    Last Run
-----------------------------------  -----  ---------  --------  ----------  --------------  -------------------
/opt/airflow/dags/churn_pipeline.py                           1           0  3.60s           2026-07-02T22:31:28
================================================================================
[2026-07-02T22:32:06.384+0000] {manager.py:879} INFO - 
================================================================================
DAG File Processing Stats

File Path                            PID    Runtime      # DAGs    # Errors  Last Runtime    Last Run
-----------------------------------  -----  ---------  --------  ----------  --------------  -------------------
/opt/airflow/dags/churn_pipeline.py                           1           0  3.67s           2026-07-02T22:32:02
================================================================================
[2026-07-02T22:32:36.696+0000] {manager.py:879} INFO - 
================================================================================
DAG File Processing Stats

File Path                            PID    Runtime      # DAGs    # Errors  Last Runtime    Last Run
-----------------------------------  -----  ---------  --------  ----------  --------------  -------------------
/opt/airflow/dags/churn_pipeline.py                           1           0  3.30s           2026-07-02T22:32:35
================================================================================
[2026-07-02T22:33:06.927+0000] {manager.py:879} INFO - 
================================================================================
DAG File Processing Stats

File Path                              PID  Runtime      # DAGs    # Errors  Last Runtime    Last Run
-----------------------------------  -----  ---------  --------  ----------  --------------  -------------------
/opt/airflow/dags/churn_pipeline.py   2197  0.79s             1           0  3.30s           2026-07-02T22:32:35
================================================================================
[2026-07-02T22:33:37.033+0000] {manager.py:879} INFO - 
================================================================================
DAG File Processing Stats

File Path                            PID    Runtime      # DAGs    # Errors  Last Runtime    Last Run
-----------------------------------  -----  ---------  --------  ----------  --------------  -------------------
/opt/airflow/dags/churn_pipeline.py                           1           0  7.76s           2026-07-02T22:33:13
================================================================================
[2026-07-02T22:34:07.314+0000] {manager.py:879} INFO - 
================================================================================
DAG File Processing Stats

File Path                            PID    Runtime      # DAGs    # Errors  Last Runtime    Last Run
-----------------------------------  -----  ---------  --------  ----------  --------------  -------------------
/opt/airflow/dags/churn_pipeline.py                           1           0  10.25s          2026-07-02T22:33:54
================================================================================
[2026-07-02T22:34:37.346+0000] {manager.py:879} INFO - 
================================================================================
DAG File Processing Stats

File Path                            PID    Runtime      # DAGs    # Errors  Last Runtime    Last Run
-----------------------------------  -----  ---------  --------  ----------  --------------  -------------------
/opt/airflow/dags/churn_pipeline.py                           1           0  5.68s           2026-07-02T22:34:30
================================================================================
[2026-07-02T22:35:07.866+0000] {manager.py:879} INFO - 
================================================================================
DAG File Processing Stats

File Path                            PID    Runtime      # DAGs    # Errors  Last Runtime    Last Run
-----------------------------------  -----  ---------  --------  ----------  --------------  -------------------
/opt/airflow/dags/churn_pipeline.py                           1           0  6.35s           2026-07-02T22:35:06
================================================================================
[2026-07-02T22:35:38.077+0000] {manager.py:879} INFO - 
================================================================================
DAG File Processing Stats

File Path                              PID  Runtime      # DAGs    # Errors  Last Runtime    Last Run
-----------------------------------  -----  ---------  --------  ----------  --------------  -------------------
/opt/airflow/dags/churn_pipeline.py   2410  1.02s             1           0  6.35s           2026-07-02T22:35:06
================================================================================
[2026-07-02T22:35:53.893+0000] {manager.py:738} INFO - Searching for files in /opt/airflow/dags
[2026-07-02T22:35:53.924+0000] {manager.py:741} INFO - There are 1 files in /opt/airflow/dags
[2026-07-02T22:36:08.240+0000] {manager.py:879} INFO - 
================================================================================
DAG File Processing Stats

File Path                            PID    Runtime      # DAGs    # Errors  Last Runtime    Last Run
-----------------------------------  -----  ---------  --------  ----------  --------------  -------------------
/opt/airflow/dags/churn_pipeline.py                           1           0  4.78s           2026-07-02T22:35:41
================================================================================
[2026-07-02T22:36:38.254+0000] {manager.py:879} INFO - 
================================================================================
DAG File Processing Stats

File Path                            PID    Runtime      # DAGs    # Errors  Last Runtime    Last Run
-----------------------------------  -----  ---------  --------  ----------  --------------  -------------------
/opt/airflow/dags/churn_pipeline.py                           1           0  11.03s          2026-07-02T22:36:23
================================================================================
[2026-07-02T22:37:08.654+0000] {manager.py:879} INFO - 
================================================================================
DAG File Processing Stats

File Path                            PID    Runtime      # DAGs    # Errors  Last Runtime    Last Run
-----------------------------------  -----  ---------  --------  ----------  --------------  -------------------
/opt/airflow/dags/churn_pipeline.py                           1           0  11.17s          2026-07-02T22:37:04
================================================================================
[2026-07-02T22:37:39.206+0000] {manager.py:879} INFO - 
================================================================================
DAG File Processing Stats

File Path                              PID  Runtime      # DAGs    # Errors  Last Runtime    Last Run
-----------------------------------  -----  ---------  --------  ----------  --------------  -------------------
/opt/airflow/dags/churn_pipeline.py   2635  4.07s             1           0  11.17s          2026-07-02T22:37:04
================================================================================
[2026-07-02T22:38:09.396+0000] {manager.py:879} INFO - 
================================================================================
DAG File Processing Stats

File Path                            PID    Runtime      # DAGs    # Errors  Last Runtime    Last Run
-----------------------------------  -----  ---------  --------  ----------  --------------  -------------------
/opt/airflow/dags/churn_pipeline.py                           1           0  7.59s           2026-07-02T22:37:42
================================================================================
[2026-07-02T22:38:39.722+0000] {manager.py:879} INFO - 
================================================================================
DAG File Processing Stats

File Path                            PID    Runtime      # DAGs    # Errors  Last Runtime    Last Run
-----------------------------------  -----  ---------  --------  ----------  --------------  -------------------
/opt/airflow/dags/churn_pipeline.py                           0           1  0.16s           2026-07-02T22:38:26
================================================================================
[2026-07-02T22:39:09.967+0000] {manager.py:879} INFO - 
================================================================================
DAG File Processing Stats

File Path                            PID    Runtime      # DAGs    # Errors  Last Runtime    Last Run
-----------------------------------  -----  ---------  --------  ----------  --------------  -------------------
/opt/airflow/dags/churn_pipeline.py                           0           1  0.22s           2026-07-02T22:38:57
================================================================================
[2026-07-02T22:39:40.402+0000] {manager.py:879} INFO - 
================================================================================
DAG File Processing Stats

File Path                            PID    Runtime      # DAGs    # Errors  Last Runtime    Last Run
-----------------------------------  -----  ---------  --------  ----------  --------------  -------------------
/opt/airflow/dags/churn_pipeline.py                           1           0  14.89s          2026-07-02T22:39:35
================================================================================
[2026-07-02T22:40:11.070+0000] {manager.py:879} INFO - 
================================================================================
DAG File Processing Stats

File Path                              PID  Runtime      # DAGs    # Errors  Last Runtime    Last Run
-----------------------------------  -----  ---------  --------  ----------  --------------  -------------------
/opt/airflow/dags/churn_pipeline.py   2728  5.21s             1           0  14.89s          2026-07-02T22:39:35
================================================================================
[2026-07-02T22:40:41.461+0000] {manager.py:879} INFO - 
================================================================================
DAG File Processing Stats

File Path                            PID    Runtime      # DAGs    # Errors  Last Runtime    Last Run
-----------------------------------  -----  ---------  --------  ----------  --------------  -------------------
/opt/airflow/dags/churn_pipeline.py                           1           0  12.88s          2026-07-02T22:40:18
================================================================================
[2026-07-02T22:40:54.149+0000] {manager.py:738} INFO - Searching for files in /opt/airflow/dags
[2026-07-02T22:40:54.183+0000] {manager.py:741} INFO - There are 1 files in /opt/airflow/dags
[2026-07-02T22:41:11.717+0000] {manager.py:879} INFO - 
================================================================================
DAG File Processing Stats

File Path                            PID    Runtime      # DAGs    # Errors  Last Runtime    Last Run
-----------------------------------  -----  ---------  --------  ----------  --------------  -------------------
/opt/airflow/dags/churn_pipeline.py                           1           0  6.03s           2026-07-02T22:40:55
================================================================================
[2026-07-02T22:41:41.856+0000] {manager.py:879} INFO - 
================================================================================
DAG File Processing Stats

File Path                            PID    Runtime      # DAGs    # Errors  Last Runtime    Last Run
-----------------------------------  -----  ---------  --------  ----------  --------------  -------------------
/opt/airflow/dags/churn_pipeline.py                           1           0  11.40s          2026-07-02T22:41:36
================================================================================
[2026-07-02T22:42:12.434+0000] {manager.py:879} INFO - 
================================================================================
DAG File Processing Stats

File Path                              PID  Runtime      # DAGs    # Errors  Last Runtime    Last Run
-----------------------------------  -----  ---------  --------  ----------  --------------  -------------------
/opt/airflow/dags/churn_pipeline.py   2901  5.13s             1           0  11.40s          2026-07-02T22:41:36
================================================================================
[2026-07-02T22:42:42.681+0000] {manager.py:879} INFO - 
================================================================================
DAG File Processing Stats

File Path                            PID    Runtime      # DAGs    # Errors  Last Runtime    Last Run
-----------------------------------  -----  ---------  --------  ----------  --------------  -------------------
/opt/airflow/dags/churn_pipeline.py                           1           0  19.99s          2026-07-02T22:42:27
================================================================================
[2026-07-02T22:43:13.118+0000] {manager.py:879} INFO - 
================================================================================
DAG File Processing Stats

File Path                            PID    Runtime      # DAGs    # Errors  Last Runtime    Last Run
-----------------------------------  -----  ---------  --------  ----------  --------------  -------------------
/opt/airflow/dags/churn_pipeline.py                           1           0  6.31s           2026-07-02T22:43:04
================================================================================
[2026-07-02T22:43:43.877+0000] {manager.py:879} INFO - 
================================================================================
DAG File Processing Stats

File Path                              PID  Runtime      # DAGs    # Errors  Last Runtime    Last Run
-----------------------------------  -----  ---------  --------  ----------  --------------  -------------------
/opt/airflow/dags/churn_pipeline.py   3130  9.35s             1           0  6.31s           2026-07-02T22:43:04
================================================================================
[2026-07-02T22:44:14.153+0000] {manager.py:879} INFO - 
================================================================================
DAG File Processing Stats

File Path                            PID    Runtime      # DAGs    # Errors  Last Runtime    Last Run
-----------------------------------  -----  ---------  --------  ----------  --------------  -------------------
/opt/airflow/dags/churn_pipeline.py                           1           0  12.60s          2026-07-02T22:43:47
================================================================================
[2026-07-02T22:44:44.610+0000] {manager.py:879} INFO - 
================================================================================
DAG File Processing Stats

File Path                            PID    Runtime      # DAGs    # Errors  Last Runtime    Last Run
-----------------------------------  -----  ---------  --------  ----------  --------------  -------------------
/opt/airflow/dags/churn_pipeline.py                           1           0  9.21s           2026-07-02T22:44:26
================================================================================
[2026-07-02T22:45:14.749+0000] {manager.py:879} INFO - 
================================================================================
DAG File Processing Stats

File Path                            PID    Runtime      # DAGs    # Errors  Last Runtime    Last Run
-----------------------------------  -----  ---------  --------  ----------  --------------  -------------------
/opt/airflow/dags/churn_pipeline.py                           1           0  12.91s          2026-07-02T22:45:09
================================================================================
[2026-07-02T22:45:45.065+0000] {manager.py:879} INFO - 
================================================================================
DAG File Processing Stats

File Path                              PID  Runtime      # DAGs    # Errors  Last Runtime    Last Run
-----------------------------------  -----  ---------  --------  ----------  --------------  -------------------
/opt/airflow/dags/churn_pipeline.py   3416  5.05s             1           0  12.91s          2026-07-02T22:45:09
================================================================================
[2026-07-02T22:45:54.211+0000] {manager.py:738} INFO - Searching for files in /opt/airflow/dags
[2026-07-02T22:45:54.242+0000] {manager.py:741} INFO - There are 1 files in /opt/airflow/dags
[2026-07-02T22:46:15.395+0000] {manager.py:879} INFO - 
================================================================================
DAG File Processing Stats

File Path                            PID    Runtime      # DAGs    # Errors  Last Runtime    Last Run
-----------------------------------  -----  ---------  --------  ----------  --------------  -------------------
/opt/airflow/dags/churn_pipeline.py                           1           0  6.52s           2026-07-02T22:45:46
================================================================================
[2026-07-02T22:46:45.626+0000] {manager.py:879} INFO - 
================================================================================
DAG File Processing Stats

File Path                            PID    Runtime      # DAGs    # Errors  Last Runtime    Last Run
-----------------------------------  -----  ---------  --------  ----------  --------------  -------------------
/opt/airflow/dags/churn_pipeline.py                           1           0  6.88s           2026-07-02T22:46:23
================================================================================
[2026-07-02T22:47:15.986+0000] {manager.py:879} INFO - 
================================================================================
DAG File Processing Stats

File Path                            PID    Runtime      # DAGs    # Errors  Last Runtime    Last Run
-----------------------------------  -----  ---------  --------  ----------  --------------  -------------------
/opt/airflow/dags/churn_pipeline.py                           1           0  7.10s           2026-07-02T22:47:00
================================================================================
[2026-07-02T22:47:46.077+0000] {manager.py:879} INFO - 
================================================================================
DAG File Processing Stats

File Path                            PID    Runtime      # DAGs    # Errors  Last Runtime    Last Run
-----------------------------------  -----  ---------  --------  ----------  --------------  -------------------
/opt/airflow/dags/churn_pipeline.py                           1           0  4.92s           2026-07-02T22:47:36
================================================================================
[2026-07-02T22:48:16.553+0000] {manager.py:879} INFO - 
================================================================================
DAG File Processing Stats

File Path                              PID  Runtime      # DAGs    # Errors  Last Runtime    Last Run
-----------------------------------  -----  ---------  --------  ----------  --------------  -------------------
/opt/airflow/dags/churn_pipeline.py   3589  10.31s            1           0  4.92s           2026-07-02T22:47:36
================================================================================
[2026-07-02T22:48:46.791+0000] {manager.py:879} INFO - 
================================================================================
DAG File Processing Stats

File Path                            PID    Runtime      # DAGs    # Errors  Last Runtime    Last Run
-----------------------------------  -----  ---------  --------  ----------  --------------  -------------------
/opt/airflow/dags/churn_pipeline.py                           1           0  11.77s          2026-07-02T22:48:17
================================================================================
[2026-07-02T22:49:17.181+0000] {manager.py:879} INFO - 
================================================================================
DAG File Processing Stats

File Path                            PID    Runtime      # DAGs    # Errors  Last Runtime    Last Run
-----------------------------------  -----  ---------  --------  ----------  --------------  -------------------
/opt/airflow/dags/churn_pipeline.py                           1           0  17.31s          2026-07-02T22:49:05
================================================================================
[2026-07-02T22:49:47.870+0000] {manager.py:879} INFO - 
================================================================================
DAG File Processing Stats

File Path                              PID  Runtime      # DAGs    # Errors  Last Runtime    Last Run
-----------------------------------  -----  ---------  --------  ----------  --------------  -------------------
/opt/airflow/dags/churn_pipeline.py   3762  11.12s            1           0  17.31s          2026-07-02T22:49:05
================================================================================
[2026-07-02T22:50:18.099+0000] {manager.py:879} INFO - 
================================================================================
DAG File Processing Stats

File Path                            PID    Runtime      # DAGs    # Errors  Last Runtime    Last Run
-----------------------------------  -----  ---------  --------  ----------  --------------  -------------------
/opt/airflow/dags/churn_pipeline.py                           1           0  13.86s          2026-07-02T22:49:50
================================================================================
[2026-07-02T22:50:48.301+0000] {manager.py:879} INFO - 
================================================================================
DAG File Processing Stats

File Path                            PID    Runtime      # DAGs    # Errors  Last Runtime    Last Run
-----------------------------------  -----  ---------  --------  ----------  --------------  -------------------
/opt/airflow/dags/churn_pipeline.py                           1           0  8.34s           2026-07-02T22:50:29
================================================================================
[2026-07-02T22:50:54.430+0000] {manager.py:738} INFO - Searching for files in /opt/airflow/dags
[2026-07-02T22:50:54.492+0000] {manager.py:741} INFO - There are 1 files in /opt/airflow/dags
[2026-07-02T22:51:18.804+0000] {manager.py:879} INFO - 
================================================================================
DAG File Processing Stats

File Path                            PID    Runtime      # DAGs    # Errors  Last Runtime    Last Run
-----------------------------------  -----  ---------  --------  ----------  --------------  -------------------
/opt/airflow/dags/churn_pipeline.py                           1           0  8.65s           2026-07-02T22:51:01
================================================================================
[2026-07-02T22:51:48.987+0000] {manager.py:879} INFO - 
================================================================================
DAG File Processing Stats

File Path                            PID    Runtime      # DAGs    # Errors  Last Runtime    Last Run
-----------------------------------  -----  ---------  --------  ----------  --------------  -------------------
/opt/airflow/dags/churn_pipeline.py                           1           0  5.74s           2026-07-02T22:51:37
================================================================================
[2026-07-02T22:52:19.630+0000] {manager.py:879} INFO - 
================================================================================
DAG File Processing Stats

File Path                              PID  Runtime      # DAGs    # Errors  Last Runtime    Last Run
-----------------------------------  -----  ---------  --------  ----------  --------------  -------------------
/opt/airflow/dags/churn_pipeline.py   3931  11.97s            1           0  5.74s           2026-07-02T22:51:37
================================================================================
[2026-07-02T22:52:49.757+0000] {manager.py:879} INFO - 
================================================================================
DAG File Processing Stats

File Path                            PID    Runtime      # DAGs    # Errors  Last Runtime    Last Run
-----------------------------------  -----  ---------  --------  ----------  --------------  -------------------
/opt/airflow/dags/churn_pipeline.py                           1           0  10.75s          2026-07-02T22:52:41
================================================================================
[2026-07-02T22:53:20.510+0000] {manager.py:879} INFO - 
================================================================================
DAG File Processing Stats

File Path                              PID  Runtime      # DAGs    # Errors  Last Runtime    Last Run
-----------------------------------  -----  ---------  --------  ----------  --------------  -------------------
/opt/airflow/dags/churn_pipeline.py   4054  8.10s             1           0  10.75s          2026-07-02T22:52:41
================================================================================
[2026-07-02T22:53:50.737+0000] {manager.py:879} INFO - 
================================================================================
DAG File Processing Stats

File Path                            PID    Runtime      # DAGs    # Errors  Last Runtime    Last Run
-----------------------------------  -----  ---------  --------  ----------  --------------  -------------------
/opt/airflow/dags/churn_pipeline.py                           1           0  9.29s           2026-07-02T22:53:21
================================================================================
[2026-07-02T22:54:21.265+0000] {manager.py:879} INFO - 
================================================================================
DAG File Processing Stats

File Path                            PID    Runtime      # DAGs    # Errors  Last Runtime    Last Run
-----------------------------------  -----  ---------  --------  ----------  --------------  -------------------
/opt/airflow/dags/churn_pipeline.py                           1           0  13.66s          2026-07-02T22:54:05
================================================================================
[2026-07-02T22:54:51.447+0000] {manager.py:879} INFO - 
================================================================================
DAG File Processing Stats

File Path                            PID    Runtime      # DAGs    # Errors  Last Runtime    Last Run
-----------------------------------  -----  ---------  --------  ----------  --------------  -------------------
/opt/airflow/dags/churn_pipeline.py                           1           0  7.99s           2026-07-02T22:54:43
================================================================================
[2026-07-02T22:55:21.691+0000] {manager.py:879} INFO - 
================================================================================
DAG File Processing Stats

File Path                              PID  Runtime      # DAGs    # Errors  Last Runtime    Last Run
-----------------------------------  -----  ---------  --------  ----------  --------------  -------------------
/opt/airflow/dags/churn_pipeline.py   4330  7.49s             1           0  7.99s           2026-07-02T22:54:43
================================================================================
[2026-07-02T22:55:51.860+0000] {manager.py:879} INFO - 
================================================================================
DAG File Processing Stats

File Path                            PID    Runtime      # DAGs    # Errors  Last Runtime    Last Run
-----------------------------------  -----  ---------  --------  ----------  --------------  -------------------
/opt/airflow/dags/churn_pipeline.py                           1           0  9.93s           2026-07-02T22:55:24
================================================================================
[2026-07-02T22:55:54.884+0000] {manager.py:738} INFO - Searching for files in /opt/airflow/dags
[2026-07-02T22:55:54.917+0000] {manager.py:741} INFO - There are 1 files in /opt/airflow/dags
[2026-07-02T22:56:21.939+0000] {manager.py:879} INFO - 
================================================================================
DAG File Processing Stats

File Path                            PID    Runtime      # DAGs    # Errors  Last Runtime    Last Run
-----------------------------------  -----  ---------  --------  ----------  --------------  -------------------
/opt/airflow/dags/churn_pipeline.py                           1           0  5.48s           2026-07-02T22:55:59
================================================================================
[2026-07-02T22:56:52.096+0000] {manager.py:879} INFO - 
================================================================================
DAG File Processing Stats

File Path                            PID    Runtime      # DAGs    # Errors  Last Runtime    Last Run
-----------------------------------  -----  ---------  --------  ----------  --------------  -------------------
/opt/airflow/dags/churn_pipeline.py                           1           0  3.46s           2026-07-02T22:56:33
================================================================================
[2026-07-02T22:57:22.862+0000] {manager.py:879} INFO - 
================================================================================
DAG File Processing Stats

File Path                            PID    Runtime      # DAGs    # Errors  Last Runtime    Last Run
-----------------------------------  -----  ---------  --------  ----------  --------------  -------------------
/opt/airflow/dags/churn_pipeline.py                           1           0  18.34s          2026-07-02T22:57:22
================================================================================
[2026-07-02T22:57:53.798+0000] {manager.py:879} INFO - 
================================================================================
DAG File Processing Stats

File Path                              PID  Runtime      # DAGs    # Errors  Last Runtime    Last Run
-----------------------------------  -----  ---------  --------  ----------  --------------  -------------------
/opt/airflow/dags/churn_pipeline.py   4497  12.47s            1           0  18.34s          2026-07-02T22:57:22
================================================================================
[2026-07-02T22:58:23.991+0000] {manager.py:879} INFO - 
================================================================================
DAG File Processing Stats

File Path                            PID    Runtime      # DAGs    # Errors  Last Runtime    Last Run
-----------------------------------  -----  ---------  --------  ----------  --------------  -------------------
/opt/airflow/dags/churn_pipeline.py                           1           0  17.29s          2026-07-02T22:57:58
================================================================================
[2026-07-02T22:58:54.150+0000] {manager.py:879} INFO - 
================================================================================
DAG File Processing Stats

File Path                            PID    Runtime      # DAGs    # Errors  Last Runtime    Last Run
-----------------------------------  -----  ---------  --------  ----------  --------------  -------------------
/opt/airflow/dags/churn_pipeline.py                           1           0  8.38s           2026-07-02T22:58:37
================================================================================
[2026-07-02T22:59:24.317+0000] {manager.py:879} INFO - 
================================================================================
DAG File Processing Stats

File Path                            PID    Runtime      # DAGs    # Errors  Last Runtime    Last Run
-----------------------------------  -----  ---------  --------  ----------  --------------  -------------------
/opt/airflow/dags/churn_pipeline.py                           1           0  4.82s           2026-07-02T22:59:12
================================================================================
[2026-07-02T22:59:54.536+0000] {manager.py:879} INFO - 
================================================================================
DAG File Processing Stats

File Path                            PID    Runtime      # DAGs    # Errors  Last Runtime    Last Run
-----------------------------------  -----  ---------  --------  ----------  --------------  -------------------
/opt/airflow/dags/churn_pipeline.py                           1           0  11.12s          2026-07-02T22:59:53
================================================================================
[2026-07-02T23:00:24.763+0000] {manager.py:879} INFO - 
================================================================================
DAG File Processing Stats

File Path                              PID  Runtime      # DAGs    # Errors  Last Runtime    Last Run
-----------------------------------  -----  ---------  --------  ----------  --------------  -------------------
/opt/airflow/dags/churn_pipeline.py   4645  1.02s             1           0  11.12s          2026-07-02T22:59:53
================================================================================
[2026-07-02T23:00:54.941+0000] {manager.py:738} INFO - Searching for files in /opt/airflow/dags
[2026-07-02T23:00:54.980+0000] {manager.py:741} INFO - There are 1 files in /opt/airflow/dags
[2026-07-02T23:00:55.009+0000] {manager.py:879} INFO - 
================================================================================
DAG File Processing Stats

File Path                            PID    Runtime      # DAGs    # Errors  Last Runtime    Last Run
-----------------------------------  -----  ---------  --------  ----------  --------------  -------------------
/opt/airflow/dags/churn_pipeline.py                           1           0  5.38s           2026-07-02T23:00:29
================================================================================
[2026-07-02T23:01:25.016+0000] {manager.py:879} INFO - 
================================================================================
DAG File Processing Stats

File Path                            PID    Runtime      # DAGs    # Errors  Last Runtime    Last Run
-----------------------------------  -----  ---------  --------  ----------  --------------  -------------------
/opt/airflow/dags/churn_pipeline.py                           1           0  3.63s           2026-07-02T23:01:02
================================================================================
[2026-07-02T23:01:55.079+0000] {manager.py:879} INFO - 
================================================================================
DAG File Processing Stats

File Path                            PID    Runtime      # DAGs    # Errors  Last Runtime    Last Run
-----------------------------------  -----  ---------  --------  ----------  --------------  -------------------
/opt/airflow/dags/churn_pipeline.py                           1           0  3.93s           2026-07-02T23:01:36
================================================================================
[2026-07-02T23:02:25.246+0000] {manager.py:879} INFO - 
================================================================================
DAG File Processing Stats

File Path                            PID    Runtime      # DAGs    # Errors  Last Runtime    Last Run
-----------------------------------  -----  ---------  --------  ----------  --------------  -------------------
/opt/airflow/dags/churn_pipeline.py                           1           0  3.39s           2026-07-02T23:02:10
================================================================================
[2026-07-02T23:02:55.766+0000] {manager.py:879} INFO - 
================================================================================
DAG File Processing Stats

File Path                            PID    Runtime      # DAGs    # Errors  Last Runtime    Last Run
-----------------------------------  -----  ---------  --------  ----------  --------------  -------------------
/opt/airflow/dags/churn_pipeline.py                           1           0  3.24s           2026-07-02T23:02:43
================================================================================
[2026-07-02T23:03:26.151+0000] {manager.py:879} INFO - 
================================================================================
DAG File Processing Stats

File Path                            PID    Runtime      # DAGs    # Errors  Last Runtime    Last Run
-----------------------------------  -----  ---------  --------  ----------  --------------  -------------------
/opt/airflow/dags/churn_pipeline.py                           1           0  3.35s           2026-07-02T23:03:17
================================================================================
[2026-07-02T23:03:56.636+0000] {manager.py:879} INFO - 
================================================================================
DAG File Processing Stats

File Path                            PID    Runtime      # DAGs    # Errors  Last Runtime    Last Run
-----------------------------------  -----  ---------  --------  ----------  --------------  -------------------
/opt/airflow/dags/churn_pipeline.py                           1           0  3.48s           2026-07-02T23:03:51
================================================================================
[2026-07-02T23:04:27.291+0000] {manager.py:879} INFO - 
================================================================================
DAG File Processing Stats

File Path                            PID    Runtime      # DAGs    # Errors  Last Runtime    Last Run
-----------------------------------  -----  ---------  --------  ----------  --------------  -------------------
/opt/airflow/dags/churn_pipeline.py                           1           0  5.20s           2026-07-02T23:04:26
================================================================================
[2026-07-02T23:04:57.489+0000] {manager.py:879} INFO - 
================================================================================
DAG File Processing Stats

File Path                              PID  Runtime      # DAGs    # Errors  Last Runtime    Last Run
-----------------------------------  -----  ---------  --------  ----------  --------------  -------------------
/opt/airflow/dags/churn_pipeline.py   4749  1.02s             1           0  5.20s           2026-07-02T23:04:26
================================================================================
[2026-07-02T23:05:27.702+0000] {manager.py:879} INFO - 
================================================================================
DAG File Processing Stats

File Path                            PID    Runtime      # DAGs    # Errors  Last Runtime    Last Run
-----------------------------------  -----  ---------  --------  ----------  --------------  -------------------
/opt/airflow/dags/churn_pipeline.py                           1           0  9.07s           2026-07-02T23:05:05
================================================================================
[2026-07-02T23:05:55.013+0000] {manager.py:738} INFO - Searching for files in /opt/airflow/dags
[2026-07-02T23:05:55.114+0000] {manager.py:741} INFO - There are 1 files in /opt/airflow/dags
[2026-07-02T23:05:58.158+0000] {manager.py:879} INFO - 
================================================================================
DAG File Processing Stats

File Path                            PID    Runtime      # DAGs    # Errors  Last Runtime    Last Run
-----------------------------------  -----  ---------  --------  ----------  --------------  -------------------
/opt/airflow/dags/churn_pipeline.py                           1           0  8.17s           2026-07-02T23:05:44
================================================================================
