[2026-07-02T22:43:26.440+0000] {taskinstance.py:1956} INFO - Dependencies all met for dep_context=non-requeueable deps ti=<TaskInstance: churn_pipeline.retrain_and_predict_model scheduled__2026-07-02T22:39:00+00:00 [queued]>
[2026-07-02T22:43:26.449+0000] {taskinstance.py:1956} INFO - Dependencies all met for dep_context=requeueable deps ti=<TaskInstance: churn_pipeline.retrain_and_predict_model scheduled__2026-07-02T22:39:00+00:00 [queued]>
[2026-07-02T22:43:26.450+0000] {taskinstance.py:2170} INFO - Starting attempt 1 of 2
[2026-07-02T22:43:26.463+0000] {taskinstance.py:2191} INFO - Executing <Task(_PythonDecoratedOperator): retrain_and_predict_model> on 2026-07-02 22:39:00+00:00
[2026-07-02T22:43:26.481+0000] {standard_task_runner.py:60} INFO - Started process 3108 to run task
[2026-07-02T22:43:26.485+0000] {standard_task_runner.py:87} INFO - Running: ['airflow', 'tasks', 'run', 'churn_pipeline', 'retrain_and_predict_model', 'scheduled__2026-07-02T22:39:00+00:00', '--job-id', '70', '--raw', '--subdir', 'DAGS_FOLDER/churn_pipeline.py', '--cfg-path', '/tmp/tmpvksygt7p']
[2026-07-02T22:43:26.488+0000] {standard_task_runner.py:88} INFO - Job 70: Subtask retrain_and_predict_model
[2026-07-02T22:43:26.577+0000] {task_command.py:423} INFO - Running <TaskInstance: churn_pipeline.retrain_and_predict_model scheduled__2026-07-02T22:39:00+00:00 [running]> on host 6a33991eab85
[2026-07-02T22:43:26.688+0000] {taskinstance.py:2480} INFO - Exporting env vars: AIRFLOW_CTX_DAG_OWNER='airflow' AIRFLOW_CTX_DAG_ID='churn_pipeline' AIRFLOW_CTX_TASK_ID='retrain_and_predict_model' AIRFLOW_CTX_EXECUTION_DATE='2026-07-02T22:39:00+00:00' AIRFLOW_CTX_TRY_NUMBER='1' AIRFLOW_CTX_DAG_RUN_ID='scheduled__2026-07-02T22:39:00+00:00'
[2026-07-02T22:43:28.416+0000] {logging_mixin.py:188} WARNING - Downloading artifacts:   0%|          | 0/5 [00:00<?, ?it/s]
[2026-07-02T22:43:28.660+0000] {logging_mixin.py:188} WARNING - Downloading artifacts:  20%|##        | 1/5 [00:00<00:00,  4.13it/s]
[2026-07-02T22:43:28.663+0000] {logging_mixin.py:188} WARNING - Downloading artifacts:  20%|##        | 1/5 [00:00<00:00,  4.13it/s]
[2026-07-02T22:43:29.096+0000] {logging_mixin.py:188} WARNING - Downloading artifacts:  40%|####      | 2/5 [00:00<00:01,  2.81it/s]
[2026-07-02T22:43:29.097+0000] {logging_mixin.py:188} WARNING - Downloading artifacts:  40%|####      | 2/5 [00:00<00:01,  2.81it/s]
[2026-07-02T22:43:29.128+0000] {logging_mixin.py:188} WARNING - Downloading artifacts:  60%|######    | 3/5 [00:00<00:00,  2.81it/s]
[2026-07-02T22:43:29.207+0000] {logging_mixin.py:188} WARNING - Downloading artifacts:  80%|########  | 4/5 [00:00<00:00,  5.96it/s]
[2026-07-02T22:43:29.208+0000] {logging_mixin.py:188} WARNING - Downloading artifacts:  80%|########  | 4/5 [00:00<00:00,  5.96it/s]
[2026-07-02T22:43:29.334+0000] {logging_mixin.py:188} WARNING - Downloading artifacts: 100%|##########| 5/5 [00:00<00:00,  6.45it/s]
[2026-07-02T22:43:29.335+0000] {logging_mixin.py:188} WARNING - Downloading artifacts: 100%|##########| 5/5 [00:00<00:00,  6.45it/s]
[2026-07-02T22:43:29.336+0000] {logging_mixin.py:188} WARNING - Downloading artifacts: 100%|##########| 5/5 [00:00<00:00,  5.44it/s]
[2026-07-02T22:43:29.731+0000] {logging_mixin.py:188} WARNING - 2026/07/02 22:43:29 WARNING mlflow.utils.git_utils: Failed to import Git (the Git executable is probably not on your PATH), so Git SHA is not available. Error: Failed to initialize: Bad git executable.
The git executable must be specified in one of the following ways:
    - be included in your $PATH
    - be set via $GIT_PYTHON_GIT_EXECUTABLE
    - explicitly set via git.refresh(<full-path-to-git-executable>)

All git commands will error until this is rectified.

This initial message can be silenced or aggravated in the future by setting the
$GIT_PYTHON_REFRESH environment variable. Use one of the following values:
    - quiet|q|silence|s|silent|none|n|0: for no message or exception
    - warn|w|warning|log|l|1: for a warning message (logging level CRITICAL, displayed by default)
    - error|e|exception|raise|r|2: for a raised exception

Example:
    export GIT_PYTHON_REFRESH=quiet
[2026-07-02T22:43:31.648+0000] {logging_mixin.py:188} WARNING - /home/airflow/.local/lib/python3.8/site-packages/xgboost/core.py:158 UserWarning: [22:43:31] WARNING: /workspace/src/c_api/c_api.cc:1374: Saving model in the UBJSON format as default.  You can use file extension: `json`, `ubj` or `deprecated` to choose between formats.
[2026-07-02T22:43:42.653+0000] {logging_mixin.py:188} WARNING - 2026/07/02 22:43:42 WARNING mlflow.models.model: Model logged without a signature and input ***. Please set `input_***` parameter when logging the model to auto infer the model signature.
[2026-07-02T22:43:45.197+0000] {logging_mixin.py:188} WARNING - 2026/07/02 22:43:45 INFO mlflow.tracking._tracking_service.client: 🏃 View run unruly-frog-794 at: https://dagshub.com/Spengian/churn---prediction.mlflow/#/experiments/0/runs/1a956cade78941b29a8795946ab47a93.
[2026-07-02T22:43:45.198+0000] {logging_mixin.py:188} WARNING - 2026/07/02 22:43:45 INFO mlflow.tracking._tracking_service.client: 🧪 View experiment at: https://dagshub.com/Spengian/churn---prediction.mlflow/#/experiments/0.
[2026-07-02T22:43:45.504+0000] {python.py:201} INFO - Done. Returned value was: None
[2026-07-02T22:43:45.647+0000] {taskinstance.py:1138} INFO - Marking task as SUCCESS. dag_id=churn_pipeline, task_id=retrain_and_predict_model, execution_date=20260702T223900, start_date=20260702T224326, end_date=20260702T224345
[2026-07-02T22:43:46.182+0000] {local_task_job_runner.py:234} INFO - Task exited with return code 0
[2026-07-02T22:43:46.254+0000] {taskinstance.py:3280} INFO - 1 downstream tasks scheduled from follow-on schedule check
