[2026-07-02T22:53:24.980+0000] {taskinstance.py:1956} INFO - Dependencies all met for dep_context=non-requeueable deps ti=<TaskInstance: churn_pipeline.retrain_and_predict_model manual__2026-07-02T22:51:43.257754+00:00 [queued]>
[2026-07-02T22:53:25.000+0000] {taskinstance.py:1956} INFO - Dependencies all met for dep_context=requeueable deps ti=<TaskInstance: churn_pipeline.retrain_and_predict_model manual__2026-07-02T22:51:43.257754+00:00 [queued]>
[2026-07-02T22:53:25.002+0000] {taskinstance.py:2170} INFO - Starting attempt 1 of 2
[2026-07-02T22:53:25.024+0000] {taskinstance.py:2191} INFO - Executing <Task(_PythonDecoratedOperator): retrain_and_predict_model> on 2026-07-02 22:51:43.257754+00:00
[2026-07-02T22:53:25.046+0000] {standard_task_runner.py:60} INFO - Started process 4104 to run task
[2026-07-02T22:53:25.051+0000] {standard_task_runner.py:87} INFO - Running: ['airflow', 'tasks', 'run', 'churn_pipeline', 'retrain_and_predict_model', 'manual__2026-07-02T22:51:43.257754+00:00', '--job-id', '91', '--raw', '--subdir', 'DAGS_FOLDER/churn_pipeline.py', '--cfg-path', '/tmp/tmp069jxlwz']
[2026-07-02T22:53:25.055+0000] {standard_task_runner.py:88} INFO - Job 91: Subtask retrain_and_predict_model
[2026-07-02T22:53:25.164+0000] {task_command.py:423} INFO - Running <TaskInstance: churn_pipeline.retrain_and_predict_model manual__2026-07-02T22:51:43.257754+00:00 [running]> on host 6a33991eab85
[2026-07-02T22:53:25.322+0000] {taskinstance.py:2480} INFO - Exporting env vars: AIRFLOW_CTX_DAG_OWNER='airflow' AIRFLOW_CTX_DAG_ID='churn_pipeline' AIRFLOW_CTX_TASK_ID='retrain_and_predict_model' AIRFLOW_CTX_EXECUTION_DATE='2026-07-02T22:51:43.257754+00:00' AIRFLOW_CTX_TRY_NUMBER='1' AIRFLOW_CTX_DAG_RUN_ID='manual__2026-07-02T22:51:43.257754+00:00'
[2026-07-02T22:53:27.006+0000] {logging_mixin.py:188} WARNING - Downloading artifacts:   0%|          | 0/5 [00:00<?, ?it/s]
[2026-07-02T22:53:27.309+0000] {logging_mixin.py:188} WARNING - Downloading artifacts:  20%|##        | 1/5 [00:00<00:01,  3.31it/s]
[2026-07-02T22:53:27.311+0000] {logging_mixin.py:188} WARNING - Downloading artifacts:  20%|##        | 1/5 [00:00<00:01,  3.31it/s]
[2026-07-02T22:53:27.676+0000] {logging_mixin.py:188} WARNING - Downloading artifacts:  40%|####      | 2/5 [00:00<00:01,  2.94it/s]
[2026-07-02T22:53:27.677+0000] {logging_mixin.py:188} WARNING - Downloading artifacts:  40%|####      | 2/5 [00:00<00:01,  2.94it/s]
[2026-07-02T22:53:27.679+0000] {logging_mixin.py:188} WARNING - Downloading artifacts:  60%|######    | 3/5 [00:00<00:00,  2.94it/s]
[2026-07-02T22:53:27.734+0000] {logging_mixin.py:188} WARNING - Downloading artifacts:  80%|########  | 4/5 [00:00<00:00,  2.94it/s]
[2026-07-02T22:53:28.003+0000] {logging_mixin.py:188} WARNING - Downloading artifacts: 100%|##########| 5/5 [00:00<00:00,  5.73it/s]
[2026-07-02T22:53:28.004+0000] {logging_mixin.py:188} WARNING - Downloading artifacts: 100%|##########| 5/5 [00:00<00:00,  5.73it/s]
[2026-07-02T22:53:28.004+0000] {logging_mixin.py:188} WARNING - Downloading artifacts: 100%|##########| 5/5 [00:00<00:00,  5.01it/s]
[2026-07-02T22:53:28.354+0000] {logging_mixin.py:188} WARNING - 2026/07/02 22:53:28 WARNING mlflow.utils.git_utils: Failed to import Git (the Git executable is probably not on your PATH), so Git SHA is not available. Error: Failed to initialize: Bad git executable.
The git executable must be specified in one of the following ways:
    - be included in your $PATH
    - be set via $GIT_PYTHON_GIT_EXECUTABLE
    - explicitly set via git.refresh(<full-path-to-git-executable>)

All git commands will error until this is rectified.

This initial message can be silenced or aggravated in the future by setting the
$GIT_PYTHON_REFRESH environment variable. Use one of the following values:
    - quiet|q|silence|s|silent|none|n|0: for no message or exception
    - warn|w|warning|log|l|1: for a warning message (logging level CRITICAL, displayed by default)
    - error|e|exception|raise|r|2: for a raised exception

Example:
    export GIT_PYTHON_REFRESH=quiet
[2026-07-02T22:53:30.152+0000] {logging_mixin.py:188} WARNING - 2026/07/02 22:53:30 INFO mlflow.tracking._tracking_service.client: 🏃 View run blushing-owl-922 at: https://dagshub.com/Spengian/churn---prediction.mlflow/#/experiments/0/runs/53bfa23a07494b3d82f42b0f489be084.
[2026-07-02T22:53:30.154+0000] {logging_mixin.py:188} WARNING - 2026/07/02 22:53:30 INFO mlflow.tracking._tracking_service.client: 🧪 View experiment at: https://dagshub.com/Spengian/churn---prediction.mlflow/#/experiments/0.
[2026-07-02T22:53:30.400+0000] {taskinstance.py:2698} ERROR - Task failed with exception
Traceback (most recent call last):
  File "/home/airflow/.local/lib/python3.8/site-packages/airflow/models/taskinstance.py", line 433, in _execute_task
    result = execute_callable(context=context, **execute_callable_kwargs)
  File "/home/airflow/.local/lib/python3.8/site-packages/airflow/decorators/base.py", line 241, in execute
    return_value = super().execute(context)
  File "/home/airflow/.local/lib/python3.8/site-packages/airflow/operators/python.py", line 199, in execute
    return_value = self.execute_callable()
  File "/home/airflow/.local/lib/python3.8/site-packages/airflow/operators/python.py", line 216, in execute_callable
    return self.python_callable(*self.op_args, **self.op_kwargs)
  File "/opt/airflow/dags/churn_pipeline.py", line 83, in retrain_and_predict_model
    train_logloss = results['validation_0']['logloss']  # train
UnboundLocalError: local variable 'results' referenced before assignment
[2026-07-02T22:53:30.436+0000] {taskinstance.py:1138} INFO - Marking task as UP_FOR_RETRY. dag_id=churn_pipeline, task_id=retrain_and_predict_model, execution_date=20260702T225143, start_date=20260702T225324, end_date=20260702T225330
[2026-07-02T22:53:30.469+0000] {standard_task_runner.py:107} ERROR - Failed to execute job 91 for task retrain_and_predict_model (local variable 'results' referenced before assignment; 4104)
[2026-07-02T22:53:30.529+0000] {local_task_job_runner.py:234} INFO - Task exited with return code 1
[2026-07-02T22:53:30.561+0000] {taskinstance.py:3280} INFO - 0 downstream tasks scheduled from follow-on schedule check
